
     Program PWSCF     v.3.1    starts ...
     Today is 12Apr2006 at  0:46: 4 

     Ultrasoft (Vanderbilt) Pseudopotentials

     Current dimensions of program pwscf are:

     ntypx = 10   npk = 40000  lmax =  3
     nchix =  6  ndmx =  2000  nbrx = 14  nqfx =  8


     bravais-lattice index     =            8
     lattice parameter (a_0)   =      20.0000  a.u.
     unit-cell volume          =    1889.7280 (a.u.)^3
     number of atoms/cell      =            1
     number of atomic types    =            1
     kinetic-energy cutoff     =      20.0000  Ry
     charge density cutoff     =     200.0000  Ry
     convergence threshold     =      1.0E-08
     beta                      =       0.3000
     number of iterations used =            8  plain     mixing
     Exchange-correlation      =  SLA  PZ   NOGX NOGC (1100)
     celldm(1)=  20.000000  celldm(2)=   1.000000  celldm(3)=   0.236216
     celldm(4)=   0.000000  celldm(5)=   0.000000  celldm(6)=   0.000000

     crystal axes: (cart. coord. in units of a_0)
               a(1) = (  1.000000  0.000000  0.000000 )  
               a(2) = (  0.000000  1.000000  0.000000 )  
               a(3) = (  0.000000  0.000000  0.236216 )  

     reciprocal axes: (cart. coord. in units 2 pi/a_0)
               b(1) = (  1.000000  0.000000  0.000000 )  
               b(2) = (  0.000000  1.000000  0.000000 )  
               b(3) = (  0.000000  0.000000  4.233413 )  


     PSEUDO 1 is Ni (US)    zval = 10.0   lmax= 2   lloc= 0
     Version   0  0  0 of US pseudo code
     Using log mesh of  1203 points
     The pseudopotential has  6 beta functions with: 
                l(1) =   0
                l(2) =   0
                l(3) =   1
                l(4) =   1
                l(5) =   2
                l(6) =   2
     Q(r) pseudized with  0 coefficients,  rinner =    0.000   0.000   0.000
                                                       0.000   0.000

     atomic species   valence    mass     pseudopotential
        Ni            10.00    58.69000     Ni( 1.00)

     Starting magnetic structure 
     atomic species   magnetization
        Ni           0.500

     16 Sym.Ops. (with inversion)


   Cartesian axes

     site n.     atom                  positions (a_0 units)
         1           Ni  tau(  1) = (   0.0000000   0.0000000   0.1181080  )

     number of k points=    8  gaussian broad. (ryd)=  0.0100     ngauss =   0
                       cart. coord. in units 2pi/a_0
        k(    1) = (   0.0000000   0.0000000   0.0000000), wk =   0.2500000
        k(    2) = (   0.0000000   0.0000000   1.0583534), wk =   0.2500000
        k(    3) = (   0.0000000   0.0000000   2.1167067), wk =   0.2500000
        k(    4) = (   0.0000000   0.0000000   3.1750601), wk =   0.2500000
        k(    5) = (   0.0000000   0.0000000   0.0000000), wk =   0.2500000
        k(    6) = (   0.0000000   0.0000000   1.0583534), wk =   0.2500000
        k(    7) = (   0.0000000   0.0000000   2.1167067), wk =   0.2500000
        k(    8) = (   0.0000000   0.0000000   3.1750601), wk =   0.2500000

     G cutoff = 2026.4237  (  90341 G-vectors)     FFT grid: ( 96, 96, 24)
     G cutoff =  810.5695  (  22821 G-vectors)  smooth grid: ( 60, 60, 15)

     nbndx  =    40  nbnd   =    10  natomwfc =     6  npwx   =    2911
     nelec  =  10.00  nkb   =    18  ngl    =    4885

     Check: negative/imaginary core charge=   -0.000038    0.000000

     The potential is recalculated from file:
     nichain.save/charge-density.xml

     negative rho (up, down):  0.342E-02 0.227E-02
     Starting wfc are atomic +   4 random wfc

     total cpu time spent up to now is     15.82 secs

     Band Structure Calculation
     Davidson diagonalization with overlap
     WARNING:     1 eigenvalues not converged
     WARNING:     1 eigenvalues not converged
     WARNING:     3 eigenvalues not converged
     WARNING:     1 eigenvalues not converged
     WARNING:     1 eigenvalues not converged
     WARNING:     1 eigenvalues not converged
     WARNING:     1 eigenvalues not converged
     WARNING:     3 eigenvalues not converged
     WARNING:     1 eigenvalues not converged
     WARNING:     1 eigenvalues not converged
     WARNING:     1 eigenvalues not converged
     WARNING:     1 eigenvalues not converged
     ethr =  1.00E-10,  avg # of iterations = 37.8

     total cpu time spent up to now is     24.08 secs

     End of band structure calculation

 ------ SPIN UP ------------


          k = 0.0000 0.0000 0.0000     band energies (ev):

    -7.6053  -5.5725  -5.4967  -5.4965  -5.0778  -5.0778  -1.6332  -1.6332
    -0.2456   0.7141

          k = 0.0000 0.0000 1.0584     band energies (ev):

    -6.0847  -5.7770  -5.7770  -5.3620  -5.3618  -4.8020   0.1640   0.1640
     1.2385   2.2071

          k = 0.0000 0.0000 2.1167     band energies (ev):

    -6.2926  -6.2926  -5.2281  -5.2279  -5.0694  -1.0007   0.9109   4.0446
     4.0446   5.6332

          k = 0.0000 0.0000 3.1751     band energies (ev):

    -6.0847  -5.7770  -5.7770  -5.3620  -5.3618  -4.8020   0.1640   0.1640
     1.2385   2.2071

 ------ SPIN DOWN ----------


          k = 0.0000 0.0000 0.0000     band energies (ev):

    -7.1443  -4.9596  -4.5471  -4.5471  -3.9399  -3.9399  -1.5893  -1.5893
    -0.2368   0.7176

          k = 0.0000 0.0000 1.0584     band energies (ev):

    -5.3712  -4.7583  -4.7583  -4.3989  -4.3882  -4.3882   0.2683   0.2683
     1.2437   2.2077

          k = 0.0000 0.0000 2.1167     band energies (ev):

    -5.3096  -5.3096  -4.2308  -4.2308  -4.0693  -0.9448   1.2539   4.1424
     4.1424   5.6667

          k = 0.0000 0.0000 3.1751     band energies (ev):

    -5.3712  -4.7583  -4.7583  -4.3989  -4.3882  -4.3882   0.2683   0.2683
     1.2437   2.2077

     the Fermi energy is    -4.3188 ev

     Writing output data file nichain.save
 
     PWSCF        :    30.26s CPU time

     init_run     :    15.71s CPU
     electrons    :     8.26s CPU
 
     electrons    :     8.26s CPU
     c_bands      :     8.26s CPU
     sum_band     :     2.70s CPU
     v_of_rho     :     0.23s CPU
     newd         :     1.81s CPU
 
     c_bands      :     8.26s CPU
     init_us_2    :     0.06s CPU (      24 calls,   0.002 s avg)
     cegterg      :     8.21s CPU (      20 calls,   0.410 s avg)
 
     sum_band     :     2.70s CPU
     becsum       :     0.00s CPU (       8 calls,   0.000 s avg)
     addusdens    :     2.21s CPU
 
     wfcrot       :     0.36s CPU (       8 calls,   0.045 s avg)
     cegterg      :     8.21s CPU (      20 calls,   0.410 s avg)
     h_psi        :     6.02s CPU (     330 calls,   0.018 s avg)
     g_psi        :     0.05s CPU (     302 calls,   0.000 s avg)
     overlap      :     0.77s CPU (     302 calls,   0.003 s avg)
     cdiaghg      :     0.50s CPU (     310 calls,   0.002 s avg)
     update       :     0.55s CPU (     302 calls,   0.002 s avg)
     last         :     0.28s CPU (      45 calls,   0.006 s avg)
 
     h_psi        :     6.02s CPU (     330 calls,   0.018 s avg)
     init         :     0.06s CPU (     330 calls,   0.000 s avg)
     firstfft     :     2.29s CPU (    1450 calls,   0.002 s avg)
     secondfft    :     2.31s CPU (    1450 calls,   0.002 s avg)
     add_vuspsi   :     0.24s CPU (     330 calls,   0.001 s avg)
     s_psi        :     0.22s CPU (     330 calls,   0.001 s avg)
 
     General routines
     ccalbec      :     0.36s CPU (     338 calls,   0.001 s avg)
     cft3         :     0.26s CPU (      12 calls,   0.022 s avg)
     cft3s        :     4.36s CPU (    2984 calls,   0.001 s avg)
     interpolate  :     0.11s CPU (       4 calls,   0.028 s avg)
     davcio       :     0.02s CPU (      44 calls,   0.000 s avg)
 
