  ======================================================================
              =                                            =
              =     *** WanT *** Wannier Transport Code    =
              =        (www.wannier-transport.org)         =
              =      Ultra Soft Pseudopotential Implem.    =
              =                                            =
  ======================================================================


  Program <plot>  v. 2.0.0  starts ...
  Date 14Oct2005 at 13:36:52 

  Arch. / Op.Sys: LINUX
        Compiler: INTEL


  PW-DFT data read from file: nichain.export/index.xml
  Subspace data read from file: nichain_WanT_DW.space
  Wannier data read from file: nichain_WanT_DW.wan


  ======================================================================
  =                              DFT data                              =
  ======================================================================

<LATTICE>
  Alat  =      20.0000000 (Bohr)
  Alat  =      10.5835400 (Ang )
  Omega =    1889.7280000 (Bohr^3)
  Omega =     280.0284636 (Ang^3 )

  Crystal axes:
                in units of Bohr                 in Alat units
    a(1) = ( 20.0000  0.0000  0.0000 )     (   1.0000  0.0000  0.0000 )
    a(2) = (  0.0000 20.0000  0.0000 )     (   0.0000  1.0000  0.0000 )
    a(3) = (  0.0000  0.0000  4.7243 )     (   0.0000  0.0000  0.2362 )
  Crystal axes: (Ang)
    a(1) = ( 10.5835  0.0000  0.0000 )
    a(2) = (  0.0000 10.5835  0.0000 )
    a(3) = (  0.0000  0.0000  2.5000 )

   Reciprocal lattice vectors:
                in units of Bohr^-1              in 2Pi/Alat units
    b(1) = (  0.3142  0.0000  0.0000 )     (   1.0000  0.0000  0.0000 )
    b(2) = (  0.0000  0.3142  0.0000 )     (   0.0000  1.0000  0.0000 )
    b(3) = (  0.0000  0.0000  1.3300 )     (   0.0000  0.0000  4.2334 )
</LATTICE>

<K-POINTS>
  nkpts =    4
  Monkhorst-Pack grid:      nk = (  1  1  4 ),      shift = (  0  0  0 )
  K-point calculation: (cart. coord. in Bohr^-1)
    k point   1:   (   0.00000  0.00000  0.00000 ),   weight =   0.2500
    k point   2:   (   0.00000  0.00000  0.33249 ),   weight =   0.2500
    k point   3:   (   0.00000  0.00000  0.66498 ),   weight =   0.2500
    k point   4:   (   0.00000  0.00000  0.99747 ),   weight =   0.2500
</K-POINTS>


  WARNING: USPP not fully implemented


  Reading density G-grid from file: nichain.export/index.xml
  Reading Wfc grids from file: nichain.export/index.xml


          Energy cut-off for wfcs =         20.00 (Ry)
                         for rho  =        200.00 (Ry)
      Total number of PW for rho  =      90341
        Max number of PW for wfc  =       2912
      Total number of PW for wfcs =       5118
        FFT grid components (rho) =  (    96   96   24 )


  ======================================================================
  =                     Wannier function plotting                      =
  ======================================================================


  nplot =   6 Wannier func.s to be plotted
     wf (  1 ) =    1
     wf (  2 ) =    2
     wf (  3 ) =    3
     wf (  4 ) =    4
     wf (  5 ) =    5
     wf (  6 ) =    6

  Data type  :   modulus
  Output fmt :   plt

  Plotting Cell dimensions [cryst. coord]:
       r1 :   -0.5000 -->   0.5000
       r2 :   -0.5000 -->   0.5000
       r3 :   -1.0000 -->   1.0000

  Grid dimensions:
      nrx :       -48 -->       48
      nry :       -48 -->       48
      nrz :       -24 -->       24


  Centers for the required Wannier functions:

        in cartesian coord (Bohr)
    Wf(   1 ) = (     0.000167    -0.000290     0.000018 )
    Wf(   2 ) = (     0.000005    -0.000010     2.362160 )
    Wf(   3 ) = (     0.000000     0.000057     2.362160 )
    Wf(   4 ) = (     0.000035    -0.000054     2.362156 )
    Wf(   5 ) = (    -0.000032     0.000000     2.362160 )
    Wf(   6 ) = (     0.000008    -0.000010     2.362160 )
        in crystal coord
    Wf(   1 ) = (     0.000008    -0.000014     0.000004 )
    Wf(   2 ) = (     0.000000     0.000000     0.500000 )
    Wf(   3 ) = (     0.000000     0.000003     0.500000 )
    Wf(   4 ) = (     0.000002    -0.000003     0.499999 )
    Wf(   5 ) = (    -0.000002     0.000000     0.500000 )
    Wf(   6 ) = (     0.000000     0.000000     0.500000 )

  Locating WFs: 
  Plotting Cell dimensions [cryst. coord]:
       r1 :   -0.5000 -->   0.5000
       r2 :   -0.5000 -->   0.5000
       r3 :   -0.5000 -->   0.5000

  New center positions [cryst. coord]:
        in crystal coord
    Wf(   1 ) = (     0.000008    -0.000014     0.000004 )
    Wf(   2 ) = (     0.000000     0.000000     0.500000 )
    Wf(   3 ) = (     0.000000     0.000003    -0.500000 )
    Wf(   4 ) = (     0.000002    -0.000003     0.499999 )
    Wf(   5 ) = (    -0.000002     0.000000     0.500000 )
    Wf(   6 ) = (     0.000000     0.000000     0.500000 )


  Atoms in the selected cell: (cart. coord. in Bohr)
     Ni   tau(   1 ) = (   0.0000000   0.0000000  -2.3621600 )
     Ni   tau(   2 ) = (   0.0000000   0.0000000   2.3621600 )


    Wfc Fourier Transf. for k-point   1
                              Total time spent up to now :     1.87 secs

    Wfc Fourier Transf. for k-point   2
                              Total time spent up to now :     2.91 secs

    Wfc Fourier Transf. for k-point   3
                              Total time spent up to now :     4.00 secs

    Wfc Fourier Transf. for k-point   4
                              Total time spent up to now :     5.08 secs


  writing WF(  1) plot on file: .//nichain_WanT_DW_WFM001.cube
                  atomic positions on file: .//nichain_WanT_DW_WFM001.xyz
**********************************************************
gCube2Plt conversion  ( .cube --> .plt )                

Input file:      './/nichain_WanT_DW_WFM001.cube'
Output file (plot file):  './/nichain_WanT_DW_WFM001.plt'
Coordinate file (in CHARMM 'crd' format): './/nichain_WanT_DW_WFM001.crd'

 WanT
 plot output - cube format
Number of atoms: 2, x-, y-, z-origin (in Angstrom): -5.291771,-5.291771,-2.500002
Min value: 0.000000
Max value: 0.000447
Job done ...
**********************************************************
  deleting tmp files: .//nichain_WanT_DW_WFM001.cube
                      .//nichain_WanT_DW_WFM001.crd


  writing WF(  2) plot on file: .//nichain_WanT_DW_WFM002.cube
                  atomic positions on file: .//nichain_WanT_DW_WFM002.xyz
**********************************************************
gCube2Plt conversion  ( .cube --> .plt )                

Input file:      './/nichain_WanT_DW_WFM002.cube'
Output file (plot file):  './/nichain_WanT_DW_WFM002.plt'
Coordinate file (in CHARMM 'crd' format): './/nichain_WanT_DW_WFM002.crd'

 WanT
 plot output - cube format
Number of atoms: 2, x-, y-, z-origin (in Angstrom): -5.291771,-5.291771,-2.500002
Min value: 0.000000
Max value: 0.000316
Job done ...
**********************************************************
  deleting tmp files: .//nichain_WanT_DW_WFM002.cube
                      .//nichain_WanT_DW_WFM002.crd


  writing WF(  3) plot on file: .//nichain_WanT_DW_WFM003.cube
                  atomic positions on file: .//nichain_WanT_DW_WFM003.xyz
**********************************************************
gCube2Plt conversion  ( .cube --> .plt )                

Input file:      './/nichain_WanT_DW_WFM003.cube'
Output file (plot file):  './/nichain_WanT_DW_WFM003.plt'
Coordinate file (in CHARMM 'crd' format): './/nichain_WanT_DW_WFM003.crd'

 WanT
 plot output - cube format
Number of atoms: 2, x-, y-, z-origin (in Angstrom): -5.291771,-5.291771,-2.500002
Min value: 0.000000
Max value: 0.000314
Job done ...
**********************************************************
  deleting tmp files: .//nichain_WanT_DW_WFM003.cube
                      .//nichain_WanT_DW_WFM003.crd


  writing WF(  4) plot on file: .//nichain_WanT_DW_WFM004.cube
                  atomic positions on file: .//nichain_WanT_DW_WFM004.xyz
**********************************************************
gCube2Plt conversion  ( .cube --> .plt )                

Input file:      './/nichain_WanT_DW_WFM004.cube'
Output file (plot file):  './/nichain_WanT_DW_WFM004.plt'
Coordinate file (in CHARMM 'crd' format): './/nichain_WanT_DW_WFM004.crd'

 WanT
 plot output - cube format
Number of atoms: 2, x-, y-, z-origin (in Angstrom): -5.291771,-5.291771,-2.500002
Min value: 0.000000
Max value: 0.000269
Job done ...
**********************************************************
  deleting tmp files: .//nichain_WanT_DW_WFM004.cube
                      .//nichain_WanT_DW_WFM004.crd


  writing WF(  5) plot on file: .//nichain_WanT_DW_WFM005.cube
                  atomic positions on file: .//nichain_WanT_DW_WFM005.xyz
**********************************************************
gCube2Plt conversion  ( .cube --> .plt )                

Input file:      './/nichain_WanT_DW_WFM005.cube'
Output file (plot file):  './/nichain_WanT_DW_WFM005.plt'
Coordinate file (in CHARMM 'crd' format): './/nichain_WanT_DW_WFM005.crd'

 WanT
 plot output - cube format
Number of atoms: 2, x-, y-, z-origin (in Angstrom): -5.291771,-5.291771,-2.500002
Min value: 0.000000
Max value: 0.000314
Job done ...
**********************************************************
  deleting tmp files: .//nichain_WanT_DW_WFM005.cube
                      .//nichain_WanT_DW_WFM005.crd


  writing WF(  6) plot on file: .//nichain_WanT_DW_WFM006.cube
                  atomic positions on file: .//nichain_WanT_DW_WFM006.xyz
**********************************************************
gCube2Plt conversion  ( .cube --> .plt )                

Input file:      './/nichain_WanT_DW_WFM006.cube'
Output file (plot file):  './/nichain_WanT_DW_WFM006.plt'
Coordinate file (in CHARMM 'crd' format): './/nichain_WanT_DW_WFM006.crd'

 WanT
 plot output - cube format
Number of atoms: 2, x-, y-, z-origin (in Angstrom): -5.291771,-5.291771,-2.500002
Min value: 0.000000
Max value: 0.000318
Job done ...
**********************************************************
  deleting tmp files: .//nichain_WanT_DW_WFM006.cube
                      .//nichain_WanT_DW_WFM006.crd



  ======================================================================

   <global routines>
             clock number :     6

                     plot :    16.00s CPU 
 
                want_init :     0.15s CPU
          ggrids_read_ext :     0.07s CPU
           wfc_data_kread :     0.02s CPU (       4 calls,   0.006 s avg)
                   cfft3d :     1.28s CPU (      24 calls,   0.053 s avg)
                 gcubeplt :     5.30s CPU (       6 calls,   0.884 s avg)


