
     Program POST-PROC v.3.2    starts ...
     Today is  2Nov2006 at 18:17:37 

     nbndx  =    10  nbnd   =    10  natomwfc =     6  npwx   =    2911
     nelec  =  10.00  nkb   =    18  ngl    =    4885

     Check: negative/imaginary core charge=   -0.000038    0.000000

     negative rho (up, down):  0.342E-02 0.227E-02

     Gaussian broadening (read from file): ngauss,degauss=   0    0.010000


     Calling projwave .... 

Projection on atomic states:

     state #  1: atom   1 (Ni ), wfc  1 (l=0 m= 1)
     state #  2: atom   1 (Ni ), wfc  2 (l=2 m= 1)
     state #  3: atom   1 (Ni ), wfc  2 (l=2 m= 2)
     state #  4: atom   1 (Ni ), wfc  2 (l=2 m= 3)
     state #  5: atom   1 (Ni ), wfc  2 (l=2 m= 4)
     state #  6: atom   1 (Ni ), wfc  2 (l=2 m= 5)

 k =   0.0000000000  0.0000000000  0.0000000000
     e =    -7.60525 eV
     psi = 0.556*[#  2]+0.435*[#  1]+
    |psi|^2 = 0.991
     e =    -5.57238 eV
     psi = 0.553*[#  1]+0.443*[#  2]+
    |psi|^2 = 0.996
     e =    -5.49659 eV
     psi = 0.999*[#  5]+
    |psi|^2 = 0.999
     e =    -5.49643 eV
     psi = 0.999*[#  6]+
    |psi|^2 = 0.999
     e =    -5.07772 eV
     psi = 0.499*[#  3]+0.499*[#  4]+
    |psi|^2 = 0.999
     e =    -5.07772 eV
     psi = 0.499*[#  3]+0.499*[#  4]+
    |psi|^2 = 0.999
     e =    -1.63319 eV
     psi = 
    |psi|^2 = 0.000
     e =    -1.63319 eV
     psi = 
    |psi|^2 = 0.000
     e =    -0.24559 eV
     psi = 0.002*[#  1]+
    |psi|^2 = 0.002
     e =     0.71406 eV
     psi = 
    |psi|^2 = 0.000

 k =   0.0000000000  0.0000000000  1.0583533715
     e =    -6.08462 eV
     psi = 0.857*[#  2]+0.137*[#  1]+
    |psi|^2 = 0.994
     e =    -5.77694 eV
     psi = 0.499*[#  3]+0.499*[#  4]+
    |psi|^2 = 0.998
     e =    -5.77694 eV
     psi = 0.499*[#  3]+0.499*[#  4]+
    |psi|^2 = 0.998
     e =    -5.36186 eV
     psi = 0.999*[#  5]+
    |psi|^2 = 0.999
     e =    -5.36173 eV
     psi = 0.999*[#  6]+
    |psi|^2 = 0.999
     e =    -4.80197 eV
     psi = 0.845*[#  1]+0.142*[#  2]+
    |psi|^2 = 0.987
     e =     0.16403 eV
     psi = 
    |psi|^2 = 0.001
     e =     0.16403 eV
     psi = 
    |psi|^2 = 0.001
     e =     1.23852 eV
     psi = 0.001*[#  1]+
    |psi|^2 = 0.001
     e =     2.20708 eV
     psi = 
    |psi|^2 = 0.000

 k =   0.0000000000  0.0000000000  2.1167067430
     e =    -6.29254 eV
     psi = 0.500*[#  3]+0.500*[#  4]+
    |psi|^2 = 1.000
     e =    -6.29254 eV
     psi = 0.500*[#  3]+0.500*[#  4]+
    |psi|^2 = 1.000
     e =    -5.22793 eV
     psi = 0.999*[#  5]+
    |psi|^2 = 0.999
     e =    -5.22780 eV
     psi = 0.999*[#  6]+
    |psi|^2 = 0.999
     e =    -5.06928 eV
     psi = 0.957*[#  2]+0.042*[#  1]+
    |psi|^2 = 0.999
     e =    -1.00063 eV
     psi = 
    |psi|^2 = 0.000
     e =     0.91089 eV
     psi = 0.930*[#  1]+0.039*[#  2]+
    |psi|^2 = 0.968
     e =     4.04462 eV
     psi = 
    |psi|^2 = 0.000
     e =     4.04462 eV
     psi = 
    |psi|^2 = 0.000
     e =     5.63317 eV
     psi = 
    |psi|^2 = 0.000

 k =   0.0000000000  0.0000000000  3.1750601145
     e =    -6.08462 eV
     psi = 0.857*[#  2]+0.137*[#  1]+
    |psi|^2 = 0.994
     e =    -5.77694 eV
     psi = 0.499*[#  3]+0.499*[#  4]+
    |psi|^2 = 0.998
     e =    -5.77694 eV
     psi = 0.499*[#  3]+0.499*[#  4]+
    |psi|^2 = 0.998
     e =    -5.36186 eV
     psi = 0.999*[#  5]+
    |psi|^2 = 0.999
     e =    -5.36173 eV
     psi = 0.999*[#  6]+
    |psi|^2 = 0.999
     e =    -4.80197 eV
     psi = 0.845*[#  1]+0.142*[#  2]+
    |psi|^2 = 0.987
     e =     0.16403 eV
     psi = 
    |psi|^2 = 0.001
     e =     0.16403 eV
     psi = 
    |psi|^2 = 0.001
     e =     1.23852 eV
     psi = 0.001*[#  1]+
    |psi|^2 = 0.001
     e =     2.20708 eV
     psi = 
    |psi|^2 = 0.000

 k =   0.0000000000  0.0000000000  0.0000000000
     e =    -7.14427 eV
     psi = 0.619*[#  1]+0.368*[#  2]+
    |psi|^2 = 0.987
     e =    -4.95957 eV
     psi = 0.628*[#  2]+0.372*[#  1]+
    |psi|^2 = 0.999
     e =    -4.54705 eV
     psi = 1.000*[#  5]+
    |psi|^2 = 1.000
     e =    -4.54703 eV
     psi = 1.000*[#  6]+
    |psi|^2 = 1.000
     e =    -3.93978 eV
     psi = 0.500*[#  3]+0.500*[#  4]+
    |psi|^2 = 0.999
     e =    -3.93978 eV
     psi = 0.500*[#  3]+0.500*[#  4]+
    |psi|^2 = 0.999
     e =    -1.58929 eV
     psi = 
    |psi|^2 = 0.000
     e =    -1.58929 eV
     psi = 
    |psi|^2 = 0.000
     e =    -0.23676 eV
     psi = 0.001*[#  1]+
    |psi|^2 = 0.002
     e =     0.71755 eV
     psi = 
    |psi|^2 = 0.000

 k =   0.0000000000  0.0000000000  1.0583533715
     e =    -5.37113 eV
     psi = 0.535*[#  2]+0.449*[#  1]+
    |psi|^2 = 0.984
     e =    -4.75821 eV
     psi = 0.496*[#  3]+0.496*[#  4]+
    |psi|^2 = 0.993
     e =    -4.75821 eV
     psi = 0.496*[#  3]+0.496*[#  4]+
    |psi|^2 = 0.993
     e =    -4.39886 eV
     psi = 0.533*[#  1]+0.462*[#  2]+
    |psi|^2 = 0.996
     e =    -4.38813 eV
     psi = 1.000*[#  6]+
    |psi|^2 = 1.000
     e =    -4.38808 eV
     psi = 1.000*[#  5]+
    |psi|^2 = 1.000
     e =     0.26830 eV
     psi = 0.003*[#  3]+0.003*[#  4]+
    |psi|^2 = 0.006
     e =     0.26830 eV
     psi = 0.003*[#  3]+0.003*[#  4]+
    |psi|^2 = 0.006
     e =     1.24364 eV
     psi = 
    |psi|^2 = 0.001
     e =     2.20766 eV
     psi = 
    |psi|^2 = 0.000

 k =   0.0000000000  0.0000000000  2.1167067430
     e =    -5.30955 eV
     psi = 0.500*[#  3]+0.500*[#  4]+
    |psi|^2 = 0.999
     e =    -5.30955 eV
     psi = 0.500*[#  3]+0.500*[#  4]+
    |psi|^2 = 0.999
     e =    -4.23075 eV
     psi = 1.000*[#  6]+
    |psi|^2 = 1.000
     e =    -4.23066 eV
     psi = 1.000*[#  5]+
    |psi|^2 = 1.000
     e =    -4.06920 eV
     psi = 0.933*[#  2]+0.067*[#  1]+
    |psi|^2 = 1.000
     e =    -0.94478 eV
     psi = 
    |psi|^2 = 0.000
     e =     1.25387 eV
     psi = 0.898*[#  1]+0.063*[#  2]+
    |psi|^2 = 0.961
     e =     4.14233 eV
     psi = 
    |psi|^2 = 0.000
     e =     4.14233 eV
     psi = 
    |psi|^2 = 0.000
     e =     5.66666 eV
     psi = 
    |psi|^2 = 0.000

 k =   0.0000000000  0.0000000000  3.1750601145
     e =    -5.37113 eV
     psi = 0.535*[#  2]+0.449*[#  1]+
    |psi|^2 = 0.984
     e =    -4.75821 eV
     psi = 0.496*[#  3]+0.496*[#  4]+
    |psi|^2 = 0.993
     e =    -4.75821 eV
     psi = 0.496*[#  3]+0.496*[#  4]+
    |psi|^2 = 0.993
     e =    -4.39886 eV
     psi = 0.533*[#  1]+0.462*[#  2]+
    |psi|^2 = 0.996
     e =    -4.38813 eV
     psi = 1.000*[#  6]+
    |psi|^2 = 1.000
     e =    -4.38808 eV
     psi = 1.000*[#  5]+
    |psi|^2 = 1.000
     e =     0.26830 eV
     psi = 0.003*[#  3]+0.003*[#  4]+
    |psi|^2 = 0.006
     e =     0.26830 eV
     psi = 0.003*[#  3]+0.003*[#  4]+
    |psi|^2 = 0.006
     e =     1.24364 eV
     psi = 
    |psi|^2 = 0.001
     e =     2.20766 eV
     psi = 
    |psi|^2 = 0.000

Lowdin Charges: 

     Atom #   1: total charge =   9.9625, s, p, d, f =   1.4338  0.0000  8.5287
                 spin up      =   5.7331, s, p, d, f =   0.7487  0.0000  4.9844
                 spin down    =   4.2294, s, p, d, f =   0.6851  0.0000  3.5443
                 polarization =   1.5037, s, p, d, f =   0.0636  0.0000  1.4402
     Spilling Parameter:   0.0038
