  ======================================================================
              =                                            =
              =     *** WanT *** Wannier Transport Code    =
              =        (www.wannier-transport.org)         =
              =      Ultra Soft Pseudopotential Implem.    =
              =                                            =
  ======================================================================


  Program <disentangle>  v. 2.0.0  starts ...
  Date 14Oct2005 at 13:37:11 

  Arch. / Op.Sys: LINUX
        Compiler: INTEL


  PW-DFT data read from file: benzene.export/index.xml

  ======================================================================
  =                                Main                                =
  ======================================================================

            Calculation Title :     Wannier Transport Calculation
                       Prefix :     benzene
                      Postfix :     _WanT
            Working directory :     ./

                 Restart Mode :     from_scratch
                Overlap Calc. :     TRUE 
             Projection Calc. :     TRUE 
          Read Start Subspace :     FALSE
       Read Start Unitary mat :     FALSE
           Conditioned minim. :     TRUE 

<WANNIER_FUNCTIONS>
  Input parameters for Wannier func. calculation
    Number of Wannier functions required =   18
    CG minim: Mixing parameter (alpha0_wan)=  0.250
    CG minim: Max iteration number =   200
    Minimization convergence threshold =     0.000001000
    SD minim: Mixing parameter (alpha1_wan) =  0.250
    SD minim: Max iteration number =  4000
    Every   5 iteration perform a CG minimization (ncg)
    Print info each  10 iterations
    Save data each   10 iterations
    Starting minimization guess = center_projections
    Ordering mode = none
    Verbosity = high
    Unitariery check threshold =     0.000001000
    Conditioned minim. amplitude =    20.000000000
    Conditioned minim.  iter num =  4200
</WANNIER_FUNCTIONS>

<DISENTANGLE>
  Input parameters for subspace definition
    Spin component = none
    Mixing parameter (alpha_dis)=  0.500
    Max iteration number =  5000
    Starting minimization guess = center_projections
    Disentangle convergence threshold =     0.000000010
    Print info each  10 iterations
    Save data each   10 iterations
</DISENTANGLE>

<TRIAL_CENTERS>
  Trial centers: (cart. coord. in Bohr)

      #     Type          l   m       Position                              Decay
    ----  ------------  --------   ------------------------------------   ---------
      1    1gauss         0   0    (  -5.332809   2.481211   3.123719 )    1.00000
      2    1gauss         0   0    (  -3.497884   5.655007   3.116159 )    1.00000
      3    1gauss         0   0    (  -1.664849   4.770616   3.097262 )    1.00000
      4    1gauss         0   0    (  -3.650007   3.626386   3.111435 )    1.00000
      5    1gauss         0   0    (   0.168186   5.653118   3.084034 )    1.00000
      6    1gauss         0   0    (   0.318419   3.623551   3.075531 )    1.00000
      7    1gauss         0   0    (   1.999331   2.477432   3.055688 )    1.00000
      8    1gauss         0   0    (   0.317474   1.332258   3.067972 )    1.00000
      9    1gauss         0   0    (   0.165351  -0.696364   3.062303 )    1.00000
     10    1gauss         0   0    (  -1.666739   0.188028   3.082145 )    1.00000
     11    1gauss         0   0    (  -3.500719  -0.694475   3.095373 )    1.00000
     12    1gauss         0   0    (  -3.650952   1.335092   3.103877 )    1.00000
     13    atomic  C      1   0    (  -2.987658   4.771560   3.108601 )    0.00000
     14    atomic  C      1   0    (  -0.342041   4.769671   3.085924 )    0.00000
     15    atomic  C      1   0    (   0.978879   2.477432   3.065137 )    0.00000
     16    atomic  C      1   0    (  -0.343930   0.187083   3.070806 )    0.00000
     17    atomic  C      1   0    (  -2.989548   0.188973   3.093483 )    0.00000
     18    atomic  C      1   0    (  -4.312357   2.481211   3.114270 )    0.00000

</TRIAL_CENTERS>


  ======================================================================
  =                              DFT data                              =
  ======================================================================

<LATTICE>
  Alat  =      20.0000000 (Bohr)
  Alat  =      10.5835400 (Ang )
  Omega =    8000.0000000 (Bohr^3)
  Omega =    1185.4762744 (Ang^3 )

  Crystal axes:
                in units of Bohr                 in Alat units
    a(1) = ( 20.0000  0.0000  0.0000 )     (   1.0000  0.0000  0.0000 )
    a(2) = (  0.0000 20.0000  0.0000 )     (   0.0000  1.0000  0.0000 )
    a(3) = (  0.0000  0.0000 20.0000 )     (   0.0000  0.0000  1.0000 )
  Crystal axes: (Ang)
    a(1) = ( 10.5835  0.0000  0.0000 )
    a(2) = (  0.0000 10.5835  0.0000 )
    a(3) = (  0.0000  0.0000 10.5835 )

   Reciprocal lattice vectors:
                in units of Bohr^-1              in 2Pi/Alat units
    b(1) = (  0.3142  0.0000  0.0000 )     (   1.0000  0.0000  0.0000 )
    b(2) = (  0.0000  0.3142  0.0000 )     (   0.0000  1.0000  0.0000 )
    b(3) = (  0.0000  0.0000  0.3142 )     (   0.0000  0.0000  1.0000 )
</LATTICE>

<IONS>
  Number of chemical species =  2
     Pseudo( 1) = C.blyp-mt.UPF
     Pseudo( 2) = H.blyp-vbc.UPF

     Pseudo( 1) is C          zval =  4.0   lmax= 0   lloc= 0
     (in numerical form:   279 grid points, xmin =  0.00, dx = 0.0000)

     Pseudo( 2) is H          zval =  1.0   lmax=-1   lloc= 0
     (in numerical form:   243 grid points, xmin =  0.00, dx = 0.0000)

  Atomic positions: (cart. coord. in Bohr)
     H    tau(   1 ) = (  -6.3532618   2.4812114   3.1331672 )
     C    tau(   2 ) = (  -2.9876582   4.7715604   3.1086007 )
     H    tau(   3 ) = (  -4.0081107   6.5384550   3.1237185 )
     C    tau(   4 ) = (  -0.3420406   4.7696706   3.0859240 )
     H    tau(   5 ) = (   0.6784119   6.5365653   3.0821445 )
     C    tau(   6 ) = (   0.9788785   2.4774319   3.0651370 )
     H    tau(   7 ) = (   3.0197836   2.4774319   3.0462397 )
     C    tau(   8 ) = (  -0.3439303   0.1870830   3.0708062 )
     H    tau(   9 ) = (   0.6746325  -1.5798117   3.0537986 )
     C    tau(  10 ) = (  -2.9895479   0.1889727   3.0934829 )
     H    tau(  11 ) = (  -4.0118902  -1.5779219   3.0972624 )
     C    tau(  12 ) = (  -4.3123567   2.4812114   3.1142699 )
</IONS>

<K-POINTS>
  nkpts =    1
  Monkhorst-Pack grid:      nk = (  1  1  1 ),      shift = (  0  0  0 )
  K-point calculation: (cart. coord. in Bohr^-1)
    k point   1:   (   0.00000  0.00000  0.00000 ),   weight =   1.0000
</K-POINTS>

<B-SHELL>
  List of the  6 b-vectors : (Bohr^-1) 
    b ( 1) =    (   0.31416  0.00000  0.00000 ),   weight =   5.0661
    b ( 2) =    (  -0.31416  0.00000  0.00000 ),   weight =   5.0661
    b ( 3) =    (   0.00000  0.00000  0.31416 ),   weight =   5.0661
    b ( 4) =    (   0.00000  0.00000 -0.31416 ),   weight =   5.0661
    b ( 5) =    (   0.00000 -0.31416  0.00000 ),   weight =   5.0661
    b ( 6) =    (   0.00000  0.31416  0.00000 ),   weight =   5.0661

  Total weight =  30.3964
</B-SHELL>

<WINDOWS>
  Definition of energy windows: (energies in eV)
    outer window: E  = (  -\inf ,    2.0000 )
    Max number of bands within the energy window =    25

  Electronic Structure from DFT calculation:
    nkpts =   1,     nbnd =  40,
    nspin =   1
    Fermi energy =   -2.173933849 eV

    kpt =   1 (   0.00000  0.00000  0.00000 )    dimwin =   25
                                         imin =    1  imax =   25
   Eigenvalues:
   -20.6174 -17.8870 -17.8832 -14.2322 -14.2318 -12.1754 -10.6643 -10.0687
    -9.5501  -9.5449  -8.1970  -7.5435  -7.5413  -5.4722  -5.4691  -0.4033
    -0.3954  -0.1806   1.0052   1.0887   1.1129   1.1239   1.2794   1.5771
     1.9210   2.4679   2.4977   2.5168   2.5406   2.5431   2.5924   2.5933
     2.6020   2.8268   2.8673   3.2825   3.3149   3.7555   3.7635   3.7925

    inner window: NOT used --> NO FROZEN STATES
</WINDOWS>



  ======================================================================
  =                      Overlaps and Projections                      =
  ======================================================================

  Reading density G-grid from file: benzene.export/index.xml
  Reading Wfc grids from file: benzene.export/index.xml


          Energy cut-off for wfcs =         35.00 (Ry)
                         for rho  =        140.00 (Ry)
      Total number of PW for rho  =     223735
        Max number of PW for wfc  =      28018
      Total number of PW for wfcs =      28018
        FFT grid components (rho) =  (    80   80   80 )


  Initializing global dft data

  Initializing atomic wfc
    Overlaps or Projections calculation for k-point   1
                              Total time spent up to now :     6.34 secs


  Overlaps and projections written on file: benzene_WanT.ovp
                              Total time spent up to now :     6.42 secs


  ======================================================================
  =                      Starting Iteration loop                      =
  ======================================================================


  Initial trial subspace: projected localized orbitals


  Subspace decomposition:
  Norms of the projected Bloch functions

      kpt =  1 (  0.000 0.000 0.000 )    dimwin =   25
    0.97945  0.98519  0.98534  0.95925  0.98062  0.96413  0.99719  0.99939
    0.95302  0.95353  0.99289  0.97904  0.96777  1.00000  1.00000  1.00000
    1.00000  0.05035  0.24471  0.06391  0.06421  0.50608  0.03776  0.24175
    0.09442




  Iteration =     1     Omega_I =   69.756875      Error =      0.09556274
  Iteration =     2     Omega_I =   67.511587      Error =      0.03325783
  Iteration =     3     Omega_I =   67.143728      Error =      0.00547867
  Iteration =     4     Omega_I =   66.928027      Error =      0.00322288
  Iteration =     5     Omega_I =   66.793416      Error =      0.00201534
  Iteration =     6     Omega_I =   66.706324      Error =      0.00130560
  Iteration =     7     Omega_I =   66.647909      Error =      0.00087647
  Iteration =     8     Omega_I =   66.607125      Error =      0.00061231
  Iteration =     9     Omega_I =   66.577406      Error =      0.00044638
  Iteration =    10     Omega_I =   66.554835      Error =      0.00033913

                              Total time spent up to now :     6.44 secs

  Iteration =    11     Omega_I =   66.537072      Error =      0.00026696
  Iteration =    12     Omega_I =   66.522712      Error =      0.00021586
  Iteration =    13     Omega_I =   66.510898      Error =      0.00017763
  Iteration =    14     Omega_I =   66.501087      Error =      0.00014753
  Iteration =    15     Omega_I =   66.492915      Error =      0.00012290
  Iteration =    16     Omega_I =   66.486116      Error =      0.00010226
  Iteration =    17     Omega_I =   66.480482      Error =      0.00008476
  Iteration =    18     Omega_I =   66.475837      Error =      0.00006988
  Iteration =    19     Omega_I =   66.472030      Error =      0.00005727
  Iteration =    20     Omega_I =   66.468929      Error =      0.00004665

                              Total time spent up to now :     6.49 secs

  Iteration =    21     Omega_I =   66.466418      Error =      0.00003778
  Iteration =    22     Omega_I =   66.464395      Error =      0.00003044
  Iteration =    23     Omega_I =   66.462774      Error =      0.00002439
  Iteration =    24     Omega_I =   66.461480      Error =      0.00001947
  Iteration =    25     Omega_I =   66.460452      Error =      0.00001547
  Iteration =    26     Omega_I =   66.459638      Error =      0.00001225
  Iteration =    27     Omega_I =   66.458995      Error =      0.00000967
  Iteration =    28     Omega_I =   66.458489      Error =      0.00000762
  Iteration =    29     Omega_I =   66.458091      Error =      0.00000598
  Iteration =    30     Omega_I =   66.457779      Error =      0.00000469

                              Total time spent up to now :     6.53 secs

  Iteration =    31     Omega_I =   66.457536      Error =      0.00000367
  Iteration =    32     Omega_I =   66.457345      Error =      0.00000286
  Iteration =    33     Omega_I =   66.457197      Error =      0.00000223
  Iteration =    34     Omega_I =   66.457081      Error =      0.00000174
  Iteration =    35     Omega_I =   66.456991      Error =      0.00000135
  Iteration =    36     Omega_I =   66.456921      Error =      0.00000105
  Iteration =    37     Omega_I =   66.456867      Error =      0.00000082
  Iteration =    38     Omega_I =   66.456825      Error =      0.00000063
  Iteration =    39     Omega_I =   66.456792      Error =      0.00000049
  Iteration =    40     Omega_I =   66.456767      Error =      0.00000038

                              Total time spent up to now :     6.56 secs

  Iteration =    41     Omega_I =   66.456747      Error =      0.00000030
  Iteration =    42     Omega_I =   66.456732      Error =      0.00000023
  Iteration =    43     Omega_I =   66.456720      Error =      0.00000018
  Iteration =    44     Omega_I =   66.456711      Error =      0.00000014
  Iteration =    45     Omega_I =   66.456704      Error =      0.00000011
  Iteration =    46     Omega_I =   66.456699      Error =      0.00000008
  Iteration =    47     Omega_I =   66.456694      Error =      0.00000006
  Iteration =    48     Omega_I =   66.456691      Error =      0.00000005
  Iteration =    49     Omega_I =   66.456689      Error =      0.00000004
  Iteration =    50     Omega_I =   66.456687      Error =      0.00000003

                              Total time spent up to now :     6.60 secs

  Iteration =    51     Omega_I =   66.456685      Error =      0.00000002
  Iteration =    52     Omega_I =   66.456684      Error =      0.00000002
  Iteration =    53     Omega_I =   66.456683      Error =      0.00000001
  Iteration =    54     Omega_I =   66.456682      Error =      0.00000001
  Iteration =    55     Omega_I =   66.456682      Error =      0.00000001


  ======================================================================
  =                        Convergence Achieved                        =
  ======================================================================

  Iteration # :   55
  Final Omega_I (Bohr^2, Angstrom^2):      66.456682        18.609751
   Avrg Omega_I                     :       3.692038         1.033875

                              Total time spent up to now :     6.62 secs


  Subspace decomposition:
  Norms of the projected Bloch functions

      kpt =  1 (  0.000 0.000 0.000 )    dimwin =   25
    0.99997  0.99998  0.99998  1.00000  0.99996  0.99918  0.99978  0.99996
    0.99638  0.99638  0.99973  0.99763  0.99550  0.99995  0.99994  0.99960
    0.99999  0.30147  0.00344  0.00396  0.00382  0.30889  0.24595  0.14406
    0.00452



  Subspace data written on file: benzene_WanT.space
  ======================================================================

   <global routines>
             clock number :    19

              disentangle :     6.00s CPU 
 
                want_init :     0.07s CPU
                  bshells :     0.00s CPU
              wfc_manager :     6.35s CPU
          ggrids_read_ext :     0.25s CPU
              struct_fact :     0.32s CPU
                init_at_1 :     0.03s CPU
           wfc_data_kread :     1.08s CPU (       4 calls,   0.270 s avg)
                  overlap :     3.98s CPU (       3 calls,   1.325 s avg)
           overlap_setmap :     0.09s CPU (       3 calls,   0.030 s avg)
                    s_psi :     0.01s CPU
               projection :     0.58s CPU
       trial_center_setup :     0.28s CPU (      18 calls,   0.016 s avg)
               atomic_wfc :     0.03s CPU (       6 calls,   0.005 s avg)
               iterations :     0.20s CPU
             subapce_init :     0.00s CPU
                   omegai :     0.00s CPU (      56 calls,   0.000 s avg)
                  zmatrix :     0.03s CPU (      55 calls,   0.001 s avg)
                mat_hdiag :     0.04s CPU (      57 calls,   0.001 s avg)


