
     Program PWSCF     v.2.1.3  starts ...
     Today is 27Jul2005 at 19:27: 1 

     Ultrasoft (Vanderbilt) Pseudopotentials

     Current dimensions of program pwscf are:
     ntypx =10   npk =40000  lmax = 3
     nchix = 6  ndmx = 2000  nbrx =14 nqfx = 8


     bravais-lattice index     =            2
     lattice parameter (a_0)   =       6.9678  a.u.
     unit-cell volume          =      84.5721 (a.u.)^3
     number of atoms/cell      =            1
     number of atomic types    =            1
     kinetic-energy cutoff     =     130.0000  Ry
     charge density cutoff     =     520.0000  Ry
     convergence threshold     =      1.0E-08
     beta                      =       0.3000
     number of iterations used =            8  plain     mixing
     Exchange-correlation      =  SLA  PW   GGX  GGC (1422)
     iswitch = -1

     celldm(1)=   6.967800  celldm(2)=   0.000000  celldm(3)=   0.000000
     celldm(4)=   0.000000  celldm(5)=   0.000000  celldm(6)=   0.000000

     crystal axes: (cart. coord. in units of a_0)
               a(1) = ( -0.500000  0.000000  0.500000 )  
               a(2) = (  0.000000  0.500000  0.500000 )  
               a(3) = ( -0.500000  0.500000  0.000000 )  

     reciprocal axes: (cart. coord. in units 2 pi/a_0)
               b(1) = ( -1.000000 -1.000000  1.000000 )  
               b(2) = (  1.000000  1.000000  1.000000 )  
               b(3) = ( -1.000000  1.000000 -1.000000 )  


     PSEUDO 1 is Cu         zval = 11.0   lmax= 2   lloc= 0
     (in numerical form:   525 grid points, xmin =  0.00, dx = 0.0000)

     atomic species   valence    mass     pseudopotential
        Cu            11.00    63.54600     Cu( 1.00)

     48 Sym.Ops. (with inversion)


   Cartesian axes

     site n.     atom                  positions (a_0 units)
         1           Cu  tau(  1) = (   0.0000000   0.0000000   0.0000000  )

     number of k points=   64  gaussian broad. (ryd)=  0.0060     ngauss =   0
                       cart. coord. in units 2pi/a_0
        k(   1) = (   0.0000000   0.0000000   0.0000000), wk =   0.0312500
        k(   2) = (  -0.2500000   0.2500000  -0.2500000), wk =   0.0312500
        k(   3) = (  -0.5000000   0.5000000  -0.5000000), wk =   0.0312500
        k(   4) = (  -0.7500000   0.7500000  -0.7500000), wk =   0.0312500
        k(   5) = (   0.2500000   0.2500000   0.2500000), wk =   0.0312500
        k(   6) = (   0.0000000   0.5000000   0.0000000), wk =   0.0312500
        k(   7) = (  -0.2500000   0.7500000  -0.2500000), wk =   0.0312500
        k(   8) = (  -0.5000000   1.0000000  -0.5000000), wk =   0.0312500
        k(   9) = (   0.5000000   0.5000000   0.5000000), wk =   0.0312500
        k(  10) = (   0.2500000   0.7500000   0.2500000), wk =   0.0312500
        k(  11) = (   0.0000000   1.0000000   0.0000000), wk =   0.0312500
        k(  12) = (  -0.2500000   1.2500000  -0.2500000), wk =   0.0312500
        k(  13) = (   0.7500000   0.7500000   0.7500000), wk =   0.0312500
        k(  14) = (   0.5000000   1.0000000   0.5000000), wk =   0.0312500
        k(  15) = (   0.2500000   1.2500000   0.2500000), wk =   0.0312500
        k(  16) = (   0.0000000   1.5000000   0.0000000), wk =   0.0312500
        k(  17) = (  -0.2500000  -0.2500000   0.2500000), wk =   0.0312500
        k(  18) = (  -0.5000000   0.0000000   0.0000000), wk =   0.0312500
        k(  19) = (  -0.7500000   0.2500000  -0.2500000), wk =   0.0312500
        k(  20) = (  -1.0000000   0.5000000  -0.5000000), wk =   0.0312500
        k(  21) = (   0.0000000   0.0000000   0.5000000), wk =   0.0312500
        k(  22) = (  -0.2500000   0.2500000   0.2500000), wk =   0.0312500
        k(  23) = (  -0.5000000   0.5000000   0.0000000), wk =   0.0312500
        k(  24) = (  -0.7500000   0.7500000  -0.2500000), wk =   0.0312500
        k(  25) = (   0.2500000   0.2500000   0.7500000), wk =   0.0312500
        k(  26) = (   0.0000000   0.5000000   0.5000000), wk =   0.0312500
        k(  27) = (  -0.2500000   0.7500000   0.2500000), wk =   0.0312500
        k(  28) = (  -0.5000000   1.0000000   0.0000000), wk =   0.0312500
        k(  29) = (   0.5000000   0.5000000   1.0000000), wk =   0.0312500
        k(  30) = (   0.2500000   0.7500000   0.7500000), wk =   0.0312500
        k(  31) = (   0.0000000   1.0000000   0.5000000), wk =   0.0312500
        k(  32) = (  -0.2500000   1.2500000   0.2500000), wk =   0.0312500
        k(  33) = (  -0.5000000  -0.5000000   0.5000000), wk =   0.0312500
        k(  34) = (  -0.7500000  -0.2500000   0.2500000), wk =   0.0312500
        k(  35) = (  -1.0000000   0.0000000   0.0000000), wk =   0.0312500
        k(  36) = (  -1.2500000   0.2500000  -0.2500000), wk =   0.0312500
        k(  37) = (  -0.2500000  -0.2500000   0.7500000), wk =   0.0312500
        k(  38) = (  -0.5000000   0.0000000   0.5000000), wk =   0.0312500
        k(  39) = (  -0.7500000   0.2500000   0.2500000), wk =   0.0312500
        k(  40) = (  -1.0000000   0.5000000   0.0000000), wk =   0.0312500
        k(  41) = (   0.0000000   0.0000000   1.0000000), wk =   0.0312500
        k(  42) = (  -0.2500000   0.2500000   0.7500000), wk =   0.0312500
        k(  43) = (  -0.5000000   0.5000000   0.5000000), wk =   0.0312500
        k(  44) = (  -0.7500000   0.7500000   0.2500000), wk =   0.0312500
        k(  45) = (   0.2500000   0.2500000   1.2500000), wk =   0.0312500
        k(  46) = (   0.0000000   0.5000000   1.0000000), wk =   0.0312500
        k(  47) = (  -0.2500000   0.7500000   0.7500000), wk =   0.0312500
        k(  48) = (  -0.5000000   1.0000000   0.5000000), wk =   0.0312500
        k(  49) = (  -0.7500000  -0.7500000   0.7500000), wk =   0.0312500
        k(  50) = (  -1.0000000  -0.5000000   0.5000000), wk =   0.0312500
        k(  51) = (  -1.2500000  -0.2500000   0.2500000), wk =   0.0312500
        k(  52) = (  -1.5000000   0.0000000   0.0000000), wk =   0.0312500
        k(  53) = (  -0.5000000  -0.5000000   1.0000000), wk =   0.0312500
        k(  54) = (  -0.7500000  -0.2500000   0.7500000), wk =   0.0312500
        k(  55) = (  -1.0000000   0.0000000   0.5000000), wk =   0.0312500
        k(  56) = (  -1.2500000   0.2500000   0.2500000), wk =   0.0312500
        k(  57) = (  -0.2500000  -0.2500000   1.2500000), wk =   0.0312500
        k(  58) = (  -0.5000000   0.0000000   1.0000000), wk =   0.0312500
        k(  59) = (  -0.7500000   0.2500000   0.7500000), wk =   0.0312500
        k(  60) = (  -1.0000000   0.5000000   0.5000000), wk =   0.0312500
        k(  61) = (   0.0000000   0.0000000   1.5000000), wk =   0.0312500
        k(  62) = (  -0.2500000   0.2500000   1.2500000), wk =   0.0312500
        k(  63) = (  -0.5000000   0.5000000   1.0000000), wk =   0.0312500
        k(  64) = (  -0.7500000   0.7500000   0.7500000), wk =   0.0312500

     G cutoff =  639.4918  (  16865 G-vectors)     FFT grid: ( 36, 36, 36)

     nbndx  =    40  nbnd   =    10  natomwfc =     9  npwx   =    2148
     nelec  =   11.00 nkb   =     8  ngl    =     214

     The initial potential is read from file     copper.pot
     Starting wfc are atomic +   1 random wfc

     total cpu time spent up to now is     10.85 secs

     Band Structure Calculation
     Davidson diagonalization (with overlap)
     ethr =  9.09E-11,  avg # of iterations =  8.0

     total cpu time spent up to now is     88.24 secs

     End of band structure calculation

          k = 0.0000 0.0000 0.0000     band energies (ev):

     3.8999   9.7620   9.7620   9.7620  10.5000  10.5000  35.9848  37.4267
    37.4267  37.4267

          k =-0.2500 0.2500-0.2500     band energies (ev):

     5.9484   9.5612   9.9017   9.9017  10.5856  10.5856  25.3311  35.4892
    35.4892  35.7340

          k =-0.5000 0.5000-0.5000     band energies (ev):

     7.9501   9.7268   9.7268  11.0422  11.0422  12.0199  16.4661  34.1568
    34.1568  34.2578

          k =-0.7500 0.7500-0.7500     band energies (ev):

     5.9484   9.5612   9.9017   9.9017  10.5856  10.5856  25.3311  35.4892
    35.4892  35.7340

          k = 0.2500 0.2500 0.2500     band energies (ev):

     5.9484   9.5612   9.9017   9.9017  10.5856  10.5856  25.3311  35.4892
    35.4892  35.7340

          k = 0.0000 0.5000 0.0000     band energies (ev):

     6.5683   9.1270  10.1102  10.3727  10.3727  10.7544  29.7451  29.7451
    31.7019  33.1489

          k =-0.2500 0.7500-0.2500     band energies (ev):

     8.5369   9.0436   9.8211  10.3426  11.0811  13.7310  19.4826  25.4165
    28.6738  32.9159

          k =-0.5000 1.0000-0.5000     band energies (ev):

     8.3432   9.3331   9.5088  10.2091  10.5190  12.4124  22.6604  23.5667
    33.2042  34.7471

          k = 0.5000 0.5000 0.5000     band energies (ev):

     7.9501   9.7268   9.7268  11.0422  11.0422  12.0199  16.4661  34.1568
    34.1568  34.2578

          k = 0.2500 0.7500 0.2500     band energies (ev):

     8.5369   9.0436   9.8211  10.3426  11.0811  13.7310  19.4826  25.4165
    28.6738  32.9159

          k = 0.0000 1.0000 0.0000     band energies (ev):

     8.1300   8.5262  11.0151  11.1838  11.1838  14.4024  19.8963  25.5986
    25.5986  31.9193

          k =-0.2500 1.2500-0.2500     band energies (ev):

     8.5369   9.0436   9.8211  10.3426  11.0811  13.7310  19.4826  25.4165
    28.6738  32.9159

          k = 0.7500 0.7500 0.7500     band energies (ev):

     5.9484   9.5612   9.9017   9.9017  10.5856  10.5856  25.3311  35.4892
    35.4892  35.7340

          k = 0.5000 1.0000 0.5000     band energies (ev):

     8.3432   9.3331   9.5088  10.2091  10.5190  12.4124  22.6604  23.5667
    33.2042  34.7471

          k = 0.2500 1.2500 0.2500     band energies (ev):

     8.5369   9.0436   9.8211  10.3426  11.0811  13.7310  19.4826  25.4165
    28.6738  32.9159

          k = 0.0000 1.5000 0.0000     band energies (ev):

     6.5683   9.1270  10.1102  10.3727  10.3727  10.7544  29.7451  29.7451
    31.7019  33.1489

          k =-0.2500-0.2500 0.2500     band energies (ev):

     5.9484   9.5612   9.9017   9.9017  10.5856  10.5856  25.3311  35.4892
    35.4892  35.7340

          k =-0.5000 0.0000 0.0000     band energies (ev):

     6.5683   9.1270  10.1102  10.3727  10.3727  10.7544  29.7451  29.7451
    31.7019  33.1489

          k =-0.7500 0.2500-0.2500     band energies (ev):

     8.5369   9.0436   9.8211  10.3426  11.0811  13.7310  19.4826  25.4165
    28.6738  32.9159

          k =-1.0000 0.5000-0.5000     band energies (ev):

     8.3432   9.3331   9.5088  10.2091  10.5190  12.4124  22.6604  23.5667
    33.2042  34.7471

          k = 0.0000 0.0000 0.5000     band energies (ev):

     6.5683   9.1270  10.1102  10.3727  10.3727  10.7544  29.7451  29.7451
    31.7019  33.1489

          k =-0.2500 0.2500 0.2500     band energies (ev):

     5.9484   9.5612   9.9017   9.9017  10.5856  10.5856  25.3311  35.4892
    35.4892  35.7340

          k =-0.5000 0.5000 0.0000     band energies (ev):

     8.3432   9.3331   9.5088  10.2091  10.5190  12.4124  22.6604  23.5667
    33.2042  34.7471

          k =-0.7500 0.7500-0.2500     band energies (ev):

     8.5369   9.0436   9.8211  10.3426  11.0811  13.7310  19.4826  25.4165
    28.6738  32.9159

          k = 0.2500 0.2500 0.7500     band energies (ev):

     8.5369   9.0436   9.8211  10.3426  11.0811  13.7310  19.4826  25.4165
    28.6738  32.9159

          k = 0.0000 0.5000 0.5000     band energies (ev):

     8.3432   9.3331   9.5088  10.2091  10.5190  12.4124  22.6604  23.5667
    33.2042  34.7471

          k =-0.2500 0.7500 0.2500     band energies (ev):

     8.5369   9.0436   9.8211  10.3426  11.0811  13.7310  19.4826  25.4165
    28.6738  32.9159

          k =-0.5000 1.0000 0.0000     band energies (ev):

     8.7915   9.3351   9.3351  10.4736  11.1844  19.0414  19.0414  21.1757
    21.3834  41.4779

          k = 0.5000 0.5000 1.0000     band energies (ev):

     8.3432   9.3331   9.5088  10.2091  10.5190  12.4124  22.6604  23.5667
    33.2042  34.7471

          k = 0.2500 0.7500 0.7500     band energies (ev):

     8.5369   9.0436   9.8211  10.3426  11.0811  13.7310  19.4826  25.4165
    28.6738  32.9159

          k = 0.0000 1.0000 0.5000     band energies (ev):

     8.7915   9.3351   9.3351  10.4736  11.1844  19.0414  19.0414  21.1757
    21.3834  41.4779

          k =-0.2500 1.2500 0.2500     band energies (ev):

     8.5369   9.0436   9.8211  10.3426  11.0811  13.7310  19.4826  25.4165
    28.6738  32.9159

          k =-0.5000-0.5000 0.5000     band energies (ev):

     7.9501   9.7268   9.7268  11.0422  11.0422  12.0199  16.4661  34.1568
    34.1568  34.2578

          k =-0.7500-0.2500 0.2500     band energies (ev):

     8.5369   9.0436   9.8211  10.3426  11.0811  13.7310  19.4826  25.4165
    28.6738  32.9159

          k =-1.0000 0.0000 0.0000     band energies (ev):

     8.1300   8.5262  11.0151  11.1838  11.1838  14.4024  19.8963  25.5986
    25.5986  31.9193

          k =-1.2500 0.2500-0.2500     band energies (ev):

     8.5369   9.0436   9.8211  10.3426  11.0811  13.7310  19.4826  25.4165
    28.6738  32.9159

          k =-0.2500-0.2500 0.7500     band energies (ev):

     8.5369   9.0436   9.8211  10.3426  11.0811  13.7310  19.4826  25.4165
    28.6738  32.9159

          k =-0.5000 0.0000 0.5000     band energies (ev):

     8.3432   9.3331   9.5088  10.2091  10.5190  12.4124  22.6604  23.5667
    33.2042  34.7471

          k =-0.7500 0.2500 0.2500     band energies (ev):

     8.5369   9.0436   9.8211  10.3426  11.0811  13.7310  19.4826  25.4165
    28.6738  32.9159

          k =-1.0000 0.5000 0.0000     band energies (ev):

     8.7915   9.3351   9.3351  10.4736  11.1844  19.0414  19.0414  21.1757
    21.3834  41.4778

          k = 0.0000 0.0000 1.0000     band energies (ev):

     8.1300   8.5262  11.0151  11.1838  11.1838  14.4024  19.8963  25.5986
    25.5986  31.9194

          k =-0.2500 0.2500 0.7500     band energies (ev):

     8.5369   9.0436   9.8211  10.3426  11.0811  13.7310  19.4826  25.4165
    28.6738  32.9159

          k =-0.5000 0.5000 0.5000     band energies (ev):

     7.9501   9.7268   9.7268  11.0422  11.0422  12.0199  16.4661  34.1567
    34.1568  34.2578

          k =-0.7500 0.7500 0.2500     band energies (ev):

     8.5369   9.0436   9.8211  10.3426  11.0811  13.7310  19.4826  25.4165
    28.6738  32.9159

          k = 0.2500 0.2500 1.2500     band energies (ev):

     8.5369   9.0436   9.8211  10.3426  11.0811  13.7310  19.4826  25.4165
    28.6738  32.9159

          k = 0.0000 0.5000 1.0000     band energies (ev):

     8.7915   9.3351   9.3351  10.4736  11.1844  19.0414  19.0414  21.1757
    21.3834  41.4779

          k =-0.2500 0.7500 0.7500     band energies (ev):

     8.5369   9.0436   9.8211  10.3426  11.0811  13.7310  19.4826  25.4165
    28.6738  32.9159

          k =-0.5000 1.0000 0.5000     band energies (ev):

     8.3432   9.3331   9.5088  10.2091  10.5190  12.4124  22.6604  23.5667
    33.2042  34.7471

          k =-0.7500-0.7500 0.7500     band energies (ev):

     5.9484   9.5612   9.9017   9.9017  10.5856  10.5856  25.3311  35.4892
    35.4892  35.7340

          k =-1.0000-0.5000 0.5000     band energies (ev):

     8.3432   9.3331   9.5088  10.2091  10.5190  12.4124  22.6604  23.5667
    33.2042  34.7471

          k =-1.2500-0.2500 0.2500     band energies (ev):

     8.5369   9.0436   9.8211  10.3426  11.0811  13.7310  19.4826  25.4165
    28.6738  32.9159

          k =-1.5000 0.0000 0.0000     band energies (ev):

     6.5683   9.1270  10.1102  10.3727  10.3727  10.7544  29.7451  29.7451
    31.7019  33.1489

          k =-0.5000-0.5000 1.0000     band energies (ev):

     8.3432   9.3331   9.5088  10.2091  10.5190  12.4124  22.6604  23.5667
    33.2042  34.7471

          k =-0.7500-0.2500 0.7500     band energies (ev):

     8.5369   9.0436   9.8211  10.3426  11.0811  13.7310  19.4826  25.4165
    28.6738  32.9159

          k =-1.0000 0.0000 0.5000     band energies (ev):

     8.7915   9.3351   9.3351  10.4736  11.1844  19.0414  19.0414  21.1757
    21.3834  41.4779

          k =-1.2500 0.2500 0.2500     band energies (ev):

     8.5369   9.0436   9.8211  10.3426  11.0811  13.7310  19.4826  25.4165
    28.6738  32.9159

          k =-0.2500-0.2500 1.2500     band energies (ev):

     8.5369   9.0436   9.8211  10.3426  11.0811  13.7310  19.4826  25.4165
    28.6738  32.9159

          k =-0.5000 0.0000 1.0000     band energies (ev):

     8.7915   9.3351   9.3351  10.4736  11.1844  19.0414  19.0414  21.1757
    21.3834  41.4779

          k =-0.7500 0.2500 0.7500     band energies (ev):

     8.5369   9.0436   9.8211  10.3426  11.0811  13.7310  19.4826  25.4165
    28.6738  32.9159

          k =-1.0000 0.5000 0.5000     band energies (ev):

     8.3432   9.3331   9.5088  10.2091  10.5190  12.4124  22.6604  23.5667
    33.2042  34.7471

          k = 0.0000 0.0000 1.5000     band energies (ev):

     6.5683   9.1270  10.1102  10.3727  10.3727  10.7544  29.7451  29.7451
    31.7019  33.1489

          k =-0.2500 0.2500 1.2500     band energies (ev):

     8.5369   9.0436   9.8211  10.3426  11.0811  13.7310  19.4826  25.4165
    28.6738  32.9159

          k =-0.5000 0.5000 1.0000     band energies (ev):

     8.3432   9.3331   9.5088  10.2091  10.5190  12.4124  22.6604  23.5667
    33.2042  34.7471

          k =-0.7500 0.7500 0.7500     band energies (ev):

     5.9484   9.5612   9.9017   9.9017  10.5856  10.5856  25.3311  35.4892
    35.4892  35.7340

     Writing file    copper.save for program phonon

     PWSCF        :  1m36.27s CPU time

     init_run     :    10.82s CPU
     electrons    :    77.40s CPU

     electrons    :    77.40s CPU
     c_bands      :    77.39s CPU
     sum_band     :     7.96s CPU

     c_bands      :    77.39s CPU
     init_us_2    :     1.01s CPU (     192 calls,   0.005 s avg)
     cegterg      :    75.73s CPU (      64 calls,   1.183 s avg)

     sum_band     :     7.96s CPU

     wfcrot       :     8.62s CPU (      64 calls,   0.135 s avg)
     cegterg      :    75.73s CPU (      64 calls,   1.183 s avg)
     h_psi        :    76.03s CPU (     642 calls,   0.118 s avg)
     g_psi        :     0.61s CPU (     514 calls,   0.001 s avg)
     overlap      :     1.97s CPU (     514 calls,   0.004 s avg)
     cdiaghg      :     0.79s CPU (     578 calls,   0.001 s avg)
     update       :     2.79s CPU (     514 calls,   0.005 s avg)
     last         :     0.95s CPU (     151 calls,   0.006 s avg)

     h_psi        :    76.03s CPU (     642 calls,   0.118 s avg)
     init         :     0.32s CPU (     642 calls,   0.000 s avg)
     firstfft     :    34.67s CPU (    5110 calls,   0.007 s avg)
     secondfft    :    33.88s CPU (    5110 calls,   0.007 s avg)
     add_vuspsi   :     0.74s CPU (     642 calls,   0.001 s avg)

     General routines
     ccalbec      :     0.50s CPU (     642 calls,   0.001 s avg)
     cft3         :     0.01s CPU
     cft3s        :    67.38s CPU (   10860 calls,   0.006 s avg)
     davcio       :     2.49s CPU (     256 calls,   0.010 s avg)

