  ======================================================================
              =                                            =
              =     *** WanT *** Wannier Transport Code    =
              =        (www.wannier-transport.org)         =
              =      Ultra Soft Pseudopotential Implem.    =
              =                                            =
  ======================================================================


  Program <disentangle>  v. 1.1.1  starts ...
  Date 23Mar2005 at 16:37:10 


  PW-DFT data read from file: chain8.export/index.xml

  ======================================================================
  =                                Main                                =
  ======================================================================

            Calculation Title :     WanT Calculation
                       Prefix :     chain8
            Working directory :     ./COND/

<WANNIER_FUNCTIONS>
  Input parameters for Wannier func. calculation
    Number of Wannier functions required =   16
    CG minim: Mixing parameter (alphafix0)=  0.500
    CG minim: Max iteration number =    10
    Minimization convergence threshold =     0.000001000
    SD minim: Mixing parameter (alphafix) =  0.500
    SD minim: Max iteration number =  1000
    Every   9 iteration perform a CG minimization (ncg)
    Number of k-point shells =   2
    Chosen shells (indexes) =   1  4
    Print each  10 iterations
    Ordering type = NONE
    Verbosity = MEDIUM
    Unitariery check threshold =     0.000000010
</WANNIER_FUNCTIONS>

<DISENTANGLE>
  Input parameters for disentangling subspaces
    Mixing parameter (alpha)=  0.500
    Max iter =   300
    Starting guess orbitals (itrial) =  3
    Disentangle convergence threshold =     0.000000010
</DISENTANGLE>

<TRIAL_CENTERS>
  Trial centers: (cart. coord. in Bohr)
    Center =   1 Type = 1gauss  Center  = (    1.152732653    0.000000000    0.000000000 )
    Center =   2 Type = 1gauss  Center  = (    1.152732653    0.000000000    0.000000000 )
    Center =   3 Type = 1gauss  Center  = (    1.152732653    0.000000000    0.000000000 )
    Center =   4 Type = 1gauss  Center  = (    3.741658403    0.000000000    0.000000000 )
    Center =   5 Type = 1gauss  Center  = (    6.330584153    0.000000000    0.000000000 )
    Center =   6 Type = 1gauss  Center  = (    6.330584153    0.000000000    0.000000000 )
    Center =   7 Type = 1gauss  Center  = (    6.330584153    0.000000000    0.000000000 )
    Center =   8 Type = 1gauss  Center  = (    8.919509903    0.000000000    0.000000000 )
    Center =   9 Type = 1gauss  Center  = (   11.508435653    0.000000000    0.000000000 )
    Center =  10 Type = 1gauss  Center  = (   11.508435653    0.000000000    0.000000000 )
    Center =  11 Type = 1gauss  Center  = (   11.508435653    0.000000000    0.000000000 )
    Center =  12 Type = 1gauss  Center  = (   14.097361403    0.000000000    0.000000000 )
    Center =  13 Type = 1gauss  Center  = (   16.686287153    0.000000000    0.000000000 )
    Center =  14 Type = 1gauss  Center  = (   16.686287153    0.000000000    0.000000000 )
    Center =  15 Type = 1gauss  Center  = (   16.686287153    0.000000000    0.000000000 )
    Center =  16 Type = 1gauss  Center  = (   19.275212903    0.000000000    0.000000000 )
</TRIAL_CENTERS>


  ======================================================================
  =                              DFT data                              =
  ======================================================================

<LATTICE>
  Alat  =   20.7114060 (Bohr)
  Alat  =   10.9599997 (Ang )
  Omega = ************ (Bohr^3)
  Omega = 1666.2366039 (Ang^3 )

  Crystal axes:
                in units of Bohr                 in Alat units
    a(1) = ( 20.7114  0.0000  0.0000 )     (   1.0000  0.0000  0.0000 )
    a(2) = (  0.0000 23.3003  0.0000 )     (   0.0000  1.1250  0.0000 )
    a(3) = (  0.0000  0.0000 23.3003 )     (   0.0000  0.0000  1.1250 )
  Crystal axes: (Ang)
    a(1) = ( 10.9600  0.0000  0.0000 )
    a(2) = (  0.0000 12.3300  0.0000 )
    a(3) = (  0.0000  0.0000 12.3300 )

   Reciprocal lattice vectors:
                in units of Bohr^-1              in 2Pi/Alat units
    b(1) = (  0.3034  0.0000  0.0000 )     (   1.0000  0.0000  0.0000 )
    b(2) = (  0.0000  0.2697  0.0000 )     (   0.0000  0.8889  0.0000 )
    b(3) = (  0.0000  0.0000  0.2697 )     (   0.0000  0.0000  0.8889 )
</LATTICE>

<IONS>
  Number of chemical species =  1
     Pseudo( 1) = C.blyp-mt.UPF

     Pseudo( 1) is C          zval =  4.0   lmax= 0   lloc= 0
     (in numerical form:   279 grid points, xmin =  0.00, dx = 0.0000)

  Atomic positions: (cart. coord. in units of alat)
     C    tau(   1 ) = (   0.0000000   0.0000000   0.0000000 )
     C    tau(   2 ) = (   0.1113139   0.0000000   0.0000000 )
     C    tau(   3 ) = (   0.2500000   0.0000000   0.0000000 )
     C    tau(   4 ) = (   0.3613139   0.0000000   0.0000000 )
     C    tau(   5 ) = (   0.5000000   0.0000000   0.0000000 )
     C    tau(   6 ) = (   0.6113139   0.0000000   0.0000000 )
     C    tau(   7 ) = (   0.7500000   0.0000000   0.0000000 )
     C    tau(   8 ) = (   0.8613139   0.0000000   0.0000000 )
</IONS>

<K-POINTS>
  nkpts =    4
  Monkhorst-Pack grid:      nk = (  4  1  1 ),      shift = (  0  0  0 )
  K-point calculation: (cart. coord. in Bohr^-1)
    k point   1:   (   0.00000  0.00000  0.00000 ),   weight =   0.2500
    k point   2:   (   0.07584  0.00000  0.00000 ),   weight =   0.2500
    k point   3:   (   0.15168  0.00000  0.00000 ),   weight =   0.2500
    k point   4:   (   0.22753  0.00000  0.00000 ),   weight =   0.2500
</K-POINTS>

<B-SHELL>
  Nearest-neighbour shells for k-point 1: (in Bohr^-1)
    shell (  1 )    radius =   0.07584
    shell (  2 )    radius =   0.15168
    shell (  3 )    radius =   0.22753
    shell (  4 )    radius =   0.26966
    shell (  5 )    radius =   0.28012
    shell (  6 )    radius =   0.30337
    shell (  7 )    radius =   0.30939
    shell (  8 )    radius =   0.35282
    shell (  9 )    radius =   0.37921
    shell ( 10 )    radius =   0.38136
    shell ( 11 )    radius =   0.38883
    shell ( 12 )    radius =   0.40589

  Number of nearest-neighbours for K-point 1 (representetive for the BZ):
    shell (  1 )    neighbours  =    2
    shell (  4 )    neighbours  =    4

  List of the  6 vectors b_k: (Bohr^-1) 
    b_k   1:   (   0.07584  0.00000  0.00000 ),   weight =  86.9259
    b_k   2:   (  -0.07584  0.00000  0.00000 ),   weight =  86.9259
    b_k   3:   (   0.00000 -0.26966  0.00000 ),   weight =   6.8760
    b_k   4:   (   0.00000  0.00000 -0.26966 ),   weight =   6.8760
    b_k   5:   (   0.00000  0.00000  0.26966 ),   weight =   6.8760
    b_k   6:   (   0.00000  0.26966  0.00000 ),   weight =   6.8760

  The  3  bk directions are (Bohr^-1):
    dir 1:   (   0.07584  0.00000  0.00000 ) 
    dir 2:   (   0.00000 -0.26966  0.00000 ) 
    dir 3:   (   0.00000  0.00000 -0.26966 ) 
</B-SHELL>

<WINDOWS>
  Definition of energy windows: (energies in eV)
    outer window: E  = ( -22.0000 ,  -4.5000 )
    Max number of bands within the energy window =    16

  Electronic Structure from DFT calculation:
    nkpts =   4,     nbnd =  20,
    nspin =   1
    Fermi energy =   -4.251922874 eV

    kpt =  1 (  0.000 0.000 0.000 )    dimwin =   16
                                         imin =    1  imax =   16
   Eigenvalues:
   -21.1966 -20.4385 -20.4385 -19.0875 -16.7410 -14.4766 -14.4766 -12.5639
    -9.1043  -9.1043  -7.9668  -7.9668  -7.9668  -7.9668  -5.5448  -5.5448
    -2.9740  -2.9740  -0.2232  -0.0718

    kpt =  2 (  0.250 0.000 0.000 )    dimwin =   16
                                         imin =    1  imax =   16
   Eigenvalues:
   -21.1463 -20.7696 -20.0292 -19.2489 -16.5010 -15.2312 -13.7633 -12.7350
    -9.0316  -9.0316  -8.4701  -8.4701  -7.3398  -7.3398  -5.9103  -5.9103
    -2.4547  -2.4547  -0.1649  -0.0106

    kpt =  3 (  0.500 0.000 0.000 )    dimwin =   16
                                         imin =    1  imax =   16
   Eigenvalues:
   -21.0033 -21.0033 -19.6176 -19.6176 -15.9402 -15.9402 -13.1349 -13.1349
    -8.8186  -8.8186  -8.8186  -8.8186  -6.6366  -6.6366  -6.6366  -6.6366
    -1.3530  -1.3530  -1.3530  -1.3530

    kpt =  4 (  0.750 0.000 0.000 )    dimwin =   16
                                         imin =    1  imax =   16
   Eigenvalues:
   -21.1463 -20.7696 -20.0292 -19.2489 -16.5010 -15.2312 -13.7633 -12.7350
    -9.0316  -9.0316  -8.4701  -8.4701  -7.3398  -7.3398  -5.9103  -5.9103
    -2.4547  -2.4547  -0.1649  -0.0106

    inner window: NOT used --> NO FROZEN STATES
</WINDOWS>


  Reading density G-grid from file: chain8.export/index.xml
  Reading Wfcs from file: chain8.export/index.xml


  ======================================================================
  =                       Overlap and Projections                      =
  ======================================================================

  Kinetic energy cut-off for wfcs =         20.00 (Ry)
                         for rho  =         80.00 (Ry)
      Total number of PW for rho  =     135939
        Max number of PW for wfc  =      17018
      Total number of PW for wfcs =      19652
        FFT grid components (rho) =  (    60   72   72 )

    Overlap calculation for k-point   1
                              Total time spent up to now :     4.47 secs

    Overlap calculation for k-point   2
                              Total time spent up to now :     6.54 secs

    Overlap calculation for k-point   3
                              Total time spent up to now :     9.20 secs

    Overlap calculation for k-point   4
                              Total time spent up to now :    12.99 secs


  Overlap and projections written on file: chain8_WanT.ovp

  Initial trial subspace: projected localized orbitals


  ======================================================================
  =                   Starting Iteration loop                          =
  ======================================================================

  Iteration =     1   Omega_I =     58.26293088    Error =     -0.00000000

  Convergence achieved!!

  Final Omega_I (Bohr^2, Angstrom^2)     58.26293088       16.31526933
 ======================================================================

  Subspace data written on file: chain8_WanT.spaces

   <global routines>
             clock number :    12

              disentangle :    18.95s CPU 

                want_init :     0.09s CPU
                  bshells :     0.01s CPU
              wfc_manager :    18.18s CPU
          ggrids_read_ext :     0.23s CPU
             wfc_read_ext :     1.93s CPU
                  overlap :    10.73s CPU
          set_overlap_map :     0.36s CPU (      24 calls,   0.015 s avg)
               projection :     4.34s CPU
       trial_center_setup :     2.98s CPU (      64 calls,   0.047 s avg)
                    s_psi :     0.81s CPU (    1024 calls,   0.001 s avg)
               iterations :     0.37s CPU


