
     Program POST-PROC v.3.2cvs starts ...
     Today is 14Oct2006 at  7:53:24 

     nbndx  =    40  nbnd   =    40  natomwfc =    16  npwx   =    8539
     nelec  =  16.00  nkb   =    32  ngl    =    7151

     negative rho (up, down):  0.443E-02 0.000E+00
