
     Program POST-PROC v.3.1    starts ...
     Today is 12Apr2006 at  0:18:57 

     nbndx  =    20  nbnd   =    20  natomwfc =    18  npwx   =    8007
     nelec  =  22.00  nkb   =    16  ngl    =    3621

     Check: negative/imaginary core charge=   -0.000071    0.000000
