  ======================================================================
              =                                            =
              =     *** WanT *** Wannier Transport Code    =
              =        (www.wannier-transport.org)         =
              =      Ultra Soft Pseudopotential Implem.    =
              =                                            =
  ======================================================================


  Program <wannier>  v. 2.0.0  starts ...
  Date 12Apr2006 at  0:23:24 

  Arch. / Op.Sys: Intel/Amd/Alpha 64-bit, Linux
        Compiler: INTEL


  PW-DFT data read from file: gold_US.export/index.xml

  ======================================================================
  =                                Main                                =
  ======================================================================

            Calculation Title :     Wannier Transport Calculation
                       Prefix :     gold_US
                      Postfix :     _WanT
            Working directory :     ./

                 Restart Mode :     from_scratch
                Overlap Calc. :     TRUE 
             Projection Calc. :     TRUE 
          Read Start Subspace :     FALSE
       Read Start Unitary mat :     FALSE
           Conditioned minim. :     FALSE

 <WANNIER_FUNCTIONS>
  Input parameters for Wannier func. calculation
    Number of Wannier functions required =   12
    SD minim: Mixing parameter (alpha0_wan)=  0.500
    SD minim: Max iteration number =     100
    Minimization convergence threshold =     0.000001000
    CG minim: Mixing parameter (alpha1_wan) =  0.500
    CG minim: Max iteration number =    1500
    Every   5 iteration perform a SD step
    Print info each  20 iterations
    Save data each  200 iterations
    Starting minimization guess = center_projections
    Ordering mode = none
    Verbosity = high
    Unitariery check threshold =     0.000001000
    Conditioned minim. amplitude =     0.000000000
    Conditioned minim.  iter num =  1600
 </WANNIER_FUNCTIONS>

 <DISENTANGLE>
  Input parameters for subspace definition
    Spin component = none
    Mixing parameter (alpha_dis)=  0.500
    Max iteration number =    1000
    Starting minimization guess = center_projections
    Disentangle convergence threshold =     0.000000010
    Print info each  10 iterations
    Save data each   50 iterations
 </DISENTANGLE>

 <TRIAL_CENTERS>
  Trial centers: (cart. coord. in Bohr)

      #     Type          l   m       Position                              Decay
    ----  ------------  --------   ------------------------------------   ---------
      1    atomic  Au     0   0    (   0.000000   0.000000   0.000000 )    0.00000
      2    atomic  Au     2  -2    (   0.000000   0.000000   0.000000 )    0.00000
      3    atomic  Au     2  -1    (   0.000000   0.000000   0.000000 )    0.00000
      4    atomic  Au     2   0    (   0.000000   0.000000   0.000000 )    0.00000
      5    atomic  Au     2   1    (   0.000000   0.000000   0.000000 )    0.00000
      6    atomic  Au     2   2    (   0.000000   0.000000   0.000000 )    0.00000
      7    atomic  Au     0   0    (   0.000000   0.000000   4.724320 )    0.00000
      8    atomic  Au     2  -2    (   0.000000   0.000000   4.724320 )    0.00000
      9    atomic  Au     2  -1    (   0.000000   0.000000   4.724320 )    0.00000
     10    atomic  Au     2   0    (   0.000000   0.000000   4.724320 )    0.00000
     11    atomic  Au     2   1    (   0.000000   0.000000   4.724320 )    0.00000
     12    atomic  Au     2   2    (   0.000000   0.000000   4.724320 )    0.00000

 </TRIAL_CENTERS>


  ======================================================================
  =                              DFT data                              =
  ======================================================================

 <LATTICE>
  Alat  =      20.0000000 (Bohr)
  Alat  =      10.5835400 (Ang )
  Omega =    3779.4560000 (Bohr^3)
  Omega =     560.0569273 (Ang^3 )

  Crystal axes:
                in units of Bohr                 in Alat units
    a(1) = ( 20.0000  0.0000  0.0000 )     (   1.0000  0.0000  0.0000 )
    a(2) = (  0.0000 20.0000  0.0000 )     (   0.0000  1.0000  0.0000 )
    a(3) = (  0.0000  0.0000  9.4486 )     (   0.0000  0.0000  0.4724 )
  Crystal axes: (Ang)
    a(1) = ( 10.5835  0.0000  0.0000 )
    a(2) = (  0.0000 10.5835  0.0000 )
    a(3) = (  0.0000  0.0000  5.0000 )

   Reciprocal lattice vectors:
                in units of Bohr^-1              in 2Pi/Alat units
    b(1) = (  0.3142  0.0000  0.0000 )     (   1.0000  0.0000  0.0000 )
    b(2) = (  0.0000  0.3142  0.0000 )     (   0.0000  1.0000  0.0000 )
    b(3) = (  0.0000  0.0000  0.6650 )     (   0.0000  0.0000  2.1167 )
 </LATTICE>

 <IONS>
  Number of chemical species =  1
  Calculation is done within US pseudopot.

     Pseudo( 1) = Au.pw91-d-van.UPF

     Pseudo( 1) is Au (US)    zval = 11.0   lmax= 2   lloc= 0
     Version   0  0  0 of US pseudo code
     Using log mesh of   939 points
     The pseudopotential has  6 beta functions with: 
                l(1) =   0
                l(2) =   0
                l(3) =   1
                l(4) =   1
                l(5) =   2
                l(6) =   2
     Q(r) pseudized with  3 coefficients,  rinner =    1.600   1.800   1.600
                                                       1.600   1.800

  Atomic positions: (cart. coord. in Bohr)
     Au   tau(   1 ) = (   0.0000000   0.0000000   0.0000000 )
     Au   tau(   2 ) = (   0.0000000   0.0000000   4.7243200 )

  Atomic positions: (crystal coord.)
     Au   tau(   1 ) = (   0.0000000   0.0000000   0.0000000 )
     Au   tau(   2 ) = (   0.0000000   0.0000000   0.0250000 )
 </IONS>

 <K-POINTS>
  nkpts =    4
  Monkhorst-Pack grid:      nk = (  1  1  4 ),      shift = (  0  0  0 )
  K-point calculation: (cart. coord. in Bohr^-1)
    k point   1:   (   0.00000  0.00000  0.00000 ),   weight =   0.2500000
    k point   2:   (   0.00000  0.00000  0.16625 ),   weight =   0.2500000
    k point   3:   (   0.00000  0.00000  0.33249 ),   weight =   0.2500000
    k point   4:   (   0.00000  0.00000  0.49874 ),   weight =   0.2500000
 </K-POINTS>

 <B-SHELL>
  List of the  6 b-vectors : (Bohr^-1) 
    b ( 1) =    (  -0.31416  0.00000  0.00000 ),   weight =   5.0660592
    b ( 2) =    (   0.31416  0.00000  0.00000 ),   weight =   5.0660592
    b ( 3) =    (   0.00000 -0.31416  0.00000 ),   weight =   5.0660592
    b ( 4) =    (   0.00000  0.31416  0.00000 ),   weight =   5.0660592
    b ( 5) =    (   0.00000  0.00000 -0.16625 ),   weight =  18.0912616
    b ( 6) =    (   0.00000  0.00000  0.16625 ),   weight =  18.0912616

  Total weight =      56.4467600
 </B-SHELL>


  Subspace data read from file: gold_US_WanT.space
  Overlap and projections read from file: gold_US_WanT.ovp

  Overlaps and projections setup completed
                              Total time spent up to now :     0.84 secs


  ======================================================================
  =                     Init localization procedure                    =
  ======================================================================


  Initial unitary rotations : projected localized orbitals

  Wannier centers (Bohr) and Spreads Omega (Bohr^2):
    Center   1 = (      0.000030    -0.000346    -1.571300 )  Omega =     17.410270
    Center   2 = (      0.000003     0.000021    -0.000002 )  Omega =      2.950218
    Center   3 = (      0.000000     0.000706    -0.000082 )  Omega =      2.964279
    Center   4 = (     -0.000004    -0.000097    -0.172963 )  Omega =      4.938702
    Center   5 = (      0.000001     0.000000     0.000015 )  Omega =      2.909521
    Center   6 = (      0.000002     0.000020    -0.000002 )  Omega =      2.924361
    Center   7 = (      0.000024    -0.000313     3.153145 )  Omega =     17.409259
    Center   8 = (      0.000003     0.000021     4.724318 )  Omega =      2.950223
    Center   9 = (      0.000000     0.000707     4.724240 )  Omega =      2.965300
    Center  10 = (     -0.000003    -0.000099     4.551332 )  Omega =      4.939226
    Center  11 = (      0.000000     0.000000     4.724337 )  Omega =      2.909860
    Center  12 = (      0.000003     0.000020     4.724318 )  Omega =      2.924440
  ! Center Sum = (      0.000060     0.000640    24.857358 )  Omega =     68.195661

  Spread Operator decomposition (Bohr^2): 
    Omega I       =       40.638989
    Omega D       =        5.572528
    Omega OD      =       21.984144
    Omega Tot     =       68.195661
    Omega Avrg    =        5.682972


  ======================================================================
  =                      Starting iteration loop                       =
  ======================================================================


  Iteration =     1
  Wannier centers (Bohr) and Spreads Omega (Bohr^2):
    Center   1 = (      0.000031    -0.000422    -1.568728 )  Omega =     16.816679
    Center   2 = (      0.000003     0.000021    -0.000002 )  Omega =      2.950218
    Center   3 = (      0.000000     0.000821    -0.000095 )  Omega =      2.964311
    Center   4 = (     -0.000004    -0.000141    -0.179039 )  Omega =      4.920741
    Center   5 = (      0.000001     0.000000     0.000015 )  Omega =      2.909518
    Center   6 = (      0.000002     0.000020    -0.000002 )  Omega =      2.924361
    Center   7 = (      0.000024    -0.000388     3.155707 )  Omega =     16.815808
    Center   8 = (      0.000003     0.000021     4.724318 )  Omega =      2.950223
    Center   9 = (      0.000000     0.000822     4.724227 )  Omega =      2.965330
    Center  10 = (     -0.000003    -0.000143     4.545255 )  Omega =      4.921263
    Center  11 = (      0.000000     0.000000     4.724337 )  Omega =      2.909856
    Center  12 = (      0.000003     0.000020     4.724318 )  Omega =      2.924440
  ! Center Sum = (      0.000060     0.000632    24.850312 )  Omega =     66.972750

  Omega variation (Bohr^2):      -1.222911
                              Total time spent up to now :     0.84 secs


  Iteration =    20
  Wannier centers (Bohr) and Spreads Omega (Bohr^2):
    Center   1 = (      0.000036    -0.002030    -1.741444 )  Omega =     12.841269
    Center   2 = (      0.000004     0.000021    -0.000002 )  Omega =      2.950227
    Center   3 = (     -0.000002     0.003110    -0.000323 )  Omega =      2.964838
    Center   4 = (     -0.000004    -0.000929    -0.242481 )  Omega =      4.353194
    Center   5 = (      0.000000     0.000000     0.000015 )  Omega =      2.909473
    Center   6 = (      0.000002     0.000020    -0.000002 )  Omega =      2.924364
    Center   7 = (      0.000025    -0.001964     2.982986 )  Omega =     12.840773
    Center   8 = (      0.000003     0.000021     4.724318 )  Omega =      2.950231
    Center   9 = (     -0.000002     0.003115     4.723999 )  Omega =      2.965828
    Center  10 = (     -0.000004    -0.000934     4.481804 )  Omega =      4.353609
    Center  11 = (      0.000000     0.000000     4.724337 )  Omega =      2.909801
    Center  12 = (      0.000003     0.000020     4.724318 )  Omega =      2.924443
  ! Center Sum = (      0.000061     0.000450    24.377527 )  Omega =     57.888050

  Omega variation (Bohr^2):      -0.307050
                              Total time spent up to now :     0.89 secs


  Iteration =    40
  Wannier centers (Bohr) and Spreads Omega (Bohr^2):
    Center   1 = (      0.000042    -0.003623    -1.893765 )  Omega =     10.601733
    Center   2 = (      0.000004     0.000021    -0.000002 )  Omega =      2.950237
    Center   3 = (     -0.000003     0.005209    -0.000479 )  Omega =      2.965021
    Center   4 = (     -0.000006    -0.001544    -0.265410 )  Omega =      3.923070
    Center   5 = (      0.000000     0.000000     0.000015 )  Omega =      2.909448
    Center   6 = (      0.000002     0.000019    -0.000002 )  Omega =      2.924370
    Center   7 = (      0.000026    -0.003520     2.830681 )  Omega =     10.601302
    Center   8 = (      0.000004     0.000021     4.724318 )  Omega =      2.950242
    Center   9 = (     -0.000004     0.005218     4.723843 )  Omega =      2.965990
    Center  10 = (     -0.000005    -0.001550     4.458870 )  Omega =      3.923391
    Center  11 = (     -0.000001     0.000000     4.724337 )  Omega =      2.909769
    Center  12 = (      0.000003     0.000019     4.724318 )  Omega =      2.924449
  ! Center Sum = (      0.000061     0.000269    24.026724 )  Omega =     52.549021

  Omega variation (Bohr^2):      -0.217708
                              Total time spent up to now :     0.93 secs


  Iteration =    60
  Wannier centers (Bohr) and Spreads Omega (Bohr^2):
    Center   1 = (      0.000047    -0.004643    -1.974659 )  Omega =      9.169941
    Center   2 = (      0.000004     0.000021    -0.000002 )  Omega =      2.950246
    Center   3 = (     -0.000005     0.006505    -0.000535 )  Omega =      2.965226
    Center   4 = (     -0.000007    -0.001888    -0.259635 )  Omega =      3.740903
    Center   5 = (      0.000000     0.000000     0.000015 )  Omega =      2.909434
    Center   6 = (      0.000002     0.000018    -0.000002 )  Omega =      2.924375
    Center   7 = (      0.000028    -0.004513     2.749779 )  Omega =      9.169611
    Center   8 = (      0.000004     0.000021     4.724318 )  Omega =      2.950250
    Center   9 = (     -0.000006     0.006516     4.723787 )  Omega =      2.966183
    Center  10 = (     -0.000006    -0.001895     4.464641 )  Omega =      3.741181
    Center  11 = (     -0.000002     0.000000     4.724337 )  Omega =      2.909751
    Center  12 = (      0.000003     0.000019     4.724318 )  Omega =      2.924454
  ! Center Sum = (      0.000062     0.000161    23.876364 )  Omega =     49.321556

  Omega variation (Bohr^2):      -0.118454
                              Total time spent up to now :     0.97 secs


  Iteration =    80
  Wannier centers (Bohr) and Spreads Omega (Bohr^2):
    Center   1 = (      0.000052    -0.005161    -2.035490 )  Omega =      8.371970
    Center   2 = (      0.000004     0.000021    -0.000002 )  Omega =      2.950252
    Center   3 = (     -0.000007     0.007122    -0.000528 )  Omega =      2.965470
    Center   4 = (     -0.000008    -0.002017    -0.239673 )  Omega =      3.663151
    Center   5 = (     -0.000001     0.000000     0.000015 )  Omega =      2.909427
    Center   6 = (      0.000002     0.000018    -0.000002 )  Omega =      2.924378
    Center   7 = (      0.000031    -0.005015     2.688931 )  Omega =      8.371744
    Center   8 = (      0.000004     0.000021     4.724318 )  Omega =      2.950256
    Center   9 = (     -0.000008     0.007134     4.723794 )  Omega =      2.966419
    Center  10 = (     -0.000007    -0.002026     4.484601 )  Omega =      3.663411
    Center  11 = (     -0.000002     0.000000     4.724337 )  Omega =      2.909741
    Center  12 = (      0.000003     0.000018     4.724318 )  Omega =      2.924457
  ! Center Sum = (      0.000062     0.000115    23.794620 )  Omega =     47.570677

  Omega variation (Bohr^2):      -0.065215
                              Total time spent up to now :     1.01 secs


  Iteration =   100
  Wannier centers (Bohr) and Spreads Omega (Bohr^2):
    Center   1 = (      0.000055    -0.005344    -2.087384 )  Omega =      7.916688
    Center   2 = (      0.000004     0.000021    -0.000002 )  Omega =      2.950256
    Center   3 = (     -0.000009     0.007291    -0.000490 )  Omega =      2.965721
    Center   4 = (     -0.000008    -0.002010    -0.213378 )  Omega =      3.622850
    Center   5 = (     -0.000002     0.000000     0.000015 )  Omega =      2.909423
    Center   6 = (      0.000002     0.000017    -0.000002 )  Omega =      2.924379
    Center   7 = (      0.000033    -0.005189     2.637023 )  Omega =      7.916549
    Center   8 = (      0.000004     0.000021     4.724318 )  Omega =      2.950260
    Center   9 = (     -0.000009     0.007303     4.723831 )  Omega =      2.966665
    Center  10 = (     -0.000007    -0.002020     4.510897 )  Omega =      3.623099
    Center  11 = (     -0.000003     0.000000     4.724337 )  Omega =      2.909736
    Center  12 = (      0.000003     0.000017     4.724318 )  Omega =      2.924458
  ! Center Sum = (      0.000062     0.000108    23.743484 )  Omega =     46.580085

  Omega variation (Bohr^2):      -0.038249
                              Total time spent up to now :     1.05 secs


  Iteration =   120
  Wannier centers (Bohr) and Spreads Omega (Bohr^2):
    Center   1 = (      0.000065    -0.003357    -2.311891 )  Omega =      6.836596
    Center   2 = (      0.000004     0.000021    -0.000002 )  Omega =      2.950259
    Center   3 = (     -0.000016     0.004321    -0.000141 )  Omega =      2.967451
    Center   4 = (     -0.000005    -0.000896    -0.045212 )  Omega =      3.599256
    Center   5 = (     -0.000007     0.000000     0.000015 )  Omega =      2.909421
    Center   6 = (      0.000002     0.000018    -0.000002 )  Omega =      2.924374
    Center   7 = (      0.000040    -0.003183     2.412461 )  Omega =      6.836649
    Center   8 = (      0.000004     0.000021     4.724318 )  Omega =      2.950263
    Center   9 = (     -0.000016     0.004329     4.724182 )  Omega =      2.968390
    Center  10 = (     -0.000004    -0.000905     4.679094 )  Omega =      3.599435
    Center  11 = (     -0.000007     0.000000     4.724337 )  Omega =      2.909730
    Center  12 = (      0.000003     0.000018     4.724318 )  Omega =      2.924453
  ! Center Sum = (      0.000062     0.000386    23.631478 )  Omega =     44.376277

  Omega variation (Bohr^2):      -0.070473
                              Total time spent up to now :     1.13 secs


  Iteration =   140
  Wannier centers (Bohr) and Spreads Omega (Bohr^2):
    Center   1 = (      0.000065    -0.001464    -2.354871 )  Omega =      6.513230
    Center   2 = (      0.000004     0.000021    -0.000002 )  Omega =      2.950254
    Center   3 = (     -0.000018     0.001863    -0.000041 )  Omega =      2.968399
    Center   4 = (      0.000000    -0.000241    -0.006400 )  Omega =      3.733969
    Center   5 = (     -0.000010     0.000000     0.000015 )  Omega =      2.909426
    Center   6 = (      0.000002     0.000019    -0.000002 )  Omega =      2.924369
    Center   7 = (      0.000040    -0.001288     2.369465 )  Omega =      6.513251
    Center   8 = (      0.000004     0.000021     4.724318 )  Omega =      2.950258
    Center   9 = (     -0.000018     0.001867     4.724282 )  Omega =      2.969340
    Center  10 = (      0.000000    -0.000244     4.717918 )  Omega =      3.734136
    Center  11 = (     -0.000010     0.000000     4.724337 )  Omega =      2.909735
    Center  12 = (      0.000003     0.000019     4.724318 )  Omega =      2.924448
  ! Center Sum = (      0.000061     0.000574    23.623338 )  Omega =     44.000816

  Omega variation (Bohr^2):      -0.011082
                              Total time spent up to now :     1.21 secs


  Iteration =   160
  Wannier centers (Bohr) and Spreads Omega (Bohr^2):
    Center   1 = (      0.000065    -0.000557    -2.361036 )  Omega =      6.399178
    Center   2 = (      0.000004     0.000021    -0.000002 )  Omega =      2.950249
    Center   3 = (     -0.000019     0.000763    -0.000021 )  Omega =      2.968793
    Center   4 = (      0.000002    -0.000011    -0.000885 )  Omega =      3.819658
    Center   5 = (     -0.000011     0.000000     0.000015 )  Omega =      2.909431
    Center   6 = (      0.000002     0.000020    -0.000002 )  Omega =      2.924368
    Center   7 = (      0.000040    -0.000382     2.363299 )  Omega =      6.399185
    Center   8 = (      0.000004     0.000021     4.724318 )  Omega =      2.950253
    Center   9 = (     -0.000019     0.000764     4.724302 )  Omega =      2.969735
    Center  10 = (      0.000002    -0.000012     4.723434 )  Omega =      3.819832
    Center  11 = (     -0.000011     0.000000     4.724337 )  Omega =      2.909740
    Center  12 = (      0.000003     0.000020     4.724318 )  Omega =      2.924447
  ! Center Sum = (      0.000061     0.000647    23.622079 )  Omega =     43.944869

  Omega variation (Bohr^2):      -0.001579
                              Total time spent up to now :     1.29 secs


  Iteration =   180
  Wannier centers (Bohr) and Spreads Omega (Bohr^2):
    Center   1 = (      0.000065    -0.000146    -2.361906 )  Omega =      6.357185
    Center   2 = (      0.000004     0.000021    -0.000002 )  Omega =      2.950243
    Center   3 = (     -0.000019     0.000288    -0.000016 )  Omega =      2.968930
    Center   4 = (      0.000003     0.000067    -0.000131 )  Omega =      3.857540
    Center   5 = (     -0.000012     0.000000     0.000015 )  Omega =      2.909436
    Center   6 = (      0.000002     0.000020    -0.000002 )  Omega =      2.924369
    Center   7 = (      0.000040     0.000029     2.362428 )  Omega =      6.357187
    Center   8 = (      0.000004     0.000021     4.724318 )  Omega =      2.950248
    Center   9 = (     -0.000019     0.000288     4.724306 )  Omega =      2.969873
    Center  10 = (      0.000002     0.000067     4.724189 )  Omega =      3.857718
    Center  11 = (     -0.000012     0.000000     4.724337 )  Omega =      2.909745
    Center  12 = (      0.000003     0.000021     4.724318 )  Omega =      2.924448
  ! Center Sum = (      0.000061     0.000677    23.621855 )  Omega =     43.936921

  Omega variation (Bohr^2):      -0.000225
                              Total time spent up to now :     1.37 secs


  Iteration =   200
  Wannier centers (Bohr) and Spreads Omega (Bohr^2):
    Center   1 = (      0.000065     0.000039    -2.362038 )  Omega =      6.341235
    Center   2 = (      0.000004     0.000021    -0.000002 )  Omega =      2.950238
    Center   3 = (     -0.000019     0.000083    -0.000015 )  Omega =      2.968962
    Center   4 = (      0.000003     0.000093    -0.000025 )  Omega =      3.872888
    Center   5 = (     -0.000012     0.000000     0.000015 )  Omega =      2.909441
    Center   6 = (      0.000002     0.000021    -0.000002 )  Omega =      2.924370
    Center   7 = (      0.000040     0.000213     2.362296 )  Omega =      6.341236
    Center   8 = (      0.000004     0.000021     4.724318 )  Omega =      2.950243
    Center   9 = (     -0.000019     0.000083     4.724308 )  Omega =      2.969905
    Center  10 = (      0.000002     0.000094     4.724295 )  Omega =      3.873069
    Center  11 = (     -0.000012     0.000000     4.724337 )  Omega =      2.909750
    Center  12 = (      0.000003     0.000021     4.724318 )  Omega =      2.924449
  ! Center Sum = (      0.000061     0.000689    23.621807 )  Omega =     43.935786

  Omega variation (Bohr^2):      -0.000032
                              Total time spent up to now :     1.45 secs



  ======================================================================
  =                        Convergence Achieved                        =
  ======================================================================


  Iteration # :   211

  Wannier centers (Bohr) and Spreads Omega (Bohr^2):
    Center   1 = (      0.000065     0.000088    -2.362054 )  Omega =      6.337477
    Center   2 = (      0.000004     0.000021    -0.000002 )  Omega =      2.950236
    Center   3 = (     -0.000019     0.000030    -0.000015 )  Omega =      2.968961
    Center   4 = (      0.000003     0.000099    -0.000013 )  Omega =      3.876587
    Center   5 = (     -0.000012     0.000000     0.000015 )  Omega =      2.909443
    Center   6 = (      0.000002     0.000021    -0.000002 )  Omega =      2.924370
    Center   7 = (      0.000040     0.000262     2.362280 )  Omega =      6.337478
    Center   8 = (      0.000004     0.000021     4.724318 )  Omega =      2.950240
    Center   9 = (     -0.000019     0.000030     4.724308 )  Omega =      2.969904
    Center  10 = (      0.000002     0.000100     4.724307 )  Omega =      3.876769
    Center  11 = (     -0.000012     0.000000     4.724337 )  Omega =      2.909753
    Center  12 = (      0.000003     0.000021     4.724318 )  Omega =      2.924449
  ! Center Sum = (      0.000061     0.000693    23.621799 )  Omega =     43.935668

  Spread Operator decomposition (Bohr^2): 
    Omega I       =       40.638989
    Omega D       =        0.000000
    Omega OD      =        3.296678
    Omega Tot     =       43.935668
    Omega Avrg    =        3.661306

                              Total time spent up to now :     1.50 secs


  Unitary transf. matrixes written on file: gold_US_WanT.wan
  ======================================================================

  Diagonal matrix elements of H on Wannier basis (n.n.)
  dimwann =    12
 !
 !    R = (   0   0  -1 )
 !   0.438649  -0.000011,     0.006328   0.000000,     0.065018  -0.000077,
 !   0.023332   0.000010,     0.065143   0.000077,     0.003062   0.000000,
 !   0.438649  -0.000011,     0.006323   0.000000,     0.065035  -0.000078,
 !   0.023326   0.000010,     0.065154   0.000078,     0.003063   0.000000,
 !
 !    R = (   0   0   0 )
 !  -1.005652   0.000000,    -1.393980   0.000000,    -1.812807   0.000000,
 !  -1.385521   0.000000,    -1.810163   0.000000,    -1.393842   0.000000,
 !  -1.005652   0.000000,    -1.394003   0.000000,    -1.813223   0.000000,
 !  -1.385351   0.000000,    -1.810332   0.000000,    -1.393807   0.000000,
 !
 !    R = (   0   0   1 )
 !   0.438649   0.000011,     0.006328   0.000000,     0.065018   0.000077,
 !   0.023332  -0.000010,     0.065143  -0.000077,     0.003062   0.000000,
 !   0.438649   0.000011,     0.006323   0.000000,     0.065035   0.000078,
 !   0.023326  -0.000010,     0.065154  -0.000078,     0.003063   0.000000,


  Decay of the real space Hamiltonian:
    (number of R vectors (nrtot) :    4

    #       R [cry]     |R| [Bohr]      Norm of H(R) [eV]
    2      0   0   0     0.000000         1.897896
    3      0   0   1     9.448640         0.787795
    4      0   0   2    18.897280         0.103766

  Hamiltonian on WF basis written on file : gold_US_WanT.ham


  ======================================================================

   <global routines>
             clock number :    13

                  wannier :     1.00s CPU 
 
                want_init :     0.11s CPU
             bshells_init :     0.00s CPU
          overlap_extract :     0.73s CPU
        localization_init :     0.00s CPU
           overlap_update :     0.10s CPU (     323 calls,   0.000 s avg)
                   omegai :     0.00s CPU
                    omega :     0.02s CPU (     323 calls,   0.000 s avg)
               iterations :     0.66s CPU
                   domega :     0.03s CPU (     211 calls,   0.000 s avg)
           unitary_update :     0.48s CPU (     322 calls,   0.001 s avg)
               omega_best :     0.00s CPU (     211 calls,   0.000 s avg)
         hamiltonian_calc :     0.00s CPU


