
     Program PWSCF     v.2.1.5  starts ...
     Today is 10Oct2005 at  7:51:33 

     Ultrasoft (Vanderbilt) Pseudopotentials

     Current dimensions of program pwscf are:
     ntypx =10   npk =40000  lmax = 3
     nchix = 6  ndmx = 2000  nbrx =14 nqfx = 8
     warning: symmetry operation #  3 not allowed.   fractional translation:
       0.0000000  0.0000000 -0.3999998  in crystal coordinates
     warning: symmetry operation #  4 not allowed.   fractional translation:
       0.0000000  0.0000000 -0.3999998  in crystal coordinates
     warning: symmetry operation #  5 not allowed.   fractional translation:
       0.0000000  0.0000000 -0.3999998  in crystal coordinates
     warning: symmetry operation #  6 not allowed.   fractional translation:
       0.0000000  0.0000000 -0.3999998  in crystal coordinates
     warning: symmetry operation #  9 not allowed.   fractional translation:
       0.0000000  0.0000000 -0.3999998  in crystal coordinates
     warning: symmetry operation # 10 not allowed.   fractional translation:
       0.0000000  0.0000000 -0.3999998  in crystal coordinates
     warning: symmetry operation # 15 not allowed.   fractional translation:
       0.0000000  0.0000000 -0.3999998  in crystal coordinates
     warning: symmetry operation # 16 not allowed.   fractional translation:
       0.0000000  0.0000000 -0.3999998  in crystal coordinates


     bravais-lattice index     =            8
     lattice parameter (a_0)   =      20.0000  a.u.
     unit-cell volume          =    1889.7280 (a.u.)^3
     number of atoms/cell      =            1
     number of atomic types    =            1
     kinetic-energy cutoff     =      50.0000  Ry
     charge density cutoff     =     200.0000  Ry
     convergence threshold     =      1.0E-08
     beta                      =       0.3000
     number of iterations used =            8  plain     mixing
     Exchange-correlation      =  SLA  PW   GGX  GGC (1422)
     iswitch = -1

     celldm(1)=  20.000000  celldm(2)=   1.000000  celldm(3)=   0.236216
     celldm(4)=   0.000000  celldm(5)=   0.000000  celldm(6)=   0.000000

     crystal axes: (cart. coord. in units of a_0)
               a(1) = (  1.000000  0.000000  0.000000 )  
               a(2) = (  0.000000  1.000000  0.000000 )  
               a(3) = (  0.000000  0.000000  0.236216 )  

     reciprocal axes: (cart. coord. in units 2 pi/a_0)
               b(1) = (  1.000000  0.000000  0.000000 )  
               b(2) = (  0.000000  1.000000  0.000000 )  
               b(3) = (  0.000000  0.000000  4.233413 )  


     PSEUDO 1 is Au         zval = 11.0   lmax= 2   lloc= 0
     (in numerical form:   331 grid points, xmin =  0.00, dx = 0.0000)

     atomic species   valence    mass     pseudopotential
        Au            11.00   196.96650     Au( 1.00)

      8 Sym.Ops. (no inversion)


   Cartesian axes

     site n.     atom                  positions (a_0 units)
         1           Au  tau(  1) = (   0.0000000   0.0000000   0.0472432  )

     number of k points=    8  gaussian broad. (ryd)=  0.0100     ngauss =   0
                       cart. coord. in units 2pi/a_0
        k(   1) = (   0.0000000   0.0000000   0.0000000), wk =   0.2500000
        k(   2) = (   0.0000000   0.0000000   0.5291767), wk =   0.2500000
        k(   3) = (   0.0000000   0.0000000   1.0583534), wk =   0.2500000
        k(   4) = (   0.0000000   0.0000000   1.5875301), wk =   0.2500000
        k(   5) = (   0.0000000   0.0000000   2.1167067), wk =   0.2500000
        k(   6) = (   0.0000000   0.0000000   2.6458834), wk =   0.2500000
        k(   7) = (   0.0000000   0.0000000   3.1750601), wk =   0.2500000
        k(   8) = (   0.0000000   0.0000000   3.7042368), wk =   0.2500000

     G cutoff = 2026.4237  (  90341 G-vectors)     FFT grid: ( 96, 96, 24)

     nbndx  =    40  nbnd   =    10  natomwfc =     9  npwx   =   11303
     nelec  =   11.00 nkb   =     8  ngl    =    4885
  warning: negative or imaginary core charge    -0.000021    0.000000

     The initial potential is read from file       gold.pot
     Starting wfc are atomic +   1 random wfc

     total cpu time spent up to now is      9.17 secs

     Band Structure Calculation
     Davidson diagonalization (with overlap)
     ethr =  9.09E-11,  avg # of iterations = 15.6

     total cpu time spent up to now is     77.41 secs

     End of band structure calculation

          k = 0.0000 0.0000 0.0000     band energies (ev):

   -10.5537  -6.5841  -6.5841  -6.3247  -4.9046  -4.9046  -1.1316  -1.1316
     1.1450   2.1105

          k = 0.0000 0.0000 0.5292     band energies (ev):

    -9.7487  -6.4887  -6.4886  -6.0936  -5.6338  -5.6338  -0.4240  -0.4240
     1.5131   2.4789

          k = 0.0000 0.0000 1.0584     band energies (ev):

    -7.5516  -6.9088  -6.9088  -6.2511  -6.2509  -5.3755   1.0896   1.0896
     2.6190   3.5844

          k = 0.0000 0.0000 1.5875     band energies (ev):

    -7.8859  -7.8859  -6.0027  -6.0025  -5.5587  -3.2060   3.0736   3.0736
     4.4746   5.6932

          k = 0.0000 0.0000 2.1167     band energies (ev):

    -8.2412  -8.2412  -5.8964  -5.8962  -5.1043  -0.1305   2.2902   4.7913
     4.7913   7.0247

          k = 0.0000 0.0000 2.6459     band energies (ev):

    -7.8859  -7.8859  -6.0027  -6.0025  -5.5587  -3.2060   3.0736   3.0736
     4.4746   5.6938

          k = 0.0000 0.0000 3.1751     band energies (ev):

    -7.5516  -6.9088  -6.9088  -6.2511  -6.2509  -5.3755   1.0896   1.0896
     2.6190   3.5845

          k = 0.0000 0.0000 3.7042     band energies (ev):

    -9.7487  -6.4887  -6.4886  -6.0936  -5.6338  -5.6338  -0.4240  -0.4240
     1.5131   2.4789

     Writing file      gold.save for program phonon
 
     PWSCF        :  1m20.77s CPU time

     init_run     :     9.16s CPU
     electrons    :    68.23s CPU
 
     electrons    :    68.23s CPU
     c_bands      :    68.23s CPU
     sum_band     :     3.35s CPU
 
     c_bands      :    68.23s CPU
     init_us_2    :     0.57s CPU (      24 calls,   0.024 s avg)
     cegterg      :    67.56s CPU (       8 calls,   8.444 s avg)
 
     sum_band     :     3.35s CPU
 
     wfcrot       :     7.95s CPU (       8 calls,   0.994 s avg)
     cegterg      :    67.56s CPU (       8 calls,   8.444 s avg)
     h_psi        :    68.63s CPU (     141 calls,   0.487 s avg)
     g_psi        :     0.46s CPU (     125 calls,   0.004 s avg)
     overlap      :     2.04s CPU (     125 calls,   0.016 s avg)
     cdiaghg      :     0.14s CPU (     133 calls,   0.001 s avg)
     update       :     2.49s CPU (     125 calls,   0.020 s avg)
     last         :     0.91s CPU (      24 calls,   0.038 s avg)
 
     h_psi        :    68.63s CPU (     141 calls,   0.487 s avg)
     init         :     0.31s CPU (     141 calls,   0.002 s avg)
     firstfft     :    33.36s CPU (     800 calls,   0.042 s avg)
     secondfft    :    28.91s CPU (     800 calls,   0.036 s avg)
     add_vuspsi   :     0.58s CPU (     141 calls,   0.004 s avg)
 
     General routines
     ccalbec      :     0.46s CPU (     141 calls,   0.003 s avg)
     cft3         :     0.13s CPU (       2 calls,   0.064 s avg)
     cft3s        :    59.86s CPU (    1680 calls,   0.036 s avg)
     davcio       :     0.22s CPU (      32 calls,   0.007 s avg)
 
