
     Program PWSCF v.5.0.2 (svn rev. 10303M) starts on  1Aug2013 at 10:58: 0 

     This program is part of the open-source Quantum ESPRESSO suite
     for quantum simulation of materials; please cite
         "P. Giannozzi et al., J. Phys.:Condens. Matter 21 395502 (2009);
          URL http://www.quantum-espresso.org", 
     in publications or presentations arising from this work. More details at
     http://www.quantum-espresso.org/quote

     Parallel version (MPI & OpenMP), running on       6 processor cores
     Number of MPI processes:                 6
     Threads/MPI process:                     1
     R & G space division:  proc/nbgrp/npool/nimage =       6
     Reading input from /home/ferretti/want/tests/test06/scf_Au.in

     Current dimensions of program PWSCF are:
     Max number of different atomic species (ntypx) = 10
     Max number of k-points (npk) =  40000
     Max angular momentum in pseudopotentials (lmaxx) =  3

     Subspace diagonalization in iterative solution of the eigenvalue problem:
     a serial algorithm will be used

 
     Parallelization info
     --------------------
     sticks:   dense  smooth     PW     G-vecs:    dense   smooth      PW
     Min        1061    1061    315                15056    15056    2433
     Max        1063    1063    317                15057    15057    2434
     Sum        6369    6369   1893                90341    90341   14599
 


     bravais-lattice index     =            8
     lattice parameter (alat)  =      20.0000  a.u.
     unit-cell volume          =    1889.7280 (a.u.)^3
     number of atoms/cell      =            1
     number of atomic types    =            1
     number of electrons       =        11.00
     number of Kohn-Sham states=           10
     kinetic-energy cutoff     =      50.0000  Ry
     charge density cutoff     =     200.0000  Ry
     convergence threshold     =      1.0E-08
     mixing beta               =       0.3000
     number of iterations used =            8  plain     mixing
     Exchange-correlation      =  SLA  PW   GGX  GGC ( 1 4 2 2 0)
     EXX-fraction              =        0.00

     celldm(1)=  20.000000  celldm(2)=   1.000000  celldm(3)=   0.236216
     celldm(4)=   0.000000  celldm(5)=   0.000000  celldm(6)=   0.000000

     crystal axes: (cart. coord. in units of alat)
               a(1) = (   1.000000   0.000000   0.000000 )  
               a(2) = (   0.000000   1.000000   0.000000 )  
               a(3) = (   0.000000   0.000000   0.236216 )  

     reciprocal axes: (cart. coord. in units 2 pi/alat)
               b(1) = (  1.000000  0.000000  0.000000 )  
               b(2) = (  0.000000  1.000000  0.000000 )  
               b(3) = (  0.000000  0.000000  4.233413 )  


     PseudoPot. # 1 for Au read from file:
     ../pseudo/Au11pw91.mt.UPF
     MD5 check sum: e270e13d0e45fa10676aee720c7982d9
     Pseudo is Norm-conserving + core correction, Zval = 11.0
     Generated by new atomic code, or converted to UPF format
     Using radial grid of  331 points,  2 beta functions with: 
                l(1) =   1
                l(2) =   2

     atomic species   valence    mass     pseudopotential
        Au            11.00   196.96650     Au( 1.00)

      8 Sym. Ops. (no inversion) found
          (note:  8 additional sym.ops. were found but ignored
           their fractional translations are incommensurate with FFT grid)


   Cartesian axes

     site n.     atom                  positions (alat units)
         1           Au  tau(   1) = (   0.0000000   0.0000000   0.0472432  )

     number of k points=    12  gaussian smearing, width (Ry)=  0.0100
                       cart. coord. in units 2pi/alat
        k(    1) = (   0.0000000   0.0000000   0.0881961), wk =   0.1666667
        k(    2) = (   0.0000000   0.0000000   0.2645883), wk =   0.1666667
        k(    3) = (   0.0000000   0.0000000   0.4409806), wk =   0.1666667
        k(    4) = (   0.0000000   0.0000000   0.6173728), wk =   0.1666667
        k(    5) = (   0.0000000   0.0000000   0.7937650), wk =   0.1666667
        k(    6) = (   0.0000000   0.0000000   0.9701573), wk =   0.1666667
        k(    7) = (   0.0000000   0.0000000   1.1465495), wk =   0.1666667
        k(    8) = (   0.0000000   0.0000000   1.3229417), wk =   0.1666667
        k(    9) = (   0.0000000   0.0000000   1.4993339), wk =   0.1666667
        k(   10) = (   0.0000000   0.0000000   1.6757262), wk =   0.1666667
        k(   11) = (   0.0000000   0.0000000   1.8521184), wk =   0.1666667
        k(   12) = (   0.0000000   0.0000000   2.0285106), wk =   0.1666667

     Dense  grid:    90341 G-vectors     FFT dimensions: (  96,  96,  24)

     Largest allocated arrays     est. size (Mb)     dimensions
        Kohn-Sham Wavefunctions         0.29 Mb     (    1874,   10)
        NL pseudopotentials             0.23 Mb     (    1874,    8)
        Each V/rho on FFT grid          0.56 Mb     (   36864)
        Each G-vector array             0.11 Mb     (   15057)
        G-vector shells                 0.03 Mb     (    4147)
     Largest temporary arrays     est. size (Mb)     dimensions
        Auxiliary wavefunctions         1.14 Mb     (    1874,   40)
        Each subspace H/S matrix        0.02 Mb     (      40,   40)
        Each <psi_i|beta_j> matrix      0.00 Mb     (       8,   10)
        Arrays for rho mixing           4.50 Mb     (   36864,    8)

     Check: negative/imaginary core charge=   -0.000021    0.000000

     Initial potential from superposition of free atoms
     Check: negative starting charge=   -0.005716

     starting charge   10.99993, renormalised to   11.00000

     negative rho (up, down):  5.716E-03 0.000E+00
     Starting wfc are    9 randomized atomic wfcs

     total cpu time spent up to now is        1.3 secs

     per-process dynamical memory:    14.5 Mb

     Self-consistent Calculation

     iteration #  1     ecut=    50.00 Ry     beta=0.30
     Davidson diagonalization with overlap
     ethr =  1.00E-02,  avg # of iterations =  6.2

     Threshold (ethr) on eigenvalues was too large:
     Diagonalizing with lowered threshold

     Davidson diagonalization with overlap
     ethr =  5.46E-04,  avg # of iterations =  3.6

     negative rho (up, down):  3.580E-03 0.000E+00

     total cpu time spent up to now is        4.2 secs

     total energy              =     -91.08646347 Ry
     Harris-Foulkes estimate   =     -91.11225283 Ry
     estimated scf accuracy    <       0.06156082 Ry

     iteration #  2     ecut=    50.00 Ry     beta=0.30
     Davidson diagonalization with overlap
     ethr =  5.60E-04,  avg # of iterations =  1.1

     negative rho (up, down):  2.376E-03 0.000E+00

     total cpu time spent up to now is        5.3 secs

     total energy              =     -91.09767281 Ry
     Harris-Foulkes estimate   =     -91.09823266 Ry
     estimated scf accuracy    <       0.00113863 Ry

     iteration #  3     ecut=    50.00 Ry     beta=0.30
     Davidson diagonalization with overlap
     ethr =  1.04E-05,  avg # of iterations =  5.1

     negative rho (up, down):  1.484E-04 0.000E+00

     total cpu time spent up to now is        6.9 secs

     total energy              =     -91.09690420 Ry
     Harris-Foulkes estimate   =     -91.09778357 Ry
     estimated scf accuracy    <       0.00050550 Ry

     iteration #  4     ecut=    50.00 Ry     beta=0.30
     Davidson diagonalization with overlap
     ethr =  4.60E-06,  avg # of iterations =  2.2

     negative rho (up, down):  2.203E-04 0.000E+00

     total cpu time spent up to now is        8.3 secs

     total energy              =     -91.09702985 Ry
     Harris-Foulkes estimate   =     -91.09704074 Ry
     estimated scf accuracy    <       0.00005724 Ry

     iteration #  5     ecut=    50.00 Ry     beta=0.30
     Davidson diagonalization with overlap
     ethr =  5.20E-07,  avg # of iterations =  1.2

     negative rho (up, down):  8.832E-06 0.000E+00

     total cpu time spent up to now is        9.5 secs

     total energy              =     -91.09700937 Ry
     Harris-Foulkes estimate   =     -91.09703284 Ry
     estimated scf accuracy    <       0.00001933 Ry

     iteration #  6     ecut=    50.00 Ry     beta=0.30
     Davidson diagonalization with overlap
     ethr =  1.76E-07,  avg # of iterations =  2.0

     negative rho (up, down):  1.722E-05 0.000E+00

     total cpu time spent up to now is       10.8 secs

     total energy              =     -91.09701334 Ry
     Harris-Foulkes estimate   =     -91.09701280 Ry
     estimated scf accuracy    <       0.00000039 Ry

     iteration #  7     ecut=    50.00 Ry     beta=0.30
     Davidson diagonalization with overlap
     ethr =  3.52E-09,  avg # of iterations =  1.9

     total cpu time spent up to now is       12.0 secs

     total energy              =     -91.09701172 Ry
     Harris-Foulkes estimate   =     -91.09701339 Ry
     estimated scf accuracy    <       0.00000029 Ry

     iteration #  8     ecut=    50.00 Ry     beta=0.30
     Davidson diagonalization with overlap
     ethr =  2.61E-09,  avg # of iterations =  2.0

     negative rho (up, down):  1.020E-07 0.000E+00

     total cpu time spent up to now is       13.2 secs

     total energy              =     -91.09701167 Ry
     Harris-Foulkes estimate   =     -91.09701176 Ry
     estimated scf accuracy    <       0.00000004 Ry

     iteration #  9     ecut=    50.00 Ry     beta=0.30
     Davidson diagonalization with overlap
     ethr =  3.28E-10,  avg # of iterations =  2.0

     total cpu time spent up to now is       14.6 secs

     total energy              =     -91.09701174 Ry
     Harris-Foulkes estimate   =     -91.09701169 Ry
     estimated scf accuracy    <       0.00000003 Ry

     iteration # 10     ecut=    50.00 Ry     beta=0.30
     Davidson diagonalization with overlap
     ethr =  2.66E-10,  avg # of iterations =  1.0

     total cpu time spent up to now is       15.7 secs

     End of self-consistent calculation

          k = 0.0000 0.0000 0.0882 ( 11319 PWs)   bands (ev):

   -10.8432  -6.8145  -6.8144  -6.4534  -5.2642  -5.2642  -1.1573  -1.1573
     1.1578   2.1248

          k = 0.0000 0.0000 0.2646 ( 11319 PWs)   bands (ev):

   -10.6626  -6.7930  -6.7929  -6.4016  -5.4441  -5.4441  -0.9846  -0.9846
     1.2396   2.2067

          k = 0.0000 0.0000 0.4410 ( 11323 PWs)   bands (ev):

   -10.3056  -6.7513  -6.7511  -6.2983  -5.7596  -5.7596  -0.6745  -0.6745
     1.4032   2.3706

          k = 0.0000 0.0000 0.6174 ( 11291 PWs)   bands (ev):

    -9.7811  -6.6916  -6.6915  -6.1542  -6.1542  -6.1439  -0.2671  -0.2671
     1.6486   2.6162

          k = 0.0000 0.0000 0.7938 ( 11263 PWs)   bands (ev):

    -9.1053  -6.6177  -6.6175  -6.5812  -6.5812  -5.9364   0.2115   0.2115
     1.9760   2.9439

          k = 0.0000 0.0000 0.9702 ( 11287 PWs)   bands (ev):

    -8.3072  -7.0064  -7.0064  -6.5341  -6.5339  -5.6664   0.7486   0.7486
     2.3855   3.3534

          k = 0.0000 0.0000 1.1465 ( 11287 PWs)   bands (ev):

    -7.4457  -7.4053  -7.4053  -6.4461  -6.4459  -5.3006   1.3394   1.3394
     2.8778   3.8448

          k = 0.0000 0.0000 1.3229 ( 11271 PWs)   bands (ev):

    -7.7600  -7.7600  -6.6415  -6.3598  -6.3596  -4.7499   1.9817   1.9817
     3.4535   4.4181

          k = 0.0000 0.0000 1.4993 ( 11242 PWs)   bands (ev):

    -8.0576  -8.0576  -6.2812  -6.2810  -6.0477  -3.9009   2.6711   2.6711
     4.1139   5.0732

          k = 0.0000 0.0000 1.6757 ( 11274 PWs)   bands (ev):

    -8.2885  -8.2885  -6.2162  -6.2160  -5.6813  -2.7870   3.3942   3.3942
     4.7888   4.8867

          k = 0.0000 0.0000 1.8521 ( 11294 PWs)   bands (ev):

    -8.4459  -8.4459  -6.1697  -6.1695  -5.4685  -1.5597   3.4204   4.1082
     4.1082   5.6989

          k = 0.0000 0.0000 2.0285 ( 11254 PWs)   bands (ev):

    -8.5257  -8.5257  -6.1455  -6.1453  -5.3682  -0.4865   2.2812   4.6586
     4.6586   6.6204

     the Fermi energy is    -5.2253 ev

!    total energy              =     -91.09701176 Ry
     Harris-Foulkes estimate   =     -91.09701174 Ry
     estimated scf accuracy    <          1.5E-09 Ry

     The total energy is the sum of the following terms:

     one-electron contribution =    -118.73757323 Ry
     hartree contribution      =      65.01542352 Ry
     xc contribution           =     -38.22086842 Ry
     ewald contribution        =       0.84746490 Ry
     smearing contrib. (-TS)   =      -0.00145851 Ry

     convergence has been achieved in  10 iterations

     Forces acting on atoms (Ry/au):

     atom    1 type  1   force =     0.00000000    0.00000000    0.00000000

     Total force =     0.000000     Total SCF correction =     0.000001

     Writing output data file gold.save
 
     init_run     :      1.04s CPU      1.13s WALL (       1 calls)
     electrons    :     14.31s CPU     14.40s WALL (       1 calls)
     forces       :      0.16s CPU      0.16s WALL (       1 calls)

     Called by init_run:
     wfcinit      :      0.44s CPU      0.50s WALL (       1 calls)
     potinit      :      0.10s CPU      0.10s WALL (       1 calls)

     Called by electrons:
     c_bands      :     11.31s CPU     11.38s WALL (      11 calls)
     sum_band     :      2.28s CPU      2.31s WALL (      11 calls)
     v_of_rho     :      0.56s CPU      0.57s WALL (      11 calls)
     mix_rho      :      0.12s CPU      0.12s WALL (      11 calls)

     Called by c_bands:
     init_us_2    :      0.24s CPU      0.20s WALL (     288 calls)
     cegterg      :     11.03s CPU     11.09s WALL (     132 calls)

     Called by *egterg:
     h_psi        :     10.29s CPU     10.35s WALL (     482 calls)
     g_psi        :      0.08s CPU      0.09s WALL (     338 calls)
     cdiaghg      :      0.20s CPU      0.21s WALL (     458 calls)

     Called by h_psi:
     add_vuspsi   :      0.10s CPU      0.09s WALL (     482 calls)

     General routines
     calbec       :      0.17s CPU      0.15s WALL (     494 calls)
     fft          :      0.37s CPU      0.36s WALL (     133 calls)
     fftw         :     10.88s CPU     10.91s WALL (    7946 calls)
     davcio       :      0.01s CPU      0.11s WALL (      12 calls)
 
     Parallel routines
     fft_scatter  :      2.80s CPU      3.01s WALL (    8079 calls)
 
     PWSCF        :    15.97s CPU        16.50s WALL

 
   This run was terminated on:  10:58:17   1Aug2013            

=------------------------------------------------------------------------------=
   JOB DONE.
=------------------------------------------------------------------------------=
