
     Program PWSCF     v.3.0    starts ...
     Today is  2Dec2005 at 21: 4:39 

     Ultrasoft (Vanderbilt) Pseudopotentials

     Current dimensions of program pwscf are:

     ntypx = 10   npk = 40000  lmax =  3
     nchix =  6  ndmx =  2000  nbrx = 14  nqfx =  8
     Found additional translation:    0.0000    0.0000    0.3333
     Found additional translation:    0.0000    0.0000   -0.3333


     bravais-lattice index     =            4
     lattice parameter (a_0)   =       5.8748  a.u.
     unit-cell volume          =     856.2095 (a.u.)^3
     number of atoms/cell      =           12
     number of atomic types    =            2
     kinetic-energy cutoff     =      60.0000  Ry
     charge density cutoff     =     240.0000  Ry
     convergence threshold     =      1.0E-06
     beta                      =       0.3000
     number of iterations used =            8  plain     mixing
     Exchange-correlation      =  SLA  PW   PBE  PBE (1434)
     celldm(1)=   5.874800  celldm(2)=   0.000000  celldm(3)=   4.876072
     celldm(4)=   0.000000  celldm(5)=   0.000000  celldm(6)=   0.000000

     crystal axes: (cart. coord. in units of a_0)
               a(1) = (  1.000000  0.000000  0.000000 )  
               a(2) = ( -0.500000  0.866025  0.000000 )  
               a(3) = (  0.000000  0.000000  4.876072 )  

     reciprocal axes: (cart. coord. in units 2 pi/a_0)
               b(1) = (  1.000000  0.577350  0.000000 )  
               b(2) = (  0.000000  1.154701  0.000000 )  
               b(3) = (  0.000000  0.000000  0.205083 )  


     PSEUDO 1 is N          zval =  5.0   lmax= 1   lloc= 0
     (in numerical form:   700 grid points, xmin =  0.00, dx = 0.0000)

     PSEUDO 2 is Al         zval =  3.0   lmax= 2   lloc= 0
     (in numerical form:   879 grid points, xmin =  0.00, dx = 0.0000)

     atomic species   valence    mass     pseudopotential
        N              5.00    14.01000     N ( 1.00)
        Al             3.00    26.98000     Al( 1.00)

      6 Sym.Ops. (no inversion)

                                    s                        frac. trans.

      isym =  1     identity                                     

 cryst.   s( 1) = (     1          0          0      )
                  (     0          1          0      )
                  (     0          0          1      )

 cart.    s( 1) = (  1.0000000  0.0000000  0.0000000 )
                  (  0.0000000  1.0000000  0.0000000 )
                  (  0.0000000  0.0000000  1.0000000 )


      isym =  2     120 deg rotation - cryst. axis [0,0,1]       

 cryst.   s( 2) = (     0          1          0      )
                  (    -1         -1          0      )
                  (     0          0          1      )

 cart.    s( 2) = ( -0.5000000 -0.8660254  0.0000000 )
                  (  0.8660254 -0.5000000  0.0000000 )
                  (  0.0000000  0.0000000  1.0000000 )


      isym =  3     120 deg rotation - cryst. axis [0,0,-1]      

 cryst.   s( 3) = (    -1         -1          0      )
                  (     1          0          0      )
                  (     0          0          1      )

 cart.    s( 3) = ( -0.5000000  0.8660254  0.0000000 )
                  ( -0.8660254 -0.5000000  0.0000000 )
                  (  0.0000000  0.0000000  1.0000000 )


      isym =  4     inv. 180 deg rotation - cryst. axis [1,0,0]  

 cryst.   s( 4) = (    -1          0          0      )
                  (     1          1          0      )
                  (     0          0          1      )

 cart.    s( 4) = ( -1.0000000  0.0000000  0.0000000 )
                  (  0.0000000  1.0000000  0.0000000 )
                  (  0.0000000  0.0000000  1.0000000 )


      isym =  5     inv. 180 deg rotation - cryst. axis [0,1,0]  

 cryst.   s( 5) = (     1          1          0      )
                  (     0         -1          0      )
                  (     0          0          1      )

 cart.    s( 5) = (  0.5000000  0.8660254  0.0000000 )
                  (  0.8660254 -0.5000000  0.0000000 )
                  (  0.0000000  0.0000000  1.0000000 )


      isym =  6     inv. 180 deg rotation - cryst. axis [1,1,0]  

 cryst.   s( 6) = (     0         -1          0      )
                  (    -1          0          0      )
                  (     0          0          1      )

 cart.    s( 6) = (  0.5000000 -0.8660254  0.0000000 )
                  ( -0.8660254 -0.5000000  0.0000000 )
                  (  0.0000000  0.0000000  1.0000000 )


   Cartesian axes

     site n.     atom                  positions (a_0 units)
         1           Al  tau(  1) = (   0.0000000   0.0000000  -0.0034175  )
         2           Al  tau(  2) = (   0.4999995  -0.2886748   0.8092601  )
         3           N   tau(  3) = (   0.0000000   0.0000000   0.6129302  )
         4           N   tau(  4) = (   0.4999995  -0.2886748   1.4256034  )
         5           Al  tau(  5) = (   0.0000000   0.0000000   1.6219401  )
         6           Al  tau(  6) = (   0.4999995  -0.2886748   2.4346170  )
         7           N   tau(  7) = (   0.0000000   0.0000000   2.2382868  )
         8           N   tau(  8) = (   0.4999995  -0.2886748   3.0509611  )
         9           Al  tau(  9) = (   0.0000000   0.0000000   3.2472981  )
        10           Al  tau( 10) = (   0.4999995  -0.2886748   4.0599747  )
        11           N   tau( 11) = (   0.0000000   0.0000000   3.8636446  )
        12           N   tau( 12) = (   0.4999995  -0.2886748   4.6763177  )

   Crystallographic axes

     site n.     atom                  positions (cryst. coord.)
        1           Al  tau(  1) = (  0.0000000  0.0000000 -0.0007009  )
        2           Al  tau(  2) = (  0.3333330 -0.3333330  0.1659656  )
        3           N   tau(  3) = (  0.0000000  0.0000000  0.1257016  )
        4           N   tau(  4) = (  0.3333330 -0.3333330  0.2923671  )
        5           Al  tau(  5) = (  0.0000000  0.0000000  0.3326325  )
        6           Al  tau(  6) = (  0.3333330 -0.3333330  0.4992988  )
        7           N   tau(  7) = (  0.0000000  0.0000000  0.4590348  )
        8           N   tau(  8) = (  0.3333330 -0.3333330  0.6257005  )
        9           Al  tau(  9) = (  0.0000000  0.0000000  0.6659659  )
       10           Al  tau( 10) = (  0.3333330 -0.3333330  0.8326322  )
       11           N   tau( 11) = (  0.0000000  0.0000000  0.7923682  )
       12           N   tau( 12) = (  0.3333330 -0.3333330  0.9590337  )

     number of k points=   32
                       cart. coord. in units 2pi/a_0
        k(    1) = (   0.0000000   0.0000000   0.0000000), wk =   0.0625000
        k(    2) = (   0.0000000   0.2886751   0.0000000), wk =   0.0625000
        k(    3) = (   0.0000000  -0.2886751   0.0000000), wk =   0.0625000
        k(    4) = (   0.0000000  -0.5773503   0.0000000), wk =   0.0625000
        k(    5) = (   0.2500000   0.1443376   0.0000000), wk =   0.0625000
        k(    6) = (   0.2500000   0.4330127   0.0000000), wk =   0.0625000
        k(    7) = (   0.2500000  -0.4330127   0.0000000), wk =   0.0625000
        k(    8) = (   0.2500000  -0.1443376   0.0000000), wk =   0.0625000
        k(    9) = (  -0.2500000  -0.1443376   0.0000000), wk =   0.0625000
        k(   10) = (  -0.2500000   0.1443376   0.0000000), wk =   0.0625000
        k(   11) = (  -0.2500000  -0.7216878   0.0000000), wk =   0.0625000
        k(   12) = (  -0.2500000  -0.4330127   0.0000000), wk =   0.0625000
        k(   13) = (  -0.5000000  -0.2886751   0.0000000), wk =   0.0625000
        k(   14) = (  -0.5000000   0.0000000   0.0000000), wk =   0.0625000
        k(   15) = (  -0.5000000  -0.8660254   0.0000000), wk =   0.0625000
        k(   16) = (  -0.5000000  -0.5773503   0.0000000), wk =   0.0625000
        k(   17) = (   0.0000000   0.0000000   0.1025415), wk =   0.0625000
        k(   18) = (   0.0000000   0.2886751   0.1025415), wk =   0.0625000
        k(   19) = (   0.0000000  -0.2886751   0.1025415), wk =   0.0625000
        k(   20) = (   0.0000000  -0.5773503   0.1025415), wk =   0.0625000
        k(   21) = (   0.2500000   0.1443376   0.1025415), wk =   0.0625000
        k(   22) = (   0.2500000   0.4330127   0.1025415), wk =   0.0625000
        k(   23) = (   0.2500000  -0.4330127   0.1025415), wk =   0.0625000
        k(   24) = (   0.2500000  -0.1443376   0.1025415), wk =   0.0625000
        k(   25) = (  -0.2500000  -0.1443376   0.1025415), wk =   0.0625000
        k(   26) = (  -0.2500000   0.1443376   0.1025415), wk =   0.0625000
        k(   27) = (  -0.2500000  -0.7216878   0.1025415), wk =   0.0625000
        k(   28) = (  -0.2500000  -0.4330127   0.1025415), wk =   0.0625000
        k(   29) = (  -0.5000000  -0.2886751   0.1025415), wk =   0.0625000
        k(   30) = (  -0.5000000   0.0000000   0.1025415), wk =   0.0625000
        k(   31) = (  -0.5000000  -0.8660254   0.1025415), wk =   0.0625000
        k(   32) = (  -0.5000000  -0.5773503   0.1025415), wk =   0.0625000

                       cryst. coord.
        k(    1) = (   0.0000000   0.0000000   0.0000000), wk =   0.0625000
        k(    2) = (   0.0000000   0.2500000   0.0000000), wk =   0.0625000
        k(    3) = (   0.0000000  -0.2500000   0.0000000), wk =   0.0625000
        k(    4) = (   0.0000000  -0.5000000   0.0000000), wk =   0.0625000
        k(    5) = (   0.2500000   0.0000000   0.0000000), wk =   0.0625000
        k(    6) = (   0.2500000   0.2500000   0.0000000), wk =   0.0625000
        k(    7) = (   0.2500000  -0.5000000   0.0000000), wk =   0.0625000
        k(    8) = (   0.2500000  -0.2500000   0.0000000), wk =   0.0625000
        k(    9) = (  -0.2500000   0.0000000   0.0000000), wk =   0.0625000
        k(   10) = (  -0.2500000   0.2500000   0.0000000), wk =   0.0625000
        k(   11) = (  -0.2500000  -0.5000000   0.0000000), wk =   0.0625000
        k(   12) = (  -0.2500000  -0.2500000   0.0000000), wk =   0.0625000
        k(   13) = (  -0.5000000   0.0000000   0.0000000), wk =   0.0625000
        k(   14) = (  -0.5000000   0.2500000   0.0000000), wk =   0.0625000
        k(   15) = (  -0.5000000  -0.5000000   0.0000000), wk =   0.0625000
        k(   16) = (  -0.5000000  -0.2500000   0.0000000), wk =   0.0625000
        k(   17) = (   0.0000000   0.0000000   0.5000000), wk =   0.0625000
        k(   18) = (   0.0000000   0.2500000   0.5000000), wk =   0.0625000
        k(   19) = (   0.0000000  -0.2500000   0.5000000), wk =   0.0625000
        k(   20) = (   0.0000000  -0.5000000   0.5000000), wk =   0.0625000
        k(   21) = (   0.2500000   0.0000000   0.5000000), wk =   0.0625000
        k(   22) = (   0.2500000   0.2500000   0.5000000), wk =   0.0625000
        k(   23) = (   0.2500000  -0.5000000   0.5000000), wk =   0.0625000
        k(   24) = (   0.2500000  -0.2500000   0.5000000), wk =   0.0625000
        k(   25) = (  -0.2500000   0.0000000   0.5000000), wk =   0.0625000
        k(   26) = (  -0.2500000   0.2500000   0.5000000), wk =   0.0625000
        k(   27) = (  -0.2500000  -0.5000000   0.5000000), wk =   0.0625000
        k(   28) = (  -0.2500000  -0.2500000   0.5000000), wk =   0.0625000
        k(   29) = (  -0.5000000   0.0000000   0.5000000), wk =   0.0625000
        k(   30) = (  -0.5000000   0.2500000   0.5000000), wk =   0.0625000
        k(   31) = (  -0.5000000  -0.5000000   0.5000000), wk =   0.0625000
        k(   32) = (  -0.5000000  -0.2500000   0.5000000), wk =   0.0625000

     G cutoff =  209.8156  (  53847 G-vectors)     FFT grid: ( 30, 30,144)

     nbndx  =    96  nbnd   =    24  natomwfc =    48  npwx   =    6761
     nelec  =  48.00  nkb   =    54  ngl    =    2701

     The potential is recalculated from file         wurtzite.rho
     Starting wfc are atomic

     total cpu time spent up to now is     83.61 secs

     Band Structure Calculation
     Davidson diagonalization with overlap
     ethr =  2.08E-09,  avg # of iterations =  9.0

     total cpu time spent up to now is    514.57 secs

     End of band structure calculation

          k = 0.0000 0.0000 0.0000     band energies (ev):

    -8.2451  -7.8575  -7.8575  -6.9032  -6.9032  -6.2701   1.1077   2.4086
     2.4086   5.1247   5.1247   6.3508   6.3508   6.5208   6.5208   6.5208
     6.5208   6.8289   6.8289   6.8289   6.8289   6.9902   6.9902   7.0715

          k = 0.0000 0.2887 0.0000     band energies (ev):

    -7.5193  -7.1820  -7.1820  -6.3878  -6.3878  -5.9006   2.0324   2.5726
     2.5726   3.6676   3.6676   3.7185   4.6581   4.7264   4.7264   5.6611
     5.8997   5.8997   6.2189   6.2189   6.4457   6.4457   6.6840   6.7743

          k = 0.0000-0.2887 0.0000     band energies (ev):

    -7.5193  -7.1820  -7.1820  -6.3878  -6.3878  -5.9006   2.0324   2.5726
     2.5726   3.6676   3.6676   3.7185   4.6581   4.7264   4.7264   5.6611
     5.8997   5.8997   6.2189   6.2189   6.4457   6.4457   6.6840   6.7743

          k = 0.0000-0.5774 0.0000     band energies (ev):

    -6.3610  -6.1897  -6.1897  -5.8682  -5.8682  -5.7271   1.4335   1.4335
     1.6854   1.9967   1.9967   2.9335   3.7931   4.9782   4.9782   5.1360
     5.3516   5.4240   5.4240   6.0246   6.0246   6.0800   6.0800   6.4655

          k = 0.2500 0.1443 0.0000     band energies (ev):

    -7.5193  -7.1820  -7.1820  -6.3878  -6.3878  -5.9006   2.0324   2.5726
     2.5726   3.6676   3.6676   3.7185   4.6581   4.7264   4.7264   5.6611
     5.8997   5.8997   6.2189   6.2189   6.4457   6.4457   6.6840   6.7743

          k = 0.2500 0.4330 0.0000     band energies (ev):

    -6.4484  -6.2488  -6.2488  -5.8495  -5.8495  -5.6562   2.2622   2.2622
     2.3839   2.3839   2.5294   3.0651   3.5956   3.9556   3.9556   4.2997
     4.6121   4.6121   5.3303   5.3887   5.3887   5.6994   6.3426   6.3426

          k = 0.2500-0.4330 0.0000     band energies (ev):

    -6.4484  -6.2488  -6.2488  -5.8495  -5.8495  -5.6562   2.2622   2.2622
     2.3839   2.3839   2.5294   3.0651   3.5956   3.9556   3.9556   4.2997
     4.6121   4.6122   5.3303   5.3887   5.3887   5.6994   6.3426   6.3426

          k = 0.2500-0.1443 0.0000     band energies (ev):

    -7.5193  -7.1820  -7.1820  -6.3878  -6.3878  -5.9006   2.0324   2.5726
     2.5726   3.6676   3.6676   3.7185   4.6581   4.7264   4.7264   5.6611
     5.8997   5.8997   6.2189   6.2189   6.4457   6.4457   6.6840   6.7743

          k =-0.2500-0.1443 0.0000     band energies (ev):

    -7.5193  -7.1820  -7.1820  -6.3878  -6.3878  -5.9006   2.0324   2.5726
     2.5726   3.6676   3.6676   3.7185   4.6581   4.7264   4.7264   5.6611
     5.8997   5.8997   6.2189   6.2189   6.4457   6.4457   6.6840   6.7743

          k =-0.2500 0.1443 0.0000     band energies (ev):

    -7.5193  -7.1820  -7.1820  -6.3878  -6.3878  -5.9006   2.0324   2.5726
     2.5726   3.6676   3.6676   3.7185   4.6581   4.7264   4.7264   5.6611
     5.8997   5.8997   6.2189   6.2189   6.4457   6.4457   6.6840   6.7743

          k =-0.2500-0.7217 0.0000     band energies (ev):

    -6.4484  -6.2488  -6.2488  -5.8495  -5.8495  -5.6562   2.2622   2.2622
     2.3839   2.3839   2.5294   3.0651   3.5956   3.9556   3.9556   4.2997
     4.6121   4.6122   5.3303   5.3887   5.3887   5.6994   6.3426   6.3426

          k =-0.2500-0.4330 0.0000     band energies (ev):

    -6.4484  -6.2488  -6.2488  -5.8495  -5.8495  -5.6562   2.2622   2.2622
     2.3839   2.3839   2.5294   3.0651   3.5956   3.9556   3.9556   4.2997
     4.6121   4.6121   5.3303   5.3887   5.3887   5.6994   6.3426   6.3426

          k =-0.5000-0.2887 0.0000     band energies (ev):

    -6.3610  -6.1897  -6.1897  -5.8682  -5.8682  -5.7271   1.4335   1.4335
     1.6854   1.9967   1.9967   2.9335   3.7931   4.9782   4.9782   5.1360
     5.3516   5.4240   5.4240   6.0246   6.0246   6.0800   6.0800   6.4655

          k =-0.5000 0.0000 0.0000     band energies (ev):

    -6.4484  -6.2488  -6.2488  -5.8495  -5.8495  -5.6562   2.2622   2.2622
     2.3839   2.3839   2.5294   3.0651   3.5956   3.9556   3.9556   4.2997
     4.6121   4.6122   5.3303   5.3887   5.3887   5.6994   6.3426   6.3426

          k =-0.5000-0.8660 0.0000     band energies (ev):

    -6.3610  -6.1897  -6.1897  -5.8682  -5.8682  -5.7271   1.4335   1.4335
     1.6854   1.9966   1.9967   2.9335   3.7931   4.9782   4.9782   5.1360
     5.3515   5.4240   5.4240   6.0245   6.0246   6.0800   6.0800   6.4655

          k =-0.5000-0.5774 0.0000     band energies (ev):

    -6.4484  -6.2488  -6.2488  -5.8495  -5.8495  -5.6562   2.2622   2.2622
     2.3839   2.3839   2.5294   3.0651   3.5956   3.9556   3.9556   4.2997
     4.6121   4.6122   5.3303   5.3887   5.3887   5.6994   6.3426   6.3426

          k = 0.0000 0.0000 0.1025     band energies (ev):

    -8.1452  -8.1452  -7.4174  -7.4174  -6.4556  -6.4556   1.4633   1.4633
     3.6951   3.6951   6.4030   6.4030   6.4030   6.4030   6.4668   6.4668
     6.6810   6.6810   6.6811   6.6811   6.9495   6.9495   6.9495   6.9495

          k = 0.0000 0.2887 0.1025     band energies (ev):

    -7.4321  -7.4321  -6.8085  -6.8085  -6.0393  -6.0393   2.1806   2.1806
     3.1028   3.1028   3.8540   3.8540   4.4907   4.4907   5.4944   5.4945
     5.7258   5.7258   6.1613   6.1613   6.6067   6.6067   6.6786   6.6786

          k = 0.0000-0.2887 0.1025     band energies (ev):

    -7.4321  -7.4321  -6.8085  -6.8085  -6.0393  -6.0393   2.1806   2.1806
     3.1028   3.1028   3.8540   3.8540   4.4907   4.4907   5.4944   5.4945
     5.7258   5.7258   6.1613   6.1613   6.6067   6.6067   6.6786   6.6786

          k = 0.0000-0.5774 0.1025     band energies (ev):

    -6.3147  -6.3147  -6.0246  -6.0246  -5.7635  -5.7635   1.5567   1.5567
     1.5645   1.5646   2.5838   2.5838   4.1660   4.1660   5.2066   5.2066
     5.6789   5.6789   5.7264   5.7264   5.7274   5.7274   6.3613   6.3613

          k = 0.2500 0.1443 0.1025     band energies (ev):

    -7.4321  -7.4321  -6.8085  -6.8085  -6.0393  -6.0393   2.1806   2.1806
     3.1028   3.1028   3.8540   3.8540   4.4907   4.4907   5.4944   5.4945
     5.7258   5.7258   6.1613   6.1613   6.6067   6.6067   6.6786   6.6786

          k = 0.2500 0.4330 0.1025     band energies (ev):

    -6.3949  -6.3949  -6.0483  -6.0483  -5.7071  -5.7071   2.2255   2.2256
     2.5097   2.5097   2.6032   2.6032   4.0771   4.0771   4.2007   4.2007
     4.2842   4.2842   5.1735   5.1735   6.0167   6.0167   6.1251   6.1251

          k = 0.2500-0.4330 0.1025     band energies (ev):

    -6.3949  -6.3949  -6.0483  -6.0483  -5.7071  -5.7071   2.2255   2.2255
     2.5097   2.5097   2.6032   2.6032   4.0771   4.0771   4.2007   4.2008
     4.2842   4.2842   5.1735   5.1735   6.0167   6.0167   6.1251   6.1251

          k = 0.2500-0.1443 0.1025     band energies (ev):

    -7.4321  -7.4321  -6.8085  -6.8085  -6.0393  -6.0393   2.1806   2.1806
     3.1028   3.1028   3.8540   3.8541   4.4907   4.4907   5.4944   5.4945
     5.7258   5.7258   6.1613   6.1614   6.6067   6.6067   6.6786   6.6786

          k =-0.2500-0.1443 0.1025     band energies (ev):

    -7.4321  -7.4321  -6.8085  -6.8085  -6.0393  -6.0393   2.1806   2.1806
     3.1028   3.1028   3.8540   3.8540   4.4907   4.4907   5.4944   5.4945
     5.7258   5.7258   6.1613   6.1613   6.6067   6.6067   6.6786   6.6786

          k =-0.2500 0.1443 0.1025     band energies (ev):

    -7.4321  -7.4321  -6.8085  -6.8085  -6.0393  -6.0393   2.1806   2.1806
     3.1028   3.1028   3.8540   3.8541   4.4907   4.4907   5.4944   5.4945
     5.7258   5.7258   6.1613   6.1614   6.6067   6.6067   6.6786   6.6786

          k =-0.2500-0.7217 0.1025     band energies (ev):

    -6.3949  -6.3949  -6.0483  -6.0483  -5.7071  -5.7071   2.2255   2.2255
     2.5097   2.5097   2.6032   2.6032   4.0771   4.0771   4.2007   4.2008
     4.2842   4.2842   5.1735   5.1735   6.0167   6.0167   6.1251   6.1251

          k =-0.2500-0.4330 0.1025     band energies (ev):

    -6.3949  -6.3949  -6.0483  -6.0483  -5.7071  -5.7071   2.2255   2.2256
     2.5097   2.5097   2.6032   2.6032   4.0771   4.0771   4.2007   4.2007
     4.2842   4.2842   5.1735   5.1735   6.0167   6.0167   6.1251   6.1251

          k =-0.5000-0.2887 0.1025     band energies (ev):

    -6.3147  -6.3147  -6.0246  -6.0246  -5.7635  -5.7635   1.5567   1.5567
     1.5645   1.5646   2.5838   2.5838   4.1660   4.1660   5.2066   5.2066
     5.6789   5.6789   5.7264   5.7264   5.7274   5.7274   6.3613   6.3613

          k =-0.5000 0.0000 0.1025     band energies (ev):

    -6.3949  -6.3949  -6.0483  -6.0483  -5.7071  -5.7071   2.2255   2.2255
     2.5097   2.5097   2.6032   2.6032   4.0771   4.0771   4.2007   4.2008
     4.2842   4.2842   5.1735   5.1735   6.0167   6.0167   6.1251   6.1251

          k =-0.5000-0.8660 0.1025     band energies (ev):

    -6.3147  -6.3147  -6.0246  -6.0246  -5.7635  -5.7635   1.5567   1.5567
     1.5645   1.5645   2.5838   2.5838   4.1660   4.1660   5.2066   5.2066
     5.6789   5.6789   5.7264   5.7265   5.7274   5.7275   6.3613   6.3613

          k =-0.5000-0.5774 0.1025     band energies (ev):

    -6.3949  -6.3949  -6.0483  -6.0483  -5.7071  -5.7071   2.2255   2.2255
     2.5097   2.5097   2.6032   2.6032   4.0771   4.0771   4.2007   4.2008
     4.2842   4.2842   5.1735   5.1735   6.0167   6.0167   6.1251   6.1251

     Writing output data file    wurtzite.save
 
     PWSCF        :  8m57.12s CPU time

     init_run     :    83.57s CPU
     electrons    :   430.96s CPU
 
     electrons    :   430.96s CPU
     c_bands      :   430.95s CPU
     sum_band     :    22.54s CPU
     v_of_rho     :     0.62s CPU
 
     c_bands      :   430.95s CPU
     init_us_2    :     1.69s CPU (      96 calls,   0.018 s avg)
     cegterg      :   429.47s CPU (      32 calls,  13.421 s avg)
 
     sum_band     :    22.54s CPU
 
     wfcrot       :    80.46s CPU (      32 calls,   2.514 s avg)
     cegterg      :   429.47s CPU (      32 calls,  13.421 s avg)
     h_psi        :   461.47s CPU (     352 calls,   1.311 s avg)
     g_psi        :     2.60s CPU (     288 calls,   0.009 s avg)
     overlap      :    14.62s CPU (     288 calls,   0.051 s avg)
     cdiaghg      :     2.79s CPU (     320 calls,   0.009 s avg)
     update       :    13.54s CPU (     288 calls,   0.047 s avg)
     last         :     7.68s CPU (      96 calls,   0.080 s avg)
 
     h_psi        :   461.47s CPU (     352 calls,   1.311 s avg)
     init         :     1.85s CPU (     352 calls,   0.005 s avg)
     firstfft     :   206.19s CPU (    8254 calls,   0.025 s avg)
     secondfft    :   207.29s CPU (    8254 calls,   0.025 s avg)
     add_vuspsi   :    10.22s CPU (     352 calls,   0.029 s avg)
 
     General routines
     ccalbec      :     8.23s CPU (     352 calls,   0.023 s avg)
     cft3         :     0.34s CPU (      11 calls,   0.031 s avg)
     cft3s        :   402.24s CPU (   17276 calls,   0.023 s avg)
     davcio       :     0.71s CPU (     128 calls,   0.006 s avg)
 
