
     Program PWSCF     v.3.0    starts ...
     Today is  2Dec2005 at 23:47: 2 

     Ultrasoft (Vanderbilt) Pseudopotentials

     Current dimensions of program pwscf are:

     ntypx = 10   npk = 40000  lmax =  3
     nchix =  6  ndmx =  2000  nbrx = 14  nqfx =  8


     bravais-lattice index     =            4
     lattice parameter (a_0)   =       5.8748  a.u.
     unit-cell volume          =     856.2095 (a.u.)^3
     number of atoms/cell      =           12
     number of atomic types    =            2
     kinetic-energy cutoff     =      60.0000  Ry
     charge density cutoff     =     240.0000  Ry
     convergence threshold     =      1.0E-06
     beta                      =       0.3000
     number of iterations used =            8  plain     mixing
     Exchange-correlation      =  SLA  PW   PBE  PBE (1434)
     celldm(1)=   5.874800  celldm(2)=   0.000000  celldm(3)=   4.876072
     celldm(4)=   0.000000  celldm(5)=   0.000000  celldm(6)=   0.000000

     crystal axes: (cart. coord. in units of a_0)
               a(1) = (  1.000000  0.000000  0.000000 )  
               a(2) = ( -0.500000  0.866025  0.000000 )  
               a(3) = (  0.000000  0.000000  4.876072 )  

     reciprocal axes: (cart. coord. in units 2 pi/a_0)
               b(1) = (  1.000000  0.577350  0.000000 )  
               b(2) = (  0.000000  1.154701  0.000000 )  
               b(3) = (  0.000000  0.000000  0.205083 )  


     PSEUDO 1 is N          zval =  5.0   lmax= 1   lloc= 0
     (in numerical form:   700 grid points, xmin =  0.00, dx = 0.0000)

     PSEUDO 2 is Al         zval =  3.0   lmax= 2   lloc= 0
     (in numerical form:   879 grid points, xmin =  0.00, dx = 0.0000)

     atomic species   valence    mass     pseudopotential
        N              5.00    14.01000     N ( 1.00)
        Al             3.00    26.98000     Al( 1.00)

      6 Sym.Ops. (no inversion)

                                    s                        frac. trans.

      isym =  1     identity                                     

 cryst.   s( 1) = (     1          0          0      )
                  (     0          1          0      )
                  (     0          0          1      )

 cart.    s( 1) = (  1.0000000  0.0000000  0.0000000 )
                  (  0.0000000  1.0000000  0.0000000 )
                  (  0.0000000  0.0000000  1.0000000 )


      isym =  2     120 deg rotation - cryst. axis [0,0,1]       

 cryst.   s( 2) = (     0          1          0      )
                  (    -1         -1          0      )
                  (     0          0          1      )

 cart.    s( 2) = ( -0.5000000 -0.8660254  0.0000000 )
                  (  0.8660254 -0.5000000  0.0000000 )
                  (  0.0000000  0.0000000  1.0000000 )


      isym =  3     120 deg rotation - cryst. axis [0,0,-1]      

 cryst.   s( 3) = (    -1         -1          0      )
                  (     1          0          0      )
                  (     0          0          1      )

 cart.    s( 3) = ( -0.5000000  0.8660254  0.0000000 )
                  ( -0.8660254 -0.5000000  0.0000000 )
                  (  0.0000000  0.0000000  1.0000000 )


      isym =  4     inv. 180 deg rotation - cryst. axis [1,0,0]  

 cryst.   s( 4) = (    -1          0          0      )
                  (     1          1          0      )
                  (     0          0          1      )

 cart.    s( 4) = ( -1.0000000  0.0000000  0.0000000 )
                  (  0.0000000  1.0000000  0.0000000 )
                  (  0.0000000  0.0000000  1.0000000 )


      isym =  5     inv. 180 deg rotation - cryst. axis [0,1,0]  

 cryst.   s( 5) = (     1          1          0      )
                  (     0         -1          0      )
                  (     0          0          1      )

 cart.    s( 5) = (  0.5000000  0.8660254  0.0000000 )
                  (  0.8660254 -0.5000000  0.0000000 )
                  (  0.0000000  0.0000000  1.0000000 )


      isym =  6     inv. 180 deg rotation - cryst. axis [1,1,0]  

 cryst.   s( 6) = (     0         -1          0      )
                  (    -1          0          0      )
                  (     0          0          1      )

 cart.    s( 6) = (  0.5000000 -0.8660254  0.0000000 )
                  ( -0.8660254 -0.5000000  0.0000000 )
                  (  0.0000000  0.0000000  1.0000000 )


   Cartesian axes

     site n.     atom                  positions (a_0 units)
         1           Al  tau(  1) = (   0.0000000   0.0000000   0.0000000  )
         2           Al  tau(  2) = (   0.0000005  -0.5773506   0.8126804  )
         3           N   tau(  3) = (   0.0000000   0.0000000   0.6090214  )
         4           N   tau(  4) = (   0.0000005  -0.5773506   1.4221894  )
         5           Al  tau(  5) = (   0.4999995  -0.2886748   1.6253558  )
         6           Al  tau(  6) = (   0.0000000   0.0000000   2.4380362  )
         7           N   tau(  7) = (   0.4999995  -0.2886748   2.2348649  )
         8           N   tau(  8) = (   0.0000000   0.0000000   3.0475452  )
         9           Al  tau(  9) = (   0.0000005  -0.5773506   3.2507166  )
        10           Al  tau( 10) = (   0.4999995  -0.2886748   4.0633920  )
        11           N   tau( 11) = (   0.0000005  -0.5773506   3.8602256  )
        12           N   tau( 12) = (   0.4999995  -0.2886748   4.6729011  )

   Crystallographic axes

     site n.     atom                  positions (cryst. coord.)
        1           Al  tau(  1) = (  0.0000000  0.0000000  0.0000000  )
        2           Al  tau(  2) = ( -0.3333330 -0.6666670  0.1666670  )
        3           N   tau(  3) = (  0.0000000  0.0000000  0.1249000  )
        4           N   tau(  4) = ( -0.3333330 -0.6666670  0.2916670  )
        5           Al  tau(  5) = (  0.3333330 -0.3333330  0.3333330  )
        6           Al  tau(  6) = (  0.0000000  0.0000000  0.5000000  )
        7           N   tau(  7) = (  0.3333330 -0.3333330  0.4583330  )
        8           N   tau(  8) = (  0.0000000  0.0000000  0.6250000  )
        9           Al  tau(  9) = ( -0.3333330 -0.6666670  0.6666670  )
       10           Al  tau( 10) = (  0.3333330 -0.3333330  0.8333330  )
       11           N   tau( 11) = ( -0.3333330 -0.6666670  0.7916670  )
       12           N   tau( 12) = (  0.3333330 -0.3333330  0.9583330  )

     number of k points=   32
                       cart. coord. in units 2pi/a_0
        k(    1) = (   0.0000000   0.0000000   0.0000000), wk =   0.0625000
        k(    2) = (   0.0000000   0.2886751   0.0000000), wk =   0.0625000
        k(    3) = (   0.0000000  -0.2886751   0.0000000), wk =   0.0625000
        k(    4) = (   0.0000000  -0.5773503   0.0000000), wk =   0.0625000
        k(    5) = (   0.2500000   0.1443376   0.0000000), wk =   0.0625000
        k(    6) = (   0.2500000   0.4330127   0.0000000), wk =   0.0625000
        k(    7) = (   0.2500000  -0.4330127   0.0000000), wk =   0.0625000
        k(    8) = (   0.2500000  -0.1443376   0.0000000), wk =   0.0625000
        k(    9) = (  -0.2500000  -0.1443376   0.0000000), wk =   0.0625000
        k(   10) = (  -0.2500000   0.1443376   0.0000000), wk =   0.0625000
        k(   11) = (  -0.2500000  -0.7216878   0.0000000), wk =   0.0625000
        k(   12) = (  -0.2500000  -0.4330127   0.0000000), wk =   0.0625000
        k(   13) = (  -0.5000000  -0.2886751   0.0000000), wk =   0.0625000
        k(   14) = (  -0.5000000   0.0000000   0.0000000), wk =   0.0625000
        k(   15) = (  -0.5000000  -0.8660254   0.0000000), wk =   0.0625000
        k(   16) = (  -0.5000000  -0.5773503   0.0000000), wk =   0.0625000
        k(   17) = (   0.0000000   0.0000000   0.1025415), wk =   0.0625000
        k(   18) = (   0.0000000   0.2886751   0.1025415), wk =   0.0625000
        k(   19) = (   0.0000000  -0.2886751   0.1025415), wk =   0.0625000
        k(   20) = (   0.0000000  -0.5773503   0.1025415), wk =   0.0625000
        k(   21) = (   0.2500000   0.1443376   0.1025415), wk =   0.0625000
        k(   22) = (   0.2500000   0.4330127   0.1025415), wk =   0.0625000
        k(   23) = (   0.2500000  -0.4330127   0.1025415), wk =   0.0625000
        k(   24) = (   0.2500000  -0.1443376   0.1025415), wk =   0.0625000
        k(   25) = (  -0.2500000  -0.1443376   0.1025415), wk =   0.0625000
        k(   26) = (  -0.2500000   0.1443376   0.1025415), wk =   0.0625000
        k(   27) = (  -0.2500000  -0.7216878   0.1025415), wk =   0.0625000
        k(   28) = (  -0.2500000  -0.4330127   0.1025415), wk =   0.0625000
        k(   29) = (  -0.5000000  -0.2886751   0.1025415), wk =   0.0625000
        k(   30) = (  -0.5000000   0.0000000   0.1025415), wk =   0.0625000
        k(   31) = (  -0.5000000  -0.8660254   0.1025415), wk =   0.0625000
        k(   32) = (  -0.5000000  -0.5773503   0.1025415), wk =   0.0625000

                       cryst. coord.
        k(    1) = (   0.0000000   0.0000000   0.0000000), wk =   0.0625000
        k(    2) = (   0.0000000   0.2500000   0.0000000), wk =   0.0625000
        k(    3) = (   0.0000000  -0.2500000   0.0000000), wk =   0.0625000
        k(    4) = (   0.0000000  -0.5000000   0.0000000), wk =   0.0625000
        k(    5) = (   0.2500000   0.0000000   0.0000000), wk =   0.0625000
        k(    6) = (   0.2500000   0.2500000   0.0000000), wk =   0.0625000
        k(    7) = (   0.2500000  -0.5000000   0.0000000), wk =   0.0625000
        k(    8) = (   0.2500000  -0.2500000   0.0000000), wk =   0.0625000
        k(    9) = (  -0.2500000   0.0000000   0.0000000), wk =   0.0625000
        k(   10) = (  -0.2500000   0.2500000   0.0000000), wk =   0.0625000
        k(   11) = (  -0.2500000  -0.5000000   0.0000000), wk =   0.0625000
        k(   12) = (  -0.2500000  -0.2500000   0.0000000), wk =   0.0625000
        k(   13) = (  -0.5000000   0.0000000   0.0000000), wk =   0.0625000
        k(   14) = (  -0.5000000   0.2500000   0.0000000), wk =   0.0625000
        k(   15) = (  -0.5000000  -0.5000000   0.0000000), wk =   0.0625000
        k(   16) = (  -0.5000000  -0.2500000   0.0000000), wk =   0.0625000
        k(   17) = (   0.0000000   0.0000000   0.5000000), wk =   0.0625000
        k(   18) = (   0.0000000   0.2500000   0.5000000), wk =   0.0625000
        k(   19) = (   0.0000000  -0.2500000   0.5000000), wk =   0.0625000
        k(   20) = (   0.0000000  -0.5000000   0.5000000), wk =   0.0625000
        k(   21) = (   0.2500000   0.0000000   0.5000000), wk =   0.0625000
        k(   22) = (   0.2500000   0.2500000   0.5000000), wk =   0.0625000
        k(   23) = (   0.2500000  -0.5000000   0.5000000), wk =   0.0625000
        k(   24) = (   0.2500000  -0.2500000   0.5000000), wk =   0.0625000
        k(   25) = (  -0.2500000   0.0000000   0.5000000), wk =   0.0625000
        k(   26) = (  -0.2500000   0.2500000   0.5000000), wk =   0.0625000
        k(   27) = (  -0.2500000  -0.5000000   0.5000000), wk =   0.0625000
        k(   28) = (  -0.2500000  -0.2500000   0.5000000), wk =   0.0625000
        k(   29) = (  -0.5000000   0.0000000   0.5000000), wk =   0.0625000
        k(   30) = (  -0.5000000   0.2500000   0.5000000), wk =   0.0625000
        k(   31) = (  -0.5000000  -0.5000000   0.5000000), wk =   0.0625000
        k(   32) = (  -0.5000000  -0.2500000   0.5000000), wk =   0.0625000

     G cutoff =  209.8156  (  53847 G-vectors)     FFT grid: ( 30, 30,144)

     nbndx  =    96  nbnd   =    24  natomwfc =    48  npwx   =    6761
     nelec  =  48.00  nkb   =    54  ngl    =    2701

     Initial potential from superposition of free atoms

     starting charge   47.98444, renormalised to   48.00000
     Starting wfc are atomic

     total cpu time spent up to now is     83.81 secs

     Self-consistent Calculation

     iteration #  1     ecut=    60.00 ryd     beta=0.30
     Davidson diagonalization with overlap
     ethr =  1.00E-02,  avg # of iterations =  2.0

     total cpu time spent up to now is    227.46 secs

     total energy              =  -144.29608739 ryd
     estimated scf accuracy    <     2.67021452 ryd

     iteration #  2     ecut=    60.00 ryd     beta=0.30
     Davidson diagonalization with overlap
     ethr =  5.56E-03,  avg # of iterations =  1.0

     total cpu time spent up to now is    339.20 secs

     total energy              =  -144.52488868 ryd
     estimated scf accuracy    <     0.25352163 ryd

     iteration #  3     ecut=    60.00 ryd     beta=0.30
     Davidson diagonalization with overlap
     ethr =  5.28E-04,  avg # of iterations =  1.2

     total cpu time spent up to now is    451.52 secs

     total energy              =  -144.58677033 ryd
     estimated scf accuracy    <     0.05382923 ryd

     iteration #  4     ecut=    60.00 ryd     beta=0.30
     Davidson diagonalization with overlap
     ethr =  1.12E-04,  avg # of iterations =  1.2

     total cpu time spent up to now is    564.30 secs

     total energy              =  -144.59394706 ryd
     estimated scf accuracy    <     0.00638521 ryd

     iteration #  5     ecut=    60.00 ryd     beta=0.30
     Davidson diagonalization with overlap
     ethr =  1.33E-05,  avg # of iterations =  1.6

     total cpu time spent up to now is    679.11 secs

     total energy              =  -144.59456743 ryd
     estimated scf accuracy    <     0.00179666 ryd

     iteration #  6     ecut=    60.00 ryd     beta=0.30
     Davidson diagonalization with overlap
     ethr =  3.74E-06,  avg # of iterations =  1.2

     total cpu time spent up to now is    791.91 secs

     total energy              =  -144.59475626 ryd
     estimated scf accuracy    <     0.00022235 ryd

     iteration #  7     ecut=    60.00 ryd     beta=0.30
     Davidson diagonalization with overlap
     ethr =  4.63E-07,  avg # of iterations =  2.0

     total cpu time spent up to now is    917.53 secs

     total energy              =  -144.59475659 ryd
     estimated scf accuracy    <     0.00080780 ryd

     iteration #  8     ecut=    60.00 ryd     beta=0.30
     Davidson diagonalization with overlap
     ethr =  4.63E-07,  avg # of iterations =  1.0

     total cpu time spent up to now is   1029.35 secs

     total energy              =  -144.59487336 ryd
     estimated scf accuracy    <     0.00002356 ryd

     iteration #  9     ecut=    60.00 ryd     beta=0.30
     Davidson diagonalization with overlap
     ethr =  4.91E-08,  avg # of iterations =  1.0

     total cpu time spent up to now is   1141.21 secs

     total energy              =  -144.59489205 ryd
     estimated scf accuracy    <     0.00000187 ryd

     iteration # 10     ecut=    60.00 ryd     beta=0.30
     Davidson diagonalization with overlap
     ethr =  3.91E-09,  avg # of iterations =  1.0

     total cpu time spent up to now is   1253.07 secs

     total energy              =  -144.59489667 ryd
     estimated scf accuracy    <     0.00000156 ryd

     iteration # 11     ecut=    60.00 ryd     beta=0.30
     Davidson diagonalization with overlap
     ethr =  3.26E-09,  avg # of iterations =  1.0

     total cpu time spent up to now is   1364.77 secs

     End of self-consistent calculation

          k = 0.0000 0.0000 0.0000 (  6761 PWs)   bands (ev):

    -8.2195  -7.8360  -7.8352  -6.8931  -6.8905  -6.2662   1.1337   2.4045
     2.4066   5.0835   5.0850   6.4651   6.4651   6.5818   6.5818   6.5833
     6.5833   6.8399   6.8399   6.8422   6.8422   6.9657   6.9657   6.9825

     occupation numbers 
     0.0625   0.0625   0.0625   0.0625   0.0625   0.0625   0.0625   0.0625
     0.0625   0.0625   0.0625   0.0625   0.0625   0.0625   0.0625   0.0625
     0.0625   0.0625   0.0625   0.0625   0.0625   0.0625   0.0625   0.0625

          k = 0.0000 0.2887 0.0000 (  6707 PWs)   bands (ev):

    -7.4886  -7.1703  -7.1434  -6.3962  -6.3558  -5.8959   2.0554   2.5701
     2.6760   3.2231   4.0275   4.1004   4.1970   4.4945   5.2103   5.7111
     5.9144   5.9766   6.0075   6.2152   6.4396   6.5136   6.6581   6.7787

     occupation numbers 
     0.0625   0.0625   0.0625   0.0625   0.0625   0.0625   0.0625   0.0625
     0.0625   0.0625   0.0625   0.0625   0.0625   0.0625   0.0625   0.0625
     0.0625   0.0625   0.0625   0.0625   0.0625   0.0625   0.0625   0.0625

          k = 0.0000-0.2887 0.0000 (  6707 PWs)   bands (ev):

    -7.4886  -7.1703  -7.1434  -6.3962  -6.3558  -5.8959   2.0554   2.5701
     2.6760   3.2231   4.0275   4.1004   4.1970   4.4945   5.2103   5.7111
     5.9144   5.9766   6.0075   6.2152   6.4396   6.5136   6.6581   6.7787

     occupation numbers 
     0.0625   0.0625   0.0625   0.0625   0.0625   0.0625   0.0625   0.0625
     0.0625   0.0625   0.0625   0.0625   0.0625   0.0625   0.0625   0.0625
     0.0625   0.0625   0.0625   0.0625   0.0625   0.0625   0.0625   0.0625

          k = 0.0000-0.5774 0.0000 (  6704 PWs)   bands (ev):

    -6.2901  -6.1709  -6.1696  -5.8740  -5.8720  -5.6870   1.1102   1.6653
     1.6665   2.0690   2.4199   2.4216   4.4385   4.4404   5.1853   5.2197
     5.3903   5.3925   5.4508   5.4520   6.1077   6.1103   6.4885   6.5108

     occupation numbers 
     0.0625   0.0625   0.0625   0.0625   0.0625   0.0625   0.0625   0.0625
     0.0625   0.0625   0.0625   0.0625   0.0625   0.0625   0.0625   0.0625
     0.0625   0.0625   0.0625   0.0625   0.0625   0.0625   0.0625   0.0625

          k = 0.2500 0.1443 0.0000 (  6707 PWs)   bands (ev):

    -7.4886  -7.1703  -7.1434  -6.3962  -6.3558  -5.8959   2.0554   2.5701
     2.6760   3.2231   4.0275   4.1004   4.1970   4.4945   5.2103   5.7111
     5.9144   5.9766   6.0075   6.2152   6.4396   6.5136   6.6581   6.7787

     occupation numbers 
     0.0625   0.0625   0.0625   0.0625   0.0625   0.0625   0.0625   0.0625
     0.0625   0.0625   0.0625   0.0625   0.0625   0.0625   0.0625   0.0625
     0.0625   0.0625   0.0625   0.0625   0.0625   0.0625   0.0625   0.0625

          k = 0.2500 0.4330 0.0000 (  6733 PWs)   bands (ev):

    -6.4087  -6.2230  -6.2217  -5.8370  -5.8349  -5.6359   2.2228   2.2242
     2.3751   2.3758   2.5708   3.1854   3.5264   4.0710   4.0720   4.2559
     4.4808   4.9841   4.9858   5.4532   5.4541   5.8675   5.8697   6.4521

     occupation numbers 
     0.0625   0.0625   0.0625   0.0625   0.0625   0.0625   0.0625   0.0625
     0.0625   0.0625   0.0625   0.0625   0.0625   0.0625   0.0625   0.0625
     0.0625   0.0625   0.0625   0.0625   0.0625   0.0625   0.0625   0.0625

          k = 0.2500-0.4330 0.0000 (  6733 PWs)   bands (ev):

    -6.4087  -6.2230  -6.2217  -5.8370  -5.8349  -5.6359   2.2228   2.2242
     2.3751   2.3758   2.5708   3.1854   3.5264   4.0710   4.0720   4.2559
     4.4808   4.9841   4.9858   5.4532   5.4541   5.8675   5.8697   6.4521

     occupation numbers 
     0.0625   0.0625   0.0625   0.0625   0.0625   0.0625   0.0625   0.0625
     0.0625   0.0625   0.0625   0.0625   0.0625   0.0625   0.0625   0.0625
     0.0625   0.0625   0.0625   0.0625   0.0625   0.0625   0.0625   0.0625

          k = 0.2500-0.1443 0.0000 (  6707 PWs)   bands (ev):

    -7.4886  -7.1703  -7.1434  -6.3962  -6.3558  -5.8959   2.0554   2.5701
     2.6760   3.2231   4.0275   4.1004   4.1970   4.4945   5.2103   5.7111
     5.9144   5.9766   6.0075   6.2152   6.4396   6.5136   6.6581   6.7787

     occupation numbers 
     0.0625   0.0625   0.0625   0.0625   0.0625   0.0625   0.0625   0.0625
     0.0625   0.0625   0.0625   0.0625   0.0625   0.0625   0.0625   0.0625
     0.0625   0.0625   0.0625   0.0625   0.0625   0.0625   0.0625   0.0625

          k =-0.2500-0.1443 0.0000 (  6707 PWs)   bands (ev):

    -7.4886  -7.1703  -7.1434  -6.3962  -6.3558  -5.8959   2.0554   2.5701
     2.6760   3.2231   4.0275   4.1004   4.1970   4.4945   5.2103   5.7111
     5.9144   5.9766   6.0075   6.2152   6.4396   6.5136   6.6581   6.7787

     occupation numbers 
     0.0625   0.0625   0.0625   0.0625   0.0625   0.0625   0.0625   0.0625
     0.0625   0.0625   0.0625   0.0625   0.0625   0.0625   0.0625   0.0625
     0.0625   0.0625   0.0625   0.0625   0.0625   0.0625   0.0625   0.0625

          k =-0.2500 0.1443 0.0000 (  6707 PWs)   bands (ev):

    -7.4886  -7.1703  -7.1434  -6.3962  -6.3558  -5.8959   2.0554   2.5701
     2.6760   3.2231   4.0275   4.1004   4.1970   4.4945   5.2103   5.7111
     5.9144   5.9766   6.0075   6.2152   6.4396   6.5136   6.6581   6.7787

     occupation numbers 
     0.0625   0.0625   0.0625   0.0625   0.0625   0.0625   0.0625   0.0625
     0.0625   0.0625   0.0625   0.0625   0.0625   0.0625   0.0625   0.0625
     0.0625   0.0625   0.0625   0.0625   0.0625   0.0625   0.0625   0.0625

          k =-0.2500-0.7217 0.0000 (  6733 PWs)   bands (ev):

    -6.4087  -6.2230  -6.2217  -5.8370  -5.8349  -5.6359   2.2228   2.2242
     2.3751   2.3758   2.5708   3.1854   3.5264   4.0710   4.0720   4.2559
     4.4808   4.9841   4.9858   5.4532   5.4541   5.8675   5.8697   6.4521

     occupation numbers 
     0.0625   0.0625   0.0625   0.0625   0.0625   0.0625   0.0625   0.0625
     0.0625   0.0625   0.0625   0.0625   0.0625   0.0625   0.0625   0.0625
     0.0625   0.0625   0.0625   0.0625   0.0625   0.0625   0.0625   0.0625

          k =-0.2500-0.4330 0.0000 (  6733 PWs)   bands (ev):

    -6.4087  -6.2230  -6.2217  -5.8370  -5.8349  -5.6359   2.2228   2.2242
     2.3751   2.3758   2.5708   3.1854   3.5264   4.0710   4.0720   4.2559
     4.4808   4.9841   4.9858   5.4532   5.4541   5.8675   5.8697   6.4521

     occupation numbers 
     0.0625   0.0625   0.0625   0.0625   0.0625   0.0625   0.0625   0.0625
     0.0625   0.0625   0.0625   0.0625   0.0625   0.0625   0.0625   0.0625
     0.0625   0.0625   0.0625   0.0625   0.0625   0.0625   0.0625   0.0625

          k =-0.5000-0.2887 0.0000 (  6704 PWs)   bands (ev):

    -6.2901  -6.1709  -6.1696  -5.8740  -5.8720  -5.6870   1.1102   1.6653
     1.6665   2.0690   2.4199   2.4216   4.4385   4.4404   5.1853   5.2197
     5.3903   5.3925   5.4508   5.4520   6.1077   6.1103   6.4885   6.5108

     occupation numbers 
     0.0625   0.0625   0.0625   0.0625   0.0625   0.0625   0.0625   0.0625
     0.0625   0.0625   0.0625   0.0625   0.0625   0.0625   0.0625   0.0625
     0.0625   0.0625   0.0625   0.0625   0.0625   0.0625   0.0625   0.0625

          k =-0.5000 0.0000 0.0000 (  6733 PWs)   bands (ev):

    -6.4087  -6.2230  -6.2217  -5.8370  -5.8349  -5.6359   2.2228   2.2242
     2.3751   2.3758   2.5708   3.1854   3.5264   4.0710   4.0720   4.2559
     4.4808   4.9841   4.9858   5.4532   5.4541   5.8675   5.8697   6.4521

     occupation numbers 
     0.0625   0.0625   0.0625   0.0625   0.0625   0.0625   0.0625   0.0625
     0.0625   0.0625   0.0625   0.0625   0.0625   0.0625   0.0625   0.0625
     0.0625   0.0625   0.0625   0.0625   0.0625   0.0625   0.0625   0.0625

          k =-0.5000-0.8660 0.0000 (  6704 PWs)   bands (ev):

    -6.2901  -6.1709  -6.1696  -5.8740  -5.8720  -5.6870   1.1102   1.6653
     1.6665   2.0690   2.4199   2.4216   4.4385   4.4404   5.1853   5.2197
     5.3903   5.3925   5.4508   5.4520   6.1077   6.1103   6.4885   6.5108

     occupation numbers 
     0.0625   0.0625   0.0625   0.0625   0.0625   0.0625   0.0625   0.0625
     0.0625   0.0625   0.0625   0.0625   0.0625   0.0625   0.0625   0.0625
     0.0625   0.0625   0.0625   0.0625   0.0625   0.0625   0.0625   0.0625

          k =-0.5000-0.5774 0.0000 (  6733 PWs)   bands (ev):

    -6.4087  -6.2230  -6.2217  -5.8370  -5.8349  -5.6359   2.2228   2.2242
     2.3751   2.3758   2.5708   3.1854   3.5264   4.0710   4.0720   4.2559
     4.4808   4.9841   4.9858   5.4532   5.4541   5.8675   5.8697   6.4521

     occupation numbers 
     0.0625   0.0625   0.0625   0.0625   0.0625   0.0625   0.0625   0.0625
     0.0625   0.0625   0.0625   0.0625   0.0625   0.0625   0.0625   0.0625
     0.0625   0.0625   0.0625   0.0625   0.0625   0.0625   0.0625   0.0625

          k = 0.0000 0.0000 0.1025 (  6718 PWs)   bands (ev):

    -8.1226  -8.1181  -7.4010  -7.3999  -6.4521  -6.4465   1.4732   1.4784
     3.6845   3.6853   6.3852   6.3897   6.5020   6.5020   6.5069   6.5069
     6.7052   6.7052   6.7062   6.7062   6.9397   6.9397   6.9450   6.9450

     occupation numbers 
     0.0625   0.0625   0.0625   0.0625   0.0625   0.0625   0.0625   0.0625
     0.0625   0.0625   0.0625   0.0625   0.0625   0.0625   0.0625   0.0625
     0.0625   0.0625   0.0625   0.0625   0.0625   0.0625   0.0625   0.0625

          k = 0.0000 0.2887 0.1025 (  6710 PWs)   bands (ev):

    -7.4098  -7.3955  -6.8086  -6.7712  -6.0470  -6.0182   2.1902   2.2593
     2.8664   3.3597   3.6578   4.0867   4.3207   4.6369   5.3306   5.7103
     5.7598   5.7926   6.1597   6.2393   6.2743   6.6689   6.7193   6.7404

     occupation numbers 
     0.0625   0.0625   0.0625   0.0625   0.0625   0.0625   0.0625   0.0625
     0.0625   0.0625   0.0625   0.0625   0.0625   0.0625   0.0625   0.0625
     0.0625   0.0625   0.0625   0.0625   0.0625   0.0625   0.0625   0.0625

          k = 0.0000-0.2887 0.1025 (  6710 PWs)   bands (ev):

    -7.4098  -7.3955  -6.8086  -6.7712  -6.0470  -6.0182   2.1902   2.2593
     2.8664   3.3597   3.6578   4.0867   4.3207   4.6369   5.3306   5.7103
     5.7598   5.7926   6.1597   6.2393   6.2743   6.6689   6.7193   6.7404

     occupation numbers 
     0.0625   0.0625   0.0625   0.0625   0.0625   0.0625   0.0625   0.0625
     0.0625   0.0625   0.0625   0.0625   0.0625   0.0625   0.0625   0.0625
     0.0625   0.0625   0.0625   0.0625   0.0625   0.0625   0.0625   0.0625

          k = 0.0000-0.5774 0.1025 (  6752 PWs)   bands (ev):

    -6.2621  -6.2573  -6.0326  -6.0322  -5.7430  -5.7378   1.2543   1.2590
     2.1896   2.1906   2.1983   2.2028   4.6295   4.6302   4.8910   4.8963
     5.2396   5.2443   5.7638   5.7649   6.1615   6.1670   6.3784   6.3841

     occupation numbers 
     0.0625   0.0625   0.0625   0.0625   0.0625   0.0625   0.0625   0.0625
     0.0625   0.0625   0.0625   0.0625   0.0625   0.0625   0.0625   0.0625
     0.0625   0.0625   0.0625   0.0625   0.0625   0.0625   0.0625   0.0625

          k = 0.2500 0.1443 0.1025 (  6710 PWs)   bands (ev):

    -7.4098  -7.3955  -6.8086  -6.7712  -6.0470  -6.0182   2.1902   2.2593
     2.8664   3.3597   3.6578   4.0867   4.3207   4.6369   5.3306   5.7103
     5.7598   5.7926   6.1597   6.2393   6.2743   6.6689   6.7193   6.7404

     occupation numbers 
     0.0625   0.0625   0.0625   0.0625   0.0625   0.0625   0.0625   0.0625
     0.0625   0.0625   0.0625   0.0625   0.0625   0.0625   0.0625   0.0625
     0.0625   0.0625   0.0625   0.0625   0.0625   0.0625   0.0625   0.0625

          k = 0.2500 0.4330 0.1025 (  6718 PWs)   bands (ev):

    -6.3614  -6.3566  -6.0317  -6.0312  -5.6925  -5.6873   2.1762   2.1767
     2.4294   2.4338   2.8115   2.8135   3.6665   3.6703   4.6311   4.6319
     4.7106   4.7149   4.7560   4.7588   5.7869   5.7877   6.2467   6.2522

     occupation numbers 
     0.0625   0.0625   0.0625   0.0625   0.0625   0.0625   0.0625   0.0625
     0.0625   0.0625   0.0625   0.0625   0.0625   0.0625   0.0625   0.0625
     0.0625   0.0625   0.0625   0.0625   0.0625   0.0625   0.0625   0.0625

          k = 0.2500-0.4330 0.1025 (  6718 PWs)   bands (ev):

    -6.3614  -6.3566  -6.0317  -6.0312  -5.6925  -5.6873   2.1762   2.1767
     2.4294   2.4338   2.8115   2.8135   3.6665   3.6703   4.6311   4.6319
     4.7106   4.7149   4.7560   4.7588   5.7869   5.7877   6.2467   6.2522

     occupation numbers 
     0.0625   0.0625   0.0625   0.0625   0.0625   0.0625   0.0625   0.0625
     0.0625   0.0625   0.0625   0.0625   0.0625   0.0625   0.0625   0.0625
     0.0625   0.0625   0.0625   0.0625   0.0625   0.0625   0.0625   0.0625

          k = 0.2500-0.1443 0.1025 (  6710 PWs)   bands (ev):

    -7.4098  -7.3955  -6.8086  -6.7712  -6.0470  -6.0182   2.1902   2.2593
     2.8664   3.3597   3.6578   4.0867   4.3207   4.6369   5.3306   5.7103
     5.7598   5.7926   6.1597   6.2393   6.2743   6.6689   6.7193   6.7404

     occupation numbers 
     0.0625   0.0625   0.0625   0.0625   0.0625   0.0625   0.0625   0.0625
     0.0625   0.0625   0.0625   0.0625   0.0625   0.0625   0.0625   0.0625
     0.0625   0.0625   0.0625   0.0625   0.0625   0.0625   0.0625   0.0625

          k =-0.2500-0.1443 0.1025 (  6710 PWs)   bands (ev):

    -7.4098  -7.3955  -6.8086  -6.7712  -6.0470  -6.0182   2.1902   2.2593
     2.8664   3.3597   3.6578   4.0867   4.3207   4.6369   5.3306   5.7103
     5.7598   5.7926   6.1597   6.2393   6.2743   6.6689   6.7193   6.7404

     occupation numbers 
     0.0625   0.0625   0.0625   0.0625   0.0625   0.0625   0.0625   0.0625
     0.0625   0.0625   0.0625   0.0625   0.0625   0.0625   0.0625   0.0625
     0.0625   0.0625   0.0625   0.0625   0.0625   0.0625   0.0625   0.0625

          k =-0.2500 0.1443 0.1025 (  6710 PWs)   bands (ev):

    -7.4098  -7.3955  -6.8086  -6.7712  -6.0470  -6.0182   2.1902   2.2593
     2.8664   3.3597   3.6578   4.0867   4.3207   4.6369   5.3306   5.7103
     5.7598   5.7926   6.1597   6.2393   6.2743   6.6689   6.7193   6.7404

     occupation numbers 
     0.0625   0.0625   0.0625   0.0625   0.0625   0.0625   0.0625   0.0625
     0.0625   0.0625   0.0625   0.0625   0.0625   0.0625   0.0625   0.0625
     0.0625   0.0625   0.0625   0.0625   0.0625   0.0625   0.0625   0.0625

          k =-0.2500-0.7217 0.1025 (  6718 PWs)   bands (ev):

    -6.3614  -6.3566  -6.0317  -6.0312  -5.6925  -5.6873   2.1762   2.1767
     2.4294   2.4338   2.8115   2.8135   3.6665   3.6703   4.6311   4.6319
     4.7106   4.7149   4.7560   4.7588   5.7869   5.7877   6.2467   6.2522

     occupation numbers 
     0.0625   0.0625   0.0625   0.0625   0.0625   0.0625   0.0625   0.0625
     0.0625   0.0625   0.0625   0.0625   0.0625   0.0625   0.0625   0.0625
     0.0625   0.0625   0.0625   0.0625   0.0625   0.0625   0.0625   0.0625

          k =-0.2500-0.4330 0.1025 (  6718 PWs)   bands (ev):

    -6.3614  -6.3566  -6.0317  -6.0312  -5.6925  -5.6873   2.1762   2.1767
     2.4294   2.4338   2.8115   2.8135   3.6665   3.6703   4.6311   4.6319
     4.7106   4.7149   4.7560   4.7588   5.7869   5.7877   6.2467   6.2522

     occupation numbers 
     0.0625   0.0625   0.0625   0.0625   0.0625   0.0625   0.0625   0.0625
     0.0625   0.0625   0.0625   0.0625   0.0625   0.0625   0.0625   0.0625
     0.0625   0.0625   0.0625   0.0625   0.0625   0.0625   0.0625   0.0625

          k =-0.5000-0.2887 0.1025 (  6752 PWs)   bands (ev):

    -6.2621  -6.2573  -6.0326  -6.0322  -5.7430  -5.7378   1.2543   1.2590
     2.1896   2.1906   2.1983   2.2028   4.6295   4.6302   4.8910   4.8963
     5.2396   5.2443   5.7638   5.7649   6.1615   6.1670   6.3784   6.3841

     occupation numbers 
     0.0625   0.0625   0.0625   0.0625   0.0625   0.0625   0.0625   0.0625
     0.0625   0.0625   0.0625   0.0625   0.0625   0.0625   0.0625   0.0625
     0.0625   0.0625   0.0625   0.0625   0.0625   0.0625   0.0625   0.0625

          k =-0.5000 0.0000 0.1025 (  6718 PWs)   bands (ev):

    -6.3614  -6.3566  -6.0317  -6.0312  -5.6925  -5.6873   2.1762   2.1767
     2.4294   2.4338   2.8115   2.8135   3.6665   3.6703   4.6311   4.6319
     4.7106   4.7149   4.7560   4.7588   5.7869   5.7877   6.2467   6.2522

     occupation numbers 
     0.0625   0.0625   0.0625   0.0625   0.0625   0.0625   0.0625   0.0625
     0.0625   0.0625   0.0625   0.0625   0.0625   0.0625   0.0625   0.0625
     0.0625   0.0625   0.0625   0.0625   0.0625   0.0625   0.0625   0.0625

          k =-0.5000-0.8660 0.1025 (  6752 PWs)   bands (ev):

    -6.2621  -6.2573  -6.0326  -6.0322  -5.7430  -5.7378   1.2543   1.2590
     2.1896   2.1906   2.1983   2.2028   4.6295   4.6302   4.8910   4.8963
     5.2396   5.2443   5.7638   5.7649   6.1615   6.1670   6.3784   6.3841

     occupation numbers 
     0.0625   0.0625   0.0625   0.0625   0.0625   0.0625   0.0625   0.0625
     0.0625   0.0625   0.0625   0.0625   0.0625   0.0625   0.0625   0.0625
     0.0625   0.0625   0.0625   0.0625   0.0625   0.0625   0.0625   0.0625

          k =-0.5000-0.5774 0.1025 (  6718 PWs)   bands (ev):

    -6.3614  -6.3566  -6.0317  -6.0312  -5.6925  -5.6873   2.1762   2.1767
     2.4294   2.4338   2.8115   2.8135   3.6665   3.6703   4.6311   4.6319
     4.7106   4.7149   4.7560   4.7588   5.7869   5.7877   6.2467   6.2522

     occupation numbers 
     0.0625   0.0625   0.0625   0.0625   0.0625   0.0625   0.0625   0.0625
     0.0625   0.0625   0.0625   0.0625   0.0625   0.0625   0.0625   0.0625
     0.0625   0.0625   0.0625   0.0625   0.0625   0.0625   0.0625   0.0625

!    total energy              =  -144.59489748 ryd
     estimated scf accuracy    <     0.00000032 ryd

     band energy sum           =     6.46436959 ryd
     one-electron contribution =    -6.55784857 ryd
     hartree contribution      =    33.31078941 ryd
     xc contribution           =   -41.19459503 ryd
     ewald contribution        =  -130.15324330 ryd

     convergence has been achieved

     Forces acting on atoms (Ry/au):

     atom   1 type  2   force =     0.00000000    0.00000000   -0.00329889
     atom   2 type  2   force =     0.00000000    0.00000000   -0.00324716
     atom   3 type  1   force =     0.00000000    0.00000000    0.00409556
     atom   4 type  1   force =     0.00000000    0.00000000    0.00251497
     atom   5 type  2   force =     0.00000000    0.00000000   -0.00255609
     atom   6 type  2   force =     0.00000000    0.00000000   -0.00253300
     atom   7 type  1   force =     0.00000000    0.00000000    0.00252115
     atom   8 type  1   force =     0.00000000    0.00000000    0.00252253
     atom   9 type  2   force =     0.00000000    0.00000000   -0.00253343
     atom  10 type  2   force =     0.00000000    0.00000000   -0.00252230
     atom  11 type  1   force =     0.00000000    0.00000000    0.00251274
     atom  12 type  1   force =     0.00000000    0.00000000    0.00252394

     Total force =     0.009781     Total SCF correction =     0.000027

     Writing output data file   zincblend.save
 
     PWSCF        : 22m50.51s CPU time

     init_run     :    83.77s CPU
     electrons    :  1280.97s CPU
     forces       :     5.73s CPU
 
     electrons    :  1280.97s CPU
     c_bands      :  1017.24s CPU (      11 calls,  92.476 s avg)
     sum_band     :   255.29s CPU (      11 calls,  23.208 s avg)
     v_of_rho     :     7.49s CPU (      12 calls,   0.624 s avg)
     mix_rho      :     0.55s CPU (      11 calls,   0.050 s avg)
 
     c_bands      :  1017.24s CPU (      11 calls,  92.476 s avg)
     init_us_2    :    13.48s CPU (     768 calls,   0.018 s avg)
     cegterg      :   999.31s CPU (     352 calls,   2.839 s avg)
 
     sum_band     :   255.29s CPU (      11 calls,  23.208 s avg)
 
     wfcrot       :    80.39s CPU (      32 calls,   2.512 s avg)
     cegterg      :   999.31s CPU (     352 calls,   2.839 s avg)
     h_psi        :  1004.18s CPU (     836 calls,   1.201 s avg)
     g_psi        :     4.07s CPU (     452 calls,   0.009 s avg)
     overlap      :    16.97s CPU (     452 calls,   0.038 s avg)
     cdiaghg      :     2.63s CPU (     804 calls,   0.003 s avg)
     update       :    12.80s CPU (     452 calls,   0.028 s avg)
     last         :     8.49s CPU (     352 calls,   0.024 s avg)
 
     h_psi        :  1004.18s CPU (     836 calls,   1.201 s avg)
     init         :     4.19s CPU (     836 calls,   0.005 s avg)
     firstfft     :   453.08s CPU (   19262 calls,   0.024 s avg)
     secondfft    :   438.64s CPU (   19262 calls,   0.023 s avg)
     add_vuspsi   :    24.00s CPU (     836 calls,   0.029 s avg)
 
     General routines
     ccalbec      :    20.18s CPU (     868 calls,   0.023 s avg)
     cft3         :     4.54s CPU (     146 calls,   0.031 s avg)
     cft3s        :  1023.30s CPU (   46972 calls,   0.022 s avg)
     davcio       :     6.33s CPU (    1120 calls,   0.006 s avg)
 
