
     Program POST-PROC v.3.0    starts ...
     Today is  2Dec2005 at 21:13:55 

     Reading file wurtzite.save ...      only dimensions
     read complete

     Reading file wurtzite.save ...      all except wavefuctions
     read complete

     nbndx  =    24  nbnd   =    24  natomwfc =    48  npwx   =    6761
     nelec  =  48.00  nkb   =    54  ngl    =    2701
