
     Program PWSCF     v.2.1.5  starts ...
     Today is 10Oct2005 at  6:39:22 

     Ultrasoft (Vanderbilt) Pseudopotentials

     Current dimensions of program pwscf are:
     ntypx =10   npk =40000  lmax = 3
     nchix = 6  ndmx = 2000  nbrx =14 nqfx = 8


     bravais-lattice index     =            4
     lattice parameter (a_0)   =       5.8748  a.u.
     unit-cell volume          =     856.2095 (a.u.)^3
     number of atoms/cell      =           12
     number of atomic types    =            2
     kinetic-energy cutoff     =      60.0000  Ry
     charge density cutoff     =     240.0000  Ry
     convergence threshold     =      1.0E-06
     beta                      =       0.3000
     number of iterations used =            8  plain     mixing
     Exchange-correlation      =  SLA  PW   PBE  PBE (1434)
     iswitch =  0

     celldm(1)=   5.874800  celldm(2)=   0.000000  celldm(3)=   4.876072
     celldm(4)=   0.000000  celldm(5)=   0.000000  celldm(6)=   0.000000

     crystal axes: (cart. coord. in units of a_0)
               a(1) = (  1.000000  0.000000  0.000000 )  
               a(2) = ( -0.500000  0.866025  0.000000 )  
               a(3) = (  0.000000  0.000000  4.876072 )  

     reciprocal axes: (cart. coord. in units 2 pi/a_0)
               b(1) = (  1.000000  0.577350  0.000000 )  
               b(2) = (  0.000000  1.154701  0.000000 )  
               b(3) = (  0.000000  0.000000  0.205083 )  


     PSEUDO 1 is N          zval =  5.0   lmax= 1   lloc= 0
     (in numerical form:   700 grid points, xmin =  0.00, dx = 0.0000)

     PSEUDO 2 is Al         zval =  3.0   lmax= 2   lloc= 0
     (in numerical form:   879 grid points, xmin =  0.00, dx = 0.0000)

     atomic species   valence    mass     pseudopotential
        N              5.00    14.01000     N ( 1.00)
        Al             3.00    26.98000     Al( 1.00)

      6 Sym.Ops. (no inversion)

                                    s                        frac. trans.

      isym =  1     identity                                     

 cryst.   s( 1) = (     1          0          0      )
                  (     0          1          0      )
                  (     0          0          1      )

 cart.    s( 1) = (  1.0000000  0.0000000  0.0000000 )
                  (  0.0000000  1.0000000  0.0000000 )
                  (  0.0000000  0.0000000  1.0000000 )


      isym =  2     120 deg rotation - cryst. axis [0,0,1]       

 cryst.   s( 2) = (     0          1          0      )
                  (    -1         -1          0      )
                  (     0          0          1      )

 cart.    s( 2) = ( -0.5000000 -0.8660254  0.0000000 )
                  (  0.8660254 -0.5000000  0.0000000 )
                  (  0.0000000  0.0000000  1.0000000 )


      isym =  3     120 deg rotation - cryst. axis [0,0,-1]      

 cryst.   s( 3) = (    -1         -1          0      )
                  (     1          0          0      )
                  (     0          0          1      )

 cart.    s( 3) = ( -0.5000000  0.8660254  0.0000000 )
                  ( -0.8660254 -0.5000000  0.0000000 )
                  (  0.0000000  0.0000000  1.0000000 )


      isym =  4     inv. 180 deg rotation - cryst. axis [1,0,0]  

 cryst.   s( 4) = (    -1          0          0      )
                  (     1          1          0      )
                  (     0          0          1      )

 cart.    s( 4) = ( -1.0000000  0.0000000  0.0000000 )
                  (  0.0000000  1.0000000  0.0000000 )
                  (  0.0000000  0.0000000  1.0000000 )


      isym =  5     inv. 180 deg rotation - cryst. axis [0,1,0]  

 cryst.   s( 5) = (     1          1          0      )
                  (     0         -1          0      )
                  (     0          0          1      )

 cart.    s( 5) = (  0.5000000  0.8660254  0.0000000 )
                  (  0.8660254 -0.5000000  0.0000000 )
                  (  0.0000000  0.0000000  1.0000000 )


      isym =  6     inv. 180 deg rotation - cryst. axis [1,1,0]  

 cryst.   s( 6) = (     0         -1          0      )
                  (    -1          0          0      )
                  (     0          0          1      )

 cart.    s( 6) = (  0.5000000 -0.8660254  0.0000000 )
                  ( -0.8660254 -0.5000000  0.0000000 )
                  (  0.0000000  0.0000000  1.0000000 )


   Cartesian axes

     site n.     atom                  positions (a_0 units)
         1           Al  tau(  1) = (   0.0000000   0.0000000   0.0000000  )
         2           Al  tau(  2) = (   0.0000005  -0.5773506   0.8126804  )
         3           N   tau(  3) = (   0.0000000   0.0000000   0.6090214  )
         4           N   tau(  4) = (   0.0000005  -0.5773506   1.4221894  )
         5           Al  tau(  5) = (   0.4999995  -0.2886748   1.6253558  )
         6           Al  tau(  6) = (   0.0000000   0.0000000   2.4380362  )
         7           N   tau(  7) = (   0.4999995  -0.2886748   2.2348649  )
         8           N   tau(  8) = (   0.0000000   0.0000000   3.0475452  )
         9           Al  tau(  9) = (   0.0000005  -0.5773506   3.2507166  )
        10           Al  tau( 10) = (   0.4999995  -0.2886748   4.0633920  )
        11           N   tau( 11) = (   0.0000005  -0.5773506   3.8602256  )
        12           N   tau( 12) = (   0.4999995  -0.2886748   4.6729011  )

   Crystallographic axes

     site n.     atom                  positions (cryst. coord.)
        1           Al  tau(  1) = (  0.0000000  0.0000000  0.0000000  )
        2           Al  tau(  2) = ( -0.3333330 -0.6666670  0.1666670  )
        3           N   tau(  3) = (  0.0000000  0.0000000  0.1249000  )
        4           N   tau(  4) = ( -0.3333330 -0.6666670  0.2916670  )
        5           Al  tau(  5) = (  0.3333330 -0.3333330  0.3333330  )
        6           Al  tau(  6) = (  0.0000000  0.0000000  0.5000000  )
        7           N   tau(  7) = (  0.3333330 -0.3333330  0.4583330  )
        8           N   tau(  8) = (  0.0000000  0.0000000  0.6250000  )
        9           Al  tau(  9) = ( -0.3333330 -0.6666670  0.6666670  )
       10           Al  tau( 10) = (  0.3333330 -0.3333330  0.8333330  )
       11           N   tau( 11) = ( -0.3333330 -0.6666670  0.7916670  )
       12           N   tau( 12) = (  0.3333330 -0.3333330  0.9583330  )

     number of k points=   32
                       cart. coord. in units 2pi/a_0
        k(   1) = (   0.0000000   0.0000000   0.0000000), wk =   0.0625000
        k(   2) = (   0.0000000   0.2886751   0.0000000), wk =   0.0625000
        k(   3) = (   0.0000000  -0.2886751   0.0000000), wk =   0.0625000
        k(   4) = (   0.0000000  -0.5773503   0.0000000), wk =   0.0625000
        k(   5) = (   0.2500000   0.1443376   0.0000000), wk =   0.0625000
        k(   6) = (   0.2500000   0.4330127   0.0000000), wk =   0.0625000
        k(   7) = (   0.2500000  -0.4330127   0.0000000), wk =   0.0625000
        k(   8) = (   0.2500000  -0.1443376   0.0000000), wk =   0.0625000
        k(   9) = (  -0.2500000  -0.1443376   0.0000000), wk =   0.0625000
        k(  10) = (  -0.2500000   0.1443376   0.0000000), wk =   0.0625000
        k(  11) = (  -0.2500000  -0.7216878   0.0000000), wk =   0.0625000
        k(  12) = (  -0.2500000  -0.4330127   0.0000000), wk =   0.0625000
        k(  13) = (  -0.5000000  -0.2886751   0.0000000), wk =   0.0625000
        k(  14) = (  -0.5000000   0.0000000   0.0000000), wk =   0.0625000
        k(  15) = (  -0.5000000  -0.8660254   0.0000000), wk =   0.0625000
        k(  16) = (  -0.5000000  -0.5773503   0.0000000), wk =   0.0625000
        k(  17) = (   0.0000000   0.0000000   0.1025415), wk =   0.0625000
        k(  18) = (   0.0000000   0.2886751   0.1025415), wk =   0.0625000
        k(  19) = (   0.0000000  -0.2886751   0.1025415), wk =   0.0625000
        k(  20) = (   0.0000000  -0.5773503   0.1025415), wk =   0.0625000
        k(  21) = (   0.2500000   0.1443376   0.1025415), wk =   0.0625000
        k(  22) = (   0.2500000   0.4330127   0.1025415), wk =   0.0625000
        k(  23) = (   0.2500000  -0.4330127   0.1025415), wk =   0.0625000
        k(  24) = (   0.2500000  -0.1443376   0.1025415), wk =   0.0625000
        k(  25) = (  -0.2500000  -0.1443376   0.1025415), wk =   0.0625000
        k(  26) = (  -0.2500000   0.1443376   0.1025415), wk =   0.0625000
        k(  27) = (  -0.2500000  -0.7216878   0.1025415), wk =   0.0625000
        k(  28) = (  -0.2500000  -0.4330127   0.1025415), wk =   0.0625000
        k(  29) = (  -0.5000000  -0.2886751   0.1025415), wk =   0.0625000
        k(  30) = (  -0.5000000   0.0000000   0.1025415), wk =   0.0625000
        k(  31) = (  -0.5000000  -0.8660254   0.1025415), wk =   0.0625000
        k(  32) = (  -0.5000000  -0.5773503   0.1025415), wk =   0.0625000

                       cryst. coord.
        k(   1) = (   0.0000000   0.0000000   0.0000000), wk =   0.0625000
        k(   2) = (   0.0000000   0.2500000   0.0000000), wk =   0.0625000
        k(   3) = (   0.0000000  -0.2500000   0.0000000), wk =   0.0625000
        k(   4) = (   0.0000000  -0.5000000   0.0000000), wk =   0.0625000
        k(   5) = (   0.2500000   0.0000000   0.0000000), wk =   0.0625000
        k(   6) = (   0.2500000   0.2500000   0.0000000), wk =   0.0625000
        k(   7) = (   0.2500000  -0.5000000   0.0000000), wk =   0.0625000
        k(   8) = (   0.2500000  -0.2500000   0.0000000), wk =   0.0625000
        k(   9) = (  -0.2500000   0.0000000   0.0000000), wk =   0.0625000
        k(  10) = (  -0.2500000   0.2500000   0.0000000), wk =   0.0625000
        k(  11) = (  -0.2500000  -0.5000000   0.0000000), wk =   0.0625000
        k(  12) = (  -0.2500000  -0.2500000   0.0000000), wk =   0.0625000
        k(  13) = (  -0.5000000   0.0000000   0.0000000), wk =   0.0625000
        k(  14) = (  -0.5000000   0.2500000   0.0000000), wk =   0.0625000
        k(  15) = (  -0.5000000  -0.5000000   0.0000000), wk =   0.0625000
        k(  16) = (  -0.5000000  -0.2500000   0.0000000), wk =   0.0625000
        k(  17) = (   0.0000000   0.0000000   0.5000000), wk =   0.0625000
        k(  18) = (   0.0000000   0.2500000   0.5000000), wk =   0.0625000
        k(  19) = (   0.0000000  -0.2500000   0.5000000), wk =   0.0625000
        k(  20) = (   0.0000000  -0.5000000   0.5000000), wk =   0.0625000
        k(  21) = (   0.2500000   0.0000000   0.5000000), wk =   0.0625000
        k(  22) = (   0.2500000   0.2500000   0.5000000), wk =   0.0625000
        k(  23) = (   0.2500000  -0.5000000   0.5000000), wk =   0.0625000
        k(  24) = (   0.2500000  -0.2500000   0.5000000), wk =   0.0625000
        k(  25) = (  -0.2500000   0.0000000   0.5000000), wk =   0.0625000
        k(  26) = (  -0.2500000   0.2500000   0.5000000), wk =   0.0625000
        k(  27) = (  -0.2500000  -0.5000000   0.5000000), wk =   0.0625000
        k(  28) = (  -0.2500000  -0.2500000   0.5000000), wk =   0.0625000
        k(  29) = (  -0.5000000   0.0000000   0.5000000), wk =   0.0625000
        k(  30) = (  -0.5000000   0.2500000   0.5000000), wk =   0.0625000
        k(  31) = (  -0.5000000  -0.5000000   0.5000000), wk =   0.0625000
        k(  32) = (  -0.5000000  -0.2500000   0.5000000), wk =   0.0625000

     G cutoff =  209.8156  (  53847 G-vectors)     FFT grid: ( 30, 30,144)

     nbndx  =    96  nbnd   =    24  natomwfc =    48  npwx   =    6761
     nelec  =   48.00 nkb   =    54  ngl    =    2701

     Initial potential from superposition of free atoms

     starting charge   47.98444, renormalised to   48.00000
     Starting wfc are atomic

     total cpu time spent up to now is     96.66 secs

     Self-consistent Calculation

     iteration #  1     ecut=    60.00 ryd     beta=0.30
     Davidson diagonalization (with overlap)
     ethr =  1.00E-02,  avg # of iterations =  2.0

     total cpu time spent up to now is    248.02 secs

     total energy              =  -143.37501567 ryd
     estimated scf accuracy    <     2.67980142 ryd

     iteration #  2     ecut=    60.00 ryd     beta=0.30
     Davidson diagonalization (with overlap)
     ethr =  5.58E-03,  avg # of iterations =  2.0

     total cpu time spent up to now is    397.10 secs

     total energy              =  -144.54332222 ryd
     estimated scf accuracy    <     0.22362543 ryd

     iteration #  3     ecut=    60.00 ryd     beta=0.30
     Davidson diagonalization (with overlap)
     ethr =  4.66E-04,  avg # of iterations =  2.0

     total cpu time spent up to now is    533.14 secs

     total energy              =  -144.59201400 ryd
     estimated scf accuracy    <     0.04988817 ryd

     iteration #  4     ecut=    60.00 ryd     beta=0.30
     Davidson diagonalization (with overlap)
     ethr =  1.04E-04,  avg # of iterations =  2.0

     total cpu time spent up to now is    667.09 secs

     total energy              =  -144.59409841 ryd
     estimated scf accuracy    <     0.00211906 ryd

     iteration #  5     ecut=    60.00 ryd     beta=0.30
     Davidson diagonalization (with overlap)
     ethr =  4.41E-06,  avg # of iterations =  2.0

     total cpu time spent up to now is    810.91 secs

     total energy              =  -144.59471419 ryd
     estimated scf accuracy    <     0.00034364 ryd

     iteration #  6     ecut=    60.00 ryd     beta=0.30
     Davidson diagonalization (with overlap)
     ethr =  7.16E-07,  avg # of iterations =  3.0

     total cpu time spent up to now is    993.96 secs

     total energy              =  -144.59467860 ryd
     estimated scf accuracy    <     0.00044970 ryd

     iteration #  7     ecut=    60.00 ryd     beta=0.30
     Davidson diagonalization (with overlap)
     ethr =  7.16E-07,  avg # of iterations =  2.0

     total cpu time spent up to now is   1132.96 secs

     total energy              =  -144.59484927 ryd
     estimated scf accuracy    <     0.00008985 ryd

     iteration #  8     ecut=    60.00 ryd     beta=0.30
     Davidson diagonalization (with overlap)
     ethr =  1.87E-07,  avg # of iterations =  2.0

     total cpu time spent up to now is   1263.27 secs

     total energy              =  -144.59488346 ryd
     estimated scf accuracy    <     0.00002536 ryd

     iteration #  9     ecut=    60.00 ryd     beta=0.30
     Davidson diagonalization (with overlap)
     ethr =  5.28E-08,  avg # of iterations =  2.4

     total cpu time spent up to now is   1420.60 secs

     End of self-consistent calculation

          k = 0.0000 0.0000 0.0000 ( 6761 PWs)   bands (ev):

    -8.2211  -7.8377  -7.8368  -6.8950  -6.8923  -6.2683   1.1328   2.4033
     2.4055   5.0818   5.0834   6.4631   6.4631   6.5797   6.5797   6.5813
     6.5813   6.8377   6.8378   6.8401   6.8401   6.9636   6.9636   6.9804

          k = 0.0000 0.2887 0.0000 ( 6707 PWs)   bands (ev):

    -7.4903  -7.1721  -7.1452  -6.3982  -6.3578  -5.8980   2.0544   2.5689
     2.6747   3.2218   4.0259   4.0989   4.1955   4.4930   5.2087   5.7093
     5.9126   5.9748   6.0056   6.2133   6.4376   6.5117   6.6560   6.7766

          k = 0.0000-0.2887 0.0000 ( 6707 PWs)   bands (ev):

    -7.4903  -7.1721  -7.1452  -6.3982  -6.3578  -5.8980   2.0544   2.5689
     2.6747   3.2218   4.0259   4.0989   4.1955   4.4930   5.2087   5.7093
     5.9126   5.9748   6.0056   6.2133   6.4376   6.5117   6.6560   6.7766

          k = 0.0000-0.5774 0.0000 ( 6704 PWs)   bands (ev):

    -6.2921  -6.1730  -6.1716  -5.8761  -5.8741  -5.6892   1.1093   1.6643
     1.6655   2.0678   2.4187   2.4205   4.4371   4.4391   5.1837   5.2181
     5.3886   5.3908   5.4490   5.4503   6.1058   6.1085   6.4865   6.5088

          k = 0.2500 0.1443 0.0000 ( 6707 PWs)   bands (ev):

    -7.4903  -7.1721  -7.1452  -6.3982  -6.3578  -5.8980   2.0544   2.5689
     2.6747   3.2218   4.0259   4.0989   4.1955   4.4930   5.2087   5.7093
     5.9126   5.9748   6.0056   6.2133   6.4376   6.5117   6.6560   6.7766

          k = 0.2500 0.4330 0.0000 ( 6733 PWs)   bands (ev):

    -6.4106  -6.2251  -6.2237  -5.8391  -5.8370  -5.6381   2.2216   2.2231
     2.3740   2.3747   2.5696   3.1842   3.5250   4.0696   4.0706   4.2546
     4.4793   4.9825   4.9843   5.4515   5.4524   5.8657   5.8679   6.4501

          k = 0.2500-0.4330 0.0000 ( 6733 PWs)   bands (ev):

    -6.4106  -6.2251  -6.2237  -5.8391  -5.8370  -5.6381   2.2216   2.2231
     2.3740   2.3747   2.5696   3.1842   3.5250   4.0695   4.0706   4.2546
     4.4793   4.9825   4.9843   5.4515   5.4524   5.8657   5.8679   6.4501

          k = 0.2500-0.1443 0.0000 ( 6707 PWs)   bands (ev):

    -7.4903  -7.1721  -7.1452  -6.3982  -6.3578  -5.8980   2.0544   2.5689
     2.6747   3.2218   4.0259   4.0989   4.1955   4.4930   5.2087   5.7093
     5.9126   5.9748   6.0056   6.2133   6.4376   6.5117   6.6560   6.7766

          k =-0.2500-0.1443 0.0000 ( 6707 PWs)   bands (ev):

    -7.4903  -7.1721  -7.1452  -6.3982  -6.3578  -5.8980   2.0544   2.5689
     2.6747   3.2218   4.0259   4.0989   4.1955   4.4930   5.2087   5.7093
     5.9126   5.9748   6.0056   6.2133   6.4376   6.5117   6.6560   6.7766

          k =-0.2500 0.1443 0.0000 ( 6707 PWs)   bands (ev):

    -7.4903  -7.1721  -7.1452  -6.3982  -6.3578  -5.8980   2.0544   2.5689
     2.6747   3.2218   4.0259   4.0989   4.1955   4.4930   5.2087   5.7093
     5.9126   5.9748   6.0056   6.2133   6.4376   6.5117   6.6560   6.7766

          k =-0.2500-0.7217 0.0000 ( 6733 PWs)   bands (ev):

    -6.4106  -6.2251  -6.2237  -5.8391  -5.8370  -5.6381   2.2216   2.2231
     2.3740   2.3747   2.5696   3.1842   3.5250   4.0695   4.0706   4.2546
     4.4793   4.9825   4.9843   5.4515   5.4524   5.8657   5.8679   6.4501

          k =-0.2500-0.4330 0.0000 ( 6733 PWs)   bands (ev):

    -6.4106  -6.2251  -6.2237  -5.8391  -5.8370  -5.6381   2.2216   2.2231
     2.3740   2.3747   2.5696   3.1842   3.5250   4.0696   4.0706   4.2546
     4.4793   4.9825   4.9843   5.4515   5.4524   5.8657   5.8679   6.4501

          k =-0.5000-0.2887 0.0000 ( 6704 PWs)   bands (ev):

    -6.2921  -6.1730  -6.1716  -5.8761  -5.8741  -5.6892   1.1093   1.6643
     1.6655   2.0678   2.4187   2.4205   4.4371   4.4391   5.1837   5.2181
     5.3886   5.3908   5.4490   5.4503   6.1058   6.1085   6.4865   6.5088

          k =-0.5000 0.0000 0.0000 ( 6733 PWs)   bands (ev):

    -6.4106  -6.2251  -6.2237  -5.8391  -5.8370  -5.6381   2.2216   2.2231
     2.3740   2.3747   2.5696   3.1842   3.5250   4.0695   4.0706   4.2546
     4.4793   4.9825   4.9843   5.4515   5.4524   5.8657   5.8679   6.4501

          k =-0.5000-0.8660 0.0000 ( 6704 PWs)   bands (ev):

    -6.2921  -6.1730  -6.1716  -5.8761  -5.8741  -5.6892   1.1093   1.6643
     1.6655   2.0678   2.4187   2.4205   4.4371   4.4390   5.1837   5.2181
     5.3886   5.3908   5.4490   5.4503   6.1058   6.1085   6.4865   6.5088

          k =-0.5000-0.5774 0.0000 ( 6733 PWs)   bands (ev):

    -6.4106  -6.2251  -6.2237  -5.8391  -5.8370  -5.6381   2.2216   2.2231
     2.3740   2.3747   2.5696   3.1842   3.5250   4.0695   4.0706   4.2546
     4.4793   4.9825   4.9843   5.4515   5.4524   5.8657   5.8679   6.4501

          k = 0.0000 0.0000 0.1025 ( 6718 PWs)   bands (ev):

    -8.1243  -8.1197  -7.4027  -7.4017  -6.4541  -6.4485   1.4721   1.4775
     3.6831   3.6839   6.3832   6.3878   6.4999   6.4999   6.5049   6.5049
     6.7031   6.7032   6.7042   6.7042   6.9375   6.9375   6.9429   6.9429

          k = 0.0000 0.2887 0.1025 ( 6710 PWs)   bands (ev):

    -7.4116  -7.3972  -6.8105  -6.7731  -6.0491  -6.0203   2.1891   2.2582
     2.8651   3.3583   3.6564   4.0853   4.3192   4.6354   5.3290   5.7086
     5.7580   5.7908   6.1578   6.2374   6.2724   6.6669   6.7172   6.7384

          k = 0.0000-0.2887 0.1025 ( 6710 PWs)   bands (ev):

    -7.4116  -7.3972  -6.8105  -6.7731  -6.0491  -6.0203   2.1891   2.2582
     2.8651   3.3583   3.6564   4.0853   4.3192   4.6354   5.3290   5.7086
     5.7580   5.7908   6.1578   6.2374   6.2724   6.6669   6.7172   6.7384

          k = 0.0000-0.5774 0.1025 ( 6752 PWs)   bands (ev):

    -6.2642  -6.2593  -6.0347  -6.0343  -5.7452  -5.7399   1.2534   1.2581
     2.1885   2.1895   2.1971   2.2017   4.6280   4.6286   4.8894   4.8948
     5.2379   5.2427   5.7620   5.7632   6.1596   6.1651   6.3764   6.3821

          k = 0.2500 0.1443 0.1025 ( 6710 PWs)   bands (ev):

    -7.4116  -7.3972  -6.8105  -6.7731  -6.0491  -6.0203   2.1891   2.2582
     2.8651   3.3583   3.6564   4.0853   4.3192   4.6354   5.3290   5.7086
     5.7580   5.7908   6.1578   6.2374   6.2724   6.6669   6.7172   6.7384

          k = 0.2500 0.4330 0.1025 ( 6718 PWs)   bands (ev):

    -6.3634  -6.3585  -6.0338  -6.0333  -5.6947  -5.6894   2.1751   2.1756
     2.4282   2.4326   2.8103   2.8124   3.6651   3.6690   4.6296   4.6304
     4.7090   4.7134   4.7546   4.7574   5.7851   5.7859   6.2448   6.2503

          k = 0.2500-0.4330 0.1025 ( 6718 PWs)   bands (ev):

    -6.3634  -6.3585  -6.0338  -6.0333  -5.6947  -5.6894   2.1751   2.1756
     2.4282   2.4326   2.8103   2.8124   3.6651   3.6690   4.6296   4.6304
     4.7090   4.7134   4.7546   4.7574   5.7851   5.7859   6.2448   6.2503

          k = 0.2500-0.1443 0.1025 ( 6710 PWs)   bands (ev):

    -7.4116  -7.3972  -6.8105  -6.7731  -6.0491  -6.0203   2.1891   2.2582
     2.8651   3.3583   3.6564   4.0853   4.3192   4.6354   5.3290   5.7086
     5.7580   5.7908   6.1578   6.2374   6.2724   6.6669   6.7172   6.7384

          k =-0.2500-0.1443 0.1025 ( 6710 PWs)   bands (ev):

    -7.4116  -7.3972  -6.8105  -6.7731  -6.0491  -6.0203   2.1891   2.2582
     2.8651   3.3583   3.6564   4.0853   4.3192   4.6354   5.3290   5.7086
     5.7580   5.7908   6.1578   6.2374   6.2724   6.6669   6.7172   6.7384

          k =-0.2500 0.1443 0.1025 ( 6710 PWs)   bands (ev):

    -7.4116  -7.3972  -6.8105  -6.7731  -6.0491  -6.0203   2.1891   2.2582
     2.8651   3.3583   3.6564   4.0853   4.3192   4.6354   5.3290   5.7086
     5.7580   5.7908   6.1578   6.2374   6.2724   6.6669   6.7172   6.7384

          k =-0.2500-0.7217 0.1025 ( 6718 PWs)   bands (ev):

    -6.3634  -6.3585  -6.0338  -6.0333  -5.6947  -5.6894   2.1751   2.1756
     2.4282   2.4326   2.8103   2.8124   3.6651   3.6690   4.6296   4.6304
     4.7090   4.7134   4.7546   4.7574   5.7851   5.7859   6.2448   6.2503

          k =-0.2500-0.4330 0.1025 ( 6718 PWs)   bands (ev):

    -6.3634  -6.3585  -6.0338  -6.0333  -5.6947  -5.6894   2.1751   2.1756
     2.4282   2.4326   2.8103   2.8124   3.6651   3.6690   4.6296   4.6304
     4.7090   4.7134   4.7546   4.7574   5.7851   5.7859   6.2448   6.2503

          k =-0.5000-0.2887 0.1025 ( 6752 PWs)   bands (ev):

    -6.2642  -6.2593  -6.0347  -6.0343  -5.7452  -5.7399   1.2534   1.2581
     2.1885   2.1895   2.1971   2.2017   4.6280   4.6286   4.8894   4.8948
     5.2379   5.2427   5.7620   5.7632   6.1596   6.1651   6.3764   6.3821

          k =-0.5000 0.0000 0.1025 ( 6718 PWs)   bands (ev):

    -6.3634  -6.3585  -6.0338  -6.0333  -5.6947  -5.6894   2.1751   2.1756
     2.4282   2.4326   2.8103   2.8124   3.6651   3.6690   4.6296   4.6304
     4.7090   4.7134   4.7546   4.7574   5.7851   5.7859   6.2448   6.2503

          k =-0.5000-0.8660 0.1025 ( 6752 PWs)   bands (ev):

    -6.2642  -6.2593  -6.0347  -6.0343  -5.7452  -5.7399   1.2534   1.2581
     2.1885   2.1895   2.1971   2.2017   4.6280   4.6286   4.8894   4.8948
     5.2379   5.2427   5.7620   5.7632   6.1596   6.1651   6.3764   6.3821

          k =-0.5000-0.5774 0.1025 ( 6718 PWs)   bands (ev):

    -6.3634  -6.3585  -6.0338  -6.0333  -5.6947  -5.6894   2.1751   2.1756
     2.4282   2.4326   2.8103   2.8124   3.6651   3.6690   4.6296   4.6304
     4.7090   4.7134   4.7546   4.7574   5.7851   5.7859   6.2448   6.2503

!    total energy              =  -144.59489742 ryd
     estimated scf accuracy    <     0.00000042 ryd

     band energy sum           =     6.45852266 ryd
     one-electron contribution =    -6.56256252 ryd
     hartree contribution      =    33.31705936 ryd
     xc contribution           =   -41.19615097 ryd
     ewald contribution        =  -130.15324330 ryd

     convergence has been achieved

     Forces acting on atoms (Ry/au):

     atom   1 type  2   force =     0.00000000    0.00000000   -0.00330017
     atom   2 type  2   force =     0.00000000    0.00000000   -0.00325019
     atom   3 type  1   force =     0.00000000    0.00000000    0.00408295
     atom   4 type  1   force =     0.00000000    0.00000000    0.00251055
     atom   5 type  2   force =     0.00000000    0.00000000   -0.00255038
     atom   6 type  2   force =     0.00000000    0.00000000   -0.00253213
     atom   7 type  1   force =     0.00000000    0.00000000    0.00252318
     atom   8 type  1   force =     0.00000000    0.00000000    0.00253337
     atom   9 type  2   force =     0.00000000    0.00000000   -0.00253276
     atom  10 type  2   force =     0.00000000    0.00000000   -0.00251808
     atom  11 type  1   force =     0.00000000    0.00000000    0.00251355
     atom  12 type  1   force =     0.00000000    0.00000000    0.00252010

     Total force =     0.009775     Total SCF correction =     0.000150

     Writing file zincblend.save for program phonon
 
     PWSCF        : 23m46.51s CPU time

     init_run     :    96.62s CPU
     electrons    :  1323.94s CPU
     forces       :     5.90s CPU
 
     electrons    :  1323.94s CPU
     c_bands      :  1109.17s CPU (       9 calls, 123.241 s avg)
     sum_band     :   201.61s CPU (       9 calls,  22.401 s avg)
     v_of_rho     :    11.80s CPU (      19 calls,   0.621 s avg)
     mix_rho      :     1.82s CPU (       9 calls,   0.202 s avg)
 
     c_bands      :  1109.17s CPU (       9 calls, 123.241 s avg)
     init_us_2    :    11.11s CPU (     640 calls,   0.017 s avg)
     cegterg      :  1096.02s CPU (     288 calls,   3.806 s avg)
 
     sum_band     :   201.61s CPU (       9 calls,  22.401 s avg)
 
     wfcrot       :    92.97s CPU (      32 calls,   2.905 s avg)
     cegterg      :  1096.02s CPU (     288 calls,   3.806 s avg)
     h_psi        :  1096.60s CPU (     940 calls,   1.167 s avg)
     g_psi        :     5.09s CPU (     620 calls,   0.008 s avg)
     overlap      :    23.92s CPU (     620 calls,   0.039 s avg)
     cdiaghg      :     4.14s CPU (     652 calls,   0.006 s avg)
     update       :    22.42s CPU (     620 calls,   0.036 s avg)
     last         :     9.35s CPU (     288 calls,   0.032 s avg)
 
     h_psi        :  1096.60s CPU (     940 calls,   1.167 s avg)
     init         :     4.33s CPU (     940 calls,   0.005 s avg)
     firstfft     :   507.42s CPU (   19321 calls,   0.026 s avg)
     secondfft    :   472.40s CPU (   19321 calls,   0.024 s avg)
     add_vuspsi   :    24.05s CPU (     940 calls,   0.026 s avg)
 
     General routines
     ccalbec      :    21.48s CPU (     972 calls,   0.022 s avg)
     cft3         :     7.27s CPU (     228 calls,   0.032 s avg)
     cft3s        :  1066.50s CPU (   45554 calls,   0.023 s avg)
     davcio       :     5.16s CPU (     928 calls,   0.006 s avg)
 
