
     Program POST-PROC v.3.1    starts ...
     Today is 12Apr2006 at 13:46:21 

     nbndx  =    24  nbnd   =    24  natomwfc =    48  npwx   =    6748
     nelec  =  48.00  nkb   =    54  ngl    =    2691
