
     Program PWSCF     v.2.1cvs starts ...
     Today is 18Mar2005 at 11:58:52 

     Ultrasoft (Vanderbilt) Pseudopotentials

     Current dimensions of program pwscf are:

     ntypx = 10   npk = 40000  lmax =  3
     nchix =  6  ndmx =  2000  nbrx = 14  nqfx =  8
     warning: symmetry operation #  3 not allowed.   fractional translation:
       0.0000000  0.0000000 -0.3999998  in crystal coordinates
     warning: symmetry operation #  4 not allowed.   fractional translation:
       0.0000000  0.0000000 -0.3999998  in crystal coordinates
     warning: symmetry operation #  5 not allowed.   fractional translation:
       0.0000000  0.0000000 -0.3999998  in crystal coordinates
     warning: symmetry operation #  6 not allowed.   fractional translation:
       0.0000000  0.0000000 -0.3999998  in crystal coordinates
     warning: symmetry operation #  9 not allowed.   fractional translation:
       0.0000000  0.0000000 -0.3999998  in crystal coordinates
     warning: symmetry operation # 10 not allowed.   fractional translation:
       0.0000000  0.0000000 -0.3999998  in crystal coordinates
     warning: symmetry operation # 15 not allowed.   fractional translation:
       0.0000000  0.0000000 -0.3999998  in crystal coordinates
     warning: symmetry operation # 16 not allowed.   fractional translation:
       0.0000000  0.0000000 -0.3999998  in crystal coordinates


     bravais-lattice index     =            8
     lattice parameter (a_0)   =      20.0000  a.u.
     unit-cell volume          =    1889.7280 (a.u.)^3
     number of atoms/cell      =            1
     number of atomic types    =            1
     kinetic-energy cutoff     =      20.0000  Ry
     charge density cutoff     =     200.0000  Ry
     convergence threshold     =      1.0E-08
     beta                      =       0.3000
     number of iterations used =            8  plain     mixing
     Exchange-correlation      =  SLA  PW   GGX  GGC (1422)
     celldm(1)=  20.000000  celldm(2)=   1.000000  celldm(3)=   0.236216
     celldm(4)=   0.000000  celldm(5)=   0.000000  celldm(6)=   0.000000

     crystal axes: (cart. coord. in units of a_0)
               a(1) = (  1.000000  0.000000  0.000000 )  
               a(2) = (  0.000000  1.000000  0.000000 )  
               a(3) = (  0.000000  0.000000  0.236216 )  

     reciprocal axes: (cart. coord. in units 2 pi/a_0)
               b(1) = (  1.000000  0.000000  0.000000 )  
               b(2) = (  0.000000  1.000000  0.000000 )  
               b(3) = (  0.000000  0.000000  4.233413 )  


     PSEUDO 1 is Au (US)    zval = 11.0   lmax= 2   lloc= 0
     Version   0  0  0 of US pseudo code
     Using log mesh of   939 points
     The pseudopotential has  6 beta functions with: 
                l(1) =   0
                l(2) =   0
                l(3) =   1
                l(4) =   1
                l(5) =   2
                l(6) =   2
     Q(r) pseudized with  3 coefficients,  rinner =    1.600   1.800   1.600
                                                       1.600   1.800

     atomic species   valence    mass     pseudopotential
        Au            11.00   196.96650     Au( 1.00)

      8 Sym.Ops. (no inversion)


   Cartesian axes

     site n.     atom                  positions (a_0 units)
         1           Au  tau(  1) = (   0.0000000   0.0000000   0.0472432  )

     number of k points=    4  gaussian broad. (ryd)=  0.0100     ngauss =   0
                       cart. coord. in units 2pi/a_0
        k(    1) = (   0.0000000   0.0000000   0.0000000), wk =   0.5000000
        k(    2) = (   0.0000000   0.0000000   1.0583534), wk =   0.5000000
        k(    3) = (   0.0000000   0.0000000   2.1167067), wk =   0.5000000
        k(    4) = (   0.0000000   0.0000000   3.1750601), wk =   0.5000000

     G cutoff = 2026.4237  (  90341 G-vectors)     FFT grid: ( 96, 96, 24)
     G cutoff =  810.5695  (  22821 G-vectors)  smooth grid: ( 60, 60, 15)

     nbndx  =    40  nbnd   =    10  natomwfc =     9  npwx   =    2911
     nelec  =   11.00 nkb   =    18  ngl    =    4885

     The initial potential is read from file            gold1.pot
     Starting wfc are atomic +   1 random wfc

     total cpu time spent up to now is      6.90 secs

     Band Structure Calculation
     Davidson diagonalization (with overlap)
   WARNING:     1 eigenvalues not converged
   WARNING:     1 eigenvalues not converged
   WARNING:     1 eigenvalues not converged
   WARNING:     1 eigenvalues not converged
   WARNING:     1 eigenvalues not converged
   WARNING:     1 eigenvalues not converged
     ethr =  9.09E-11,  avg # of iterations = 39.5

     total cpu time spent up to now is     17.91 secs

     End of band structure calculation

          k = 0.0000 0.0000 0.0000     band energies (ev):

   -10.5126  -6.6081  -6.6078  -6.3894  -4.8643  -4.8643  -1.1604  -1.1604
     1.0144   1.9710

          k = 0.0000 0.0000 1.0584     band energies (ev):

    -7.4824  -6.8881  -6.8881  -6.2745  -6.2743  -5.4536   1.0412   1.0412
     2.4841   3.4425

          k = 0.0000 0.0000 2.1167     band energies (ev):

    -8.2289  -8.2289  -5.9188  -5.9185  -5.1207  -0.1651   2.2851   4.7428
     4.7428   6.8810

          k = 0.0000 0.0000 3.1751     band energies (ev):

    -7.4824  -6.8881  -6.8881  -6.2745  -6.2743  -5.4536   1.0412   1.0412
     2.4841   3.4425

     the Fermi energy is    -4.8639 ev

     Writing file     gold1.save for program phonon
 
     PWSCF        :    21.05s CPU time

     init_run     :     6.81s CPU
     electrons    :    11.01s CPU
 
     electrons    :    11.01s CPU
     c_bands      :    11.00s CPU
     sum_band     :     3.13s CPU
     newd         :     2.79s CPU
 
     c_bands      :    11.00s CPU
     init_us_2    :     0.07s CPU (      12 calls,   0.006 s avg)
     cegterg      :    10.94s CPU (      10 calls,   1.094 s avg)
 
     sum_band     :     3.13s CPU
     becsum       :     0.00s CPU (       4 calls,   0.000 s avg)
     addusdens    :     2.52s CPU
 
     wfcrot       :     0.56s CPU (       4 calls,   0.140 s avg)
     cegterg      :    10.94s CPU (      10 calls,   1.094 s avg)
     h_psi        :     9.13s CPU (     172 calls,   0.053 s avg)
     g_psi        :     0.05s CPU (     158 calls,   0.000 s avg)
     overlap      :     0.51s CPU (     158 calls,   0.003 s avg)
     cdiaghg      :     0.18s CPU (     162 calls,   0.001 s avg)
     update       :     0.64s CPU (     158 calls,   0.004 s avg)
     last         :     0.27s CPU (      22 calls,   0.012 s avg)
 
     h_psi        :     9.13s CPU (     172 calls,   0.053 s avg)
     init         :     0.05s CPU (     172 calls,   0.000 s avg)
     firstfft     :     3.85s CPU (     708 calls,   0.005 s avg)
     secondfft    :     3.62s CPU (     708 calls,   0.005 s avg)
     add_vuspsi   :     0.29s CPU (     172 calls,   0.002 s avg)
     s_psi        :     0.46s CPU (     172 calls,   0.003 s avg)
 
     General routines
     ccalbec      :     0.26s CPU (     176 calls,   0.001 s avg)
     cft3         :     0.32s CPU (       5 calls,   0.064 s avg)
     cft3s        :     6.72s CPU (    1458 calls,   0.005 s avg)
     interpolate  :     0.18s CPU (       2 calls,   0.090 s avg)
     davcio       :     0.02s CPU (      22 calls,   0.001 s avg)
 
