
     Program POST-PROC v.3.0    starts ...
     Today is 30Nov2005 at 20:51:17 

     Reading file gold_US.save ...      only dimensions
     read complete

     Reading file gold_US.save ...      all except wavefuctions
     read complete

     nbndx  =    20  nbnd   =    20  natomwfc =    18  npwx   =    8007
     nelec  =  22.00  nkb   =    36  ngl    =    9453
