  ======================================================================
              =                                            =
              =     *** WanT *** Wannier Transport Code    =
              =        (www.wannier-transport.org)         =
              =      Ultra Soft Pseudopotential Implem.    =
              =                                            =
  ======================================================================


  Program <disentangle>  v. 1.1.1  starts ...
  Date 10Aug2005 at 10:31: 6 

  Arch. / Op.Sys: LINUX
        Compiler: GNU G95


  PW-DFT data read from file: benzene.export/index.xml

  ======================================================================
  =                                Main                                =
  ======================================================================

            Calculation Title :     Wannier Transport Calculation
                       Prefix :     benzene
                      Postfix :     _WanT
            Working directory :     ./

                 Restart Mode :     from_scratch
                Overlap Calc. :     TRUE 
             Projection Calc. :     TRUE 
          Read Start Subspace :     FALSE
       Read Start Unitary mat :     FALSE
           Conditioned minim. :     TRUE 

<WANNIER_FUNCTIONS>
  Input parameters for Wannier func. calculation
    Number of Wannier functions required =   18
    CG minim: Mixing parameter (alpha0_wan)=  0.250
    CG minim: Max iteration number =   200
    Minimization convergence threshold =     0.000001000
    SD minim: Mixing parameter (alpha1_wan) =  0.250
    SD minim: Max iteration number =  4000
    Every   5 iteration perform a CG minimization (ncg)
    Number of k-point shells =   1
    Chosen shells (indexes) =   1
    Print info each  10 iterations
    Save data each   10 iterations
    Starting minimization guess = center_projections
    Ordering mode = none
    Verbosity = high
    Unitariery check threshold =     0.000000010
    Conditioned minim. amplitude =    20.000000000
    Conditioned minim.  iter num =  4200
</WANNIER_FUNCTIONS>

<DISENTANGLE>
  Input parameters for subspace definition
    Spin component = none
    Mixing parameter (alpha_dis)=  0.500
    Max iteration number =  5000
    Starting minimization guess = center_projections
    Disentangle convergence threshold =     0.000000010
    Print info each  10 iterations
    Save data each   10 iterations
</DISENTANGLE>

<TRIAL_CENTERS>
  Trial centers: (cart. coord. in Bohr)

      #     Type          l   m       Position                              Decay
    ----  ------------  --------   ------------------------------------   ---------
      1    1gauss         0   0    (  -5.332809   2.481211   3.123719 )    1.00000
      2    1gauss         0   0    (  -3.497884   5.655007   3.116159 )    1.00000
      3    1gauss         0   0    (  -1.664849   4.770616   3.097262 )    1.00000
      4    1gauss         0   0    (  -3.650007   3.626386   3.111435 )    1.00000
      5    1gauss         0   0    (   0.168186   5.653118   3.084034 )    1.00000
      6    1gauss         0   0    (   0.318419   3.623551   3.075531 )    1.00000
      7    1gauss         0   0    (   1.999331   2.477432   3.055688 )    1.00000
      8    1gauss         0   0    (   0.317474   1.332258   3.067972 )    1.00000
      9    1gauss         0   0    (   0.165351  -0.696364   3.062303 )    1.00000
     10    1gauss         0   0    (  -1.666739   0.188028   3.082145 )    1.00000
     11    1gauss         0   0    (  -3.500719  -0.694475   3.095373 )    1.00000
     12    1gauss         0   0    (  -3.650952   1.335092   3.103877 )    1.00000
     13    atomic  C      1   0    (  -2.987658   4.771560   3.108601 )    0.00000
     14    atomic  C      1   0    (  -0.342041   4.769671   3.085924 )    0.00000
     15    atomic  C      1   0    (   0.978879   2.477432   3.065137 )    0.00000
     16    atomic  C      1   0    (  -0.343930   0.187083   3.070806 )    0.00000
     17    atomic  C      1   0    (  -2.989548   0.188973   3.093483 )    0.00000
     18    atomic  C      1   0    (  -4.312357   2.481211   3.114270 )    0.00000

</TRIAL_CENTERS>


  ======================================================================
  =                              DFT data                              =
  ======================================================================

<LATTICE>
  Alat  =      20.0000000 (Bohr)
  Alat  =      10.5835400 (Ang )
  Omega =    8000.0000000 (Bohr^3)
  Omega =    1185.4762744 (Ang^3 )

  Crystal axes:
                in units of Bohr                 in Alat units
    a(1) = ( 20.0000  0.0000  0.0000 )     (   1.0000  0.0000  0.0000 )
    a(2) = (  0.0000 20.0000  0.0000 )     (   0.0000  1.0000  0.0000 )
    a(3) = (  0.0000  0.0000 20.0000 )     (   0.0000  0.0000  1.0000 )
  Crystal axes: (Ang)
    a(1) = ( 10.5835  0.0000  0.0000 )
    a(2) = (  0.0000 10.5835  0.0000 )
    a(3) = (  0.0000  0.0000 10.5835 )

   Reciprocal lattice vectors:
                in units of Bohr^-1              in 2Pi/Alat units
    b(1) = (  0.3142  0.0000  0.0000 )     (   1.0000  0.0000  0.0000 )
    b(2) = (  0.0000  0.3142  0.0000 )     (   0.0000  1.0000  0.0000 )
    b(3) = (  0.0000  0.0000  0.3142 )     (   0.0000  0.0000  1.0000 )
</LATTICE>

<IONS>
  Number of chemical species =  2
     Pseudo( 1) = C.blyp-mt.UPF
     Pseudo( 2) = H.blyp-vbc.UPF

     Pseudo( 1) is C          zval =  4.0   lmax= 0   lloc= 0
     (in numerical form:   279 grid points, xmin =  0.00, dx = 0.0000)

     Pseudo( 2) is H          zval =  1.0   lmax=-1   lloc= 0
     (in numerical form:   243 grid points, xmin =  0.00, dx = 0.0000)

  Atomic positions: (cart. coord. in Bohr)
     H    tau(   1 ) = (  -6.3532618   2.4812114   3.1331672 )
     C    tau(   2 ) = (  -2.9876582   4.7715604   3.1086007 )
     H    tau(   3 ) = (  -4.0081107   6.5384550   3.1237185 )
     C    tau(   4 ) = (  -0.3420406   4.7696706   3.0859240 )
     H    tau(   5 ) = (   0.6784119   6.5365653   3.0821445 )
     C    tau(   6 ) = (   0.9788785   2.4774319   3.0651370 )
     H    tau(   7 ) = (   3.0197836   2.4774319   3.0462397 )
     C    tau(   8 ) = (  -0.3439303   0.1870830   3.0708062 )
     H    tau(   9 ) = (   0.6746325  -1.5798117   3.0537986 )
     C    tau(  10 ) = (  -2.9895479   0.1889727   3.0934829 )
     H    tau(  11 ) = (  -4.0118902  -1.5779219   3.0972624 )
     C    tau(  12 ) = (  -4.3123567   2.4812114   3.1142699 )
</IONS>

<K-POINTS>
  nkpts =    1
  Monkhorst-Pack grid:      nk = (  1  1  1 ),      shift = (  0  0  0 )
  K-point calculation: (cart. coord. in Bohr^-1)
    k point   1:   (   0.00000  0.00000  0.00000 ),   weight =   1.0000
</K-POINTS>

<B-SHELL>
  Nearest-neighbour shells for k-point 1: (in Bohr^-1)
    shell (  1 )    radius =   0.31416
    shell (  2 )    radius =   0.44429
    shell (  3 )    radius =   0.54414
    shell (  4 )    radius =   0.62832
    shell (  5 )    radius =   0.70248
    shell (  6 )    radius =   0.76953
    shell (  7 )    radius =   0.88858
    shell (  8 )    radius =   0.94248
    shell (  9 )    radius =   0.99346
    shell ( 10 )    radius =   1.04195
    shell ( 11 )    radius =   1.08828
    shell ( 12 )    radius =   1.13272

  Number of nearest-neighbours for K-point 1 (representetive for the BZ):
    shell (  1 )    neighbours  =    6

  List of the  6 vectors b_k: (Bohr^-1) 
    b_k   1:   (  -0.31416  0.00000  0.00000 ),   weight =   5.0661
    b_k   2:   (   0.00000 -0.31416  0.00000 ),   weight =   5.0661
    b_k   3:   (   0.00000  0.00000 -0.31416 ),   weight =   5.0661
    b_k   4:   (   0.00000  0.00000  0.31416 ),   weight =   5.0661
    b_k   5:   (   0.00000  0.31416  0.00000 ),   weight =   5.0661
    b_k   6:   (   0.31416  0.00000  0.00000 ),   weight =   5.0661

  The  3  bk directions are (Bohr^-1):
    dir 1:   (  -0.31416  0.00000  0.00000 ) 
    dir 2:   (   0.00000 -0.31416  0.00000 ) 
    dir 3:   (   0.00000  0.00000 -0.31416 ) 
</B-SHELL>

<WINDOWS>
  Definition of energy windows: (energies in eV)
    outer window: E  = (  -\inf ,    2.0000 )
    Max number of bands within the energy window =    25

  Electronic Structure from DFT calculation:
    nkpts =   1,     nbnd =  40,
    nspin =   1
    Fermi energy =   -2.173933849 eV

    kpt =  1 (  0.000 0.000 0.000 )    dimwin =   25
                                         imin =    1  imax =   25
   Eigenvalues:
   -20.6174 -17.8870 -17.8832 -14.2322 -14.2318 -12.1754 -10.6643 -10.0687
    -9.5501  -9.5449  -8.1970  -7.5435  -7.5413  -5.4722  -5.4691  -0.4033
    -0.3954  -0.1806   1.0052   1.0887   1.1129   1.1239   1.2794   1.5771
     1.9210   2.4679   2.4977   2.5168   2.5406   2.5431   2.5924   2.5933
     2.6020   2.8268   2.8673   3.2825   3.3149   3.7555   3.7635   3.7925

    inner window: NOT used --> NO FROZEN STATES
</WINDOWS>



  ======================================================================
  =                      Overlaps and Projections                      =
  ======================================================================

  Reading density G-grid from file: benzene.export/index.xml
  Reading Wfc grids from file: benzene.export/index.xml


          Energy cut-off for wfcs =         35.00 (Ry)
                         for rho  =        140.00 (Ry)
      Total number of PW for rho  =     223735
        Max number of PW for wfc  =      28018
      Total number of PW for wfcs =      28018
        FFT grid components (rho) =  (    80   80   80 )


  Initializing global dft data

  Initializing atomic wfc
    Overlaps or Projections calculation for k-point   1
                              Total time spent up to now :     8.51 secs


  Overlap and projections written on file: benzene_WanT.ovp
                              Total time spent up to now :     8.60 secs


  ======================================================================
  =                      Starting Iteration loop                      =
  ======================================================================


  Initial trial subspace: projected localized orbitals


  Subspace decomposition:
  Norms of the projected Bloch functions

      kpt =  1 (  0.000 0.000 0.000 )    dimwin =   25
    0.97945  0.98519  0.98534  0.95925  0.98062  0.96413  0.99719  0.99939
    0.95302  0.95353  0.99289  0.97904  0.96777  1.00000  1.00000  1.00000
    1.00000  0.05035  0.24471  0.06391  0.06421  0.50608  0.03776  0.24175
    0.09442




  Iteration =     1     Omega_I =   72.464227      Error =      0.03881125
  Iteration =     2     Omega_I =   70.659916      Error =      0.04663391
  Iteration =     3     Omega_I =   69.033207      Error =      0.02814082
  Iteration =     4     Omega_I =   68.058262      Error =      0.01688731
  Iteration =     5     Omega_I =   67.474447      Error =      0.01019609
  Iteration =     6     Omega_I =   67.121924      Error =      0.00623030
  Iteration =     7     Omega_I =   66.906138      Error =      0.00387453
  Iteration =     8     Omega_I =   66.771501      Error =      0.00246785
  Iteration =     9     Omega_I =   66.685328      Error =      0.00162101
  Iteration =    10     Omega_I =   66.628368      Error =      0.00110486

                              Total time spent up to now :     8.62 secs

  Iteration =    11     Omega_I =   66.589259      Error =      0.00078434
  Iteration =    12     Omega_I =   66.561282      Error =      0.00057980
  Iteration =    13     Omega_I =   66.540452      Error =      0.00044435
  Iteration =    14     Omega_I =   66.524394      Error =      0.00035047
  Iteration =    15     Omega_I =   66.511674      Error =      0.00028211
  Iteration =    16     Omega_I =   66.501406      Error =      0.00022997
  Iteration =    17     Omega_I =   66.493024      Error =      0.00018866
  Iteration =    18     Omega_I =   66.486144      Error =      0.00015506
  Iteration =    19     Omega_I =   66.480491      Error =      0.00012729
  Iteration =    20     Omega_I =   66.475853      Error =      0.00010417

                              Total time spent up to now :     8.69 secs

  Iteration =    21     Omega_I =   66.472061      Error =      0.00008490
  Iteration =    22     Omega_I =   66.468973      Error =      0.00006887
  Iteration =    23     Omega_I =   66.466470      Error =      0.00005561
  Iteration =    24     Omega_I =   66.464451      Error =      0.00004470
  Iteration =    25     Omega_I =   66.462830      Error =      0.00003578
  Iteration =    26     Omega_I =   66.461533      Error =      0.00002852
  Iteration =    27     Omega_I =   66.460500      Error =      0.00002265
  Iteration =    28     Omega_I =   66.459680      Error =      0.00001793
  Iteration =    29     Omega_I =   66.459032      Error =      0.00001416
  Iteration =    30     Omega_I =   66.458520      Error =      0.00001114

                              Total time spent up to now :     8.74 secs

  Iteration =    31     Omega_I =   66.458117      Error =      0.00000875
  Iteration =    32     Omega_I =   66.457801      Error =      0.00000686
  Iteration =    33     Omega_I =   66.457554      Error =      0.00000537
  Iteration =    34     Omega_I =   66.457360      Error =      0.00000419
  Iteration =    35     Omega_I =   66.457209      Error =      0.00000327
  Iteration =    36     Omega_I =   66.457091      Error =      0.00000255
  Iteration =    37     Omega_I =   66.456999      Error =      0.00000198
  Iteration =    38     Omega_I =   66.456927      Error =      0.00000154
  Iteration =    39     Omega_I =   66.456872      Error =      0.00000120
  Iteration =    40     Omega_I =   66.456829      Error =      0.00000093

                              Total time spent up to now :     8.79 secs

  Iteration =    41     Omega_I =   66.456795      Error =      0.00000072
  Iteration =    42     Omega_I =   66.456769      Error =      0.00000056
  Iteration =    43     Omega_I =   66.456749      Error =      0.00000043
  Iteration =    44     Omega_I =   66.456733      Error =      0.00000034
  Iteration =    45     Omega_I =   66.456721      Error =      0.00000026
  Iteration =    46     Omega_I =   66.456712      Error =      0.00000020
  Iteration =    47     Omega_I =   66.456705      Error =      0.00000016
  Iteration =    48     Omega_I =   66.456699      Error =      0.00000012
  Iteration =    49     Omega_I =   66.456695      Error =      0.00000009
  Iteration =    50     Omega_I =   66.456691      Error =      0.00000007

                              Total time spent up to now :     8.85 secs

  Iteration =    51     Omega_I =   66.456689      Error =      0.00000006
  Iteration =    52     Omega_I =   66.456687      Error =      0.00000004
  Iteration =    53     Omega_I =   66.456685      Error =      0.00000003
  Iteration =    54     Omega_I =   66.456684      Error =      0.00000003
  Iteration =    55     Omega_I =   66.456683      Error =      0.00000002
  Iteration =    56     Omega_I =   66.456683      Error =      0.00000002
  Iteration =    57     Omega_I =   66.456682      Error =      0.00000001
  Iteration =    58     Omega_I =   66.456682      Error =      0.00000001


  ======================================================================
  =                        Convergence Achieved                        =
  ======================================================================

  Iteration # :   58
  Final Omega_I (Bohr^2, Angstrom^2):      66.456681        18.609751
   Avrg Omega_I                     :       3.692038         1.033875

                              Total time spent up to now :     8.89 secs


  Subspace decomposition:
  Norms of the projected Bloch functions

      kpt =  1 (  0.000 0.000 0.000 )    dimwin =   25
    0.99997  0.99998  0.99998  1.00000  0.99996  0.99918  0.99978  0.99996
    0.99638  0.99638  0.99973  0.99763  0.99550  0.99994  0.99994  0.99960
    0.99999  0.30154  0.00344  0.00396  0.00382  0.30870  0.24615  0.14399
    0.00452



  Subspace data written on file: benzene_WanT.space
  ======================================================================

   <global routines>
             clock number :    19

              disentangle :     8.92s CPU 

                want_init :     0.11s CPU
                  bshells :     0.00s CPU
              wfc_manager :     8.49s CPU
          ggrids_read_ext :     0.63s CPU
              struct_fact :     0.55s CPU
                init_at_1 :     0.06s CPU
           wfc_data_kread :     2.39s CPU (       4 calls,   0.597 s avg)
                  overlap :     3.95s CPU (       3 calls,   1.317 s avg)
           overlap_setmap :     0.11s CPU (       3 calls,   0.036 s avg)
                    s_psi :     0.01s CPU
               projection :     0.75s CPU
       trial_center_setup :     0.46s CPU (      18 calls,   0.026 s avg)
               atomic_wfc :     0.03s CPU (       6 calls,   0.005 s avg)
               iterations :     0.29s CPU
             subapce_init :     0.00s CPU
                  zmatrix :     0.07s CPU (      58 calls,   0.001 s avg)
               zmat_hdiag :     0.04s CPU (      58 calls,   0.001 s avg)
                  komegai :     0.04s CPU (      58 calls,   0.001 s avg)


