
     Program PWSCF     v.3.0    starts ...
     Today is 11Mar2006 at 16:53:52 

     Ultrasoft (Vanderbilt) Pseudopotentials

     Current dimensions of program pwscf are:

     ntypx = 10   npk = 40000  lmax =  3
     nchix =  6  ndmx =  2000  nbrx = 14  nqfx =  8
     Found additional translation:    0.3333   -0.3333    0.1667
     Found additional translation:   -0.3333    0.3333    0.3333
     Found additional translation:    0.0000    0.0000   -0.5000
     Found additional translation:    0.3333   -0.3333   -0.3333
     Found additional translation:   -0.3333    0.3333   -0.1667


     bravais-lattice index     =            4
     lattice parameter (a_0)   =       7.2565  a.u.
     unit-cell volume          =    1621.2030 (a.u.)^3
     number of atoms/cell      =           12
     number of atomic types    =            1
     kinetic-energy cutoff     =      25.0000  Ry
     charge density cutoff     =     100.0000  Ry
     convergence threshold     =      1.0E-08
     beta                      =       0.3000
     number of iterations used =            8  plain     mixing
     Exchange-correlation      =  SLA  PZ   NOGX NOGC (1100)
     celldm(1)=   7.256500  celldm(2)=   0.000000  celldm(3)=   4.899200
     celldm(4)=   0.000000  celldm(5)=   0.000000  celldm(6)=   0.000000

     crystal axes: (cart. coord. in units of a_0)
               a(1) = (  1.000000  0.000000  0.000000 )  
               a(2) = ( -0.500000  0.866025  0.000000 )  
               a(3) = (  0.000000  0.000000  4.899200 )  

     reciprocal axes: (cart. coord. in units 2 pi/a_0)
               b(1) = (  1.000000  0.577350  0.000000 )  
               b(2) = (  0.000000  1.154701  0.000000 )  
               b(3) = (  0.000000  0.000000  0.204115 )  


     PSEUDO 1 is Si         zval =  4.0   lmax= 1   lloc= 0
     (in numerical form:   431 grid points, xmin =  0.00, dx = 0.0000)

     atomic species   valence    mass     pseudopotential
        Si             4.00    28.08600     Si( 1.00)

      6 Sym.Ops. (no inversion)


   Cartesian axes

     site n.     atom                  positions (a_0 units)
         1           Si  tau(  1) = (   0.0000000   0.0000000   0.0000000  )
         2           Si  tau(  2) = (   0.5000000  -0.2886751   0.8165333  )
         3           Si  tau(  3) = (   0.5000000   0.2886751   1.6330667  )
         4           Si  tau(  4) = (   0.0000000   0.0000000   2.4496000  )
         5           Si  tau(  5) = (   0.5000000  -0.2886751   3.2661333  )
         6           Si  tau(  6) = (   0.5000000   0.2886751   4.0826667  )
         7           Si  tau(  7) = (   0.0000000   0.0000000   0.6124000  )
         8           Si  tau(  8) = (   0.5000000  -0.2886751   1.4289333  )
         9           Si  tau(  9) = (   0.5000000   0.2886751   2.2454667  )
        10           Si  tau( 10) = (   0.0000000   0.0000000   3.0620000  )
        11           Si  tau( 11) = (   0.5000000  -0.2886751   3.8785333  )
        12           Si  tau( 12) = (   0.5000000   0.2886751   4.6950667  )

     number of k points=   36
                       cart. coord. in units 2pi/a_0
        k(    1) = (   0.0625000   0.1082532   0.0510287), wk =   0.0625000
        k(    2) = (   0.0625000   0.2525907   0.0510287), wk =   0.0625000
        k(    3) = (   0.0625000   0.3969283   0.0510287), wk =   0.0625000
        k(    4) = (   0.0625000   0.5412659   0.0510287), wk =   0.0625000
        k(    5) = (   0.0625000  -0.4690971   0.0510287), wk =   0.0625000
        k(    6) = (   0.0625000  -0.3247595   0.0510287), wk =   0.0625000
        k(    7) = (   0.0625000  -0.1804220   0.0510287), wk =   0.0625000
        k(    8) = (   0.0625000  -0.0360844   0.0510287), wk =   0.0312500
        k(    9) = (   0.1875000   0.3247595   0.0510287), wk =   0.0625000
        k(   10) = (   0.1875000   0.4690971   0.0510287), wk =   0.0625000
        k(   11) = (   0.1875000   0.6134347   0.0510287), wk =   0.0625000
        k(   12) = (   0.1875000  -0.3969283   0.0510287), wk =   0.0625000
        k(   13) = (   0.1875000  -0.2525907   0.0510287), wk =   0.0625000
        k(   14) = (   0.1875000  -0.1082532   0.0510287), wk =   0.0312500
        k(   15) = (   0.3125000   0.5412659   0.0510287), wk =   0.0625000
        k(   16) = (   0.3125000   0.6856034   0.0510287), wk =   0.0625000
        k(   17) = (   0.3125000  -0.3247595   0.0510287), wk =   0.0625000
        k(   18) = (   0.3125000  -0.1804220   0.0510287), wk =   0.0312500
        k(   19) = (   0.4375000   0.7577722   0.0510287), wk =   0.0625000
        k(   20) = (   0.4375000  -0.2525907   0.0510287), wk =   0.0312500
        k(   21) = (  -0.0625000  -0.2525907   0.0510287), wk =   0.0625000
        k(   22) = (  -0.0625000  -0.3969283   0.0510287), wk =   0.0625000
        k(   23) = (  -0.0625000  -0.5412659   0.0510287), wk =   0.0625000
        k(   24) = (  -0.0625000   0.4690971   0.0510287), wk =   0.0625000
        k(   25) = (  -0.0625000   0.3247595   0.0510287), wk =   0.0625000
        k(   26) = (  -0.0625000   0.1804220   0.0510287), wk =   0.0625000
        k(   27) = (  -0.0625000   0.0360844   0.0510287), wk =   0.0312500
        k(   28) = (  -0.1875000  -0.4690971   0.0510287), wk =   0.0625000
        k(   29) = (  -0.1875000  -0.6134347   0.0510287), wk =   0.0625000
        k(   30) = (  -0.1875000   0.3969283   0.0510287), wk =   0.0625000
        k(   31) = (  -0.1875000   0.2525907   0.0510287), wk =   0.0625000
        k(   32) = (  -0.1875000   0.1082532   0.0510287), wk =   0.0312500
        k(   33) = (  -0.3125000  -0.6856034   0.0510287), wk =   0.0625000
        k(   34) = (  -0.3125000   0.3247595   0.0510287), wk =   0.0625000
        k(   35) = (  -0.3125000   0.1804220   0.0510287), wk =   0.0312500
        k(   36) = (  -0.4375000   0.2525907   0.0510287), wk =   0.0312500

     G cutoff =  133.3812  (  27467 G-vectors)     FFT grid: ( 24, 24,120)

     nbndx  =    96  nbnd   =    24  natomwfc =    48  npwx   =    3439
     nelec  =  48.00  nkb   =    48  ngl    =    1476

     Initial potential from superposition of free atoms

     starting charge   47.99405, renormalised to   48.00000
     Starting wfc are atomic

     total cpu time spent up to now is     48.05 secs

     Self-consistent Calculation

     iteration #  1     ecut=    25.00 ryd     beta=0.30
     Davidson diagonalization with overlap
     ethr =  1.00E-02,  avg # of iterations =  2.0

     Threshold (ethr) on eigenvalues was too large:
     Diagonalizing with lowered threshold

     Davidson diagonalization with overlap
     ethr =  7.63E-03,  avg # of iterations =  1.0

     total cpu time spent up to now is    199.72 secs

     total energy              =   -95.14125574 ryd
     estimated scf accuracy    <     0.35900301 ryd

     iteration #  2     ecut=    25.00 ryd     beta=0.30
     Davidson diagonalization with overlap
     ethr =  7.48E-04,  avg # of iterations =  1.0

     total cpu time spent up to now is    263.74 secs

     total energy              =   -95.09472928 ryd
     estimated scf accuracy    <     0.15002890 ryd

     iteration #  3     ecut=    25.00 ryd     beta=0.30
     Davidson diagonalization with overlap
     ethr =  3.13E-04,  avg # of iterations =  1.0

     total cpu time spent up to now is    327.80 secs

     total energy              =   -95.10616812 ryd
     estimated scf accuracy    <     0.00283817 ryd

     iteration #  4     ecut=    25.00 ryd     beta=0.30
     Davidson diagonalization with overlap
     ethr =  5.91E-06,  avg # of iterations =  2.0

     total cpu time spent up to now is    406.02 secs

     total energy              =   -95.10728177 ryd
     estimated scf accuracy    <     0.00168342 ryd

     iteration #  5     ecut=    25.00 ryd     beta=0.30
     Davidson diagonalization with overlap
     ethr =  3.51E-06,  avg # of iterations =  1.0

     total cpu time spent up to now is    470.03 secs

     total energy              =   -95.10764168 ryd
     estimated scf accuracy    <     0.00004184 ryd

     iteration #  6     ecut=    25.00 ryd     beta=0.30
     Davidson diagonalization with overlap
     ethr =  8.72E-08,  avg # of iterations =  1.0

     total cpu time spent up to now is    534.01 secs

     total energy              =   -95.10767596 ryd
     estimated scf accuracy    <     0.00006416 ryd

     iteration #  7     ecut=    25.00 ryd     beta=0.30
     Davidson diagonalization with overlap
     ethr =  8.72E-08,  avg # of iterations =  1.0

     total cpu time spent up to now is    598.23 secs

     total energy              =   -95.10767677 ryd
     estimated scf accuracy    <     0.00004107 ryd

     iteration #  8     ecut=    25.00 ryd     beta=0.30
     Davidson diagonalization with overlap
     ethr =  8.56E-08,  avg # of iterations =  1.0

     total cpu time spent up to now is    662.49 secs

     total energy              =   -95.10768323 ryd
     estimated scf accuracy    <     0.00000537 ryd

     iteration #  9     ecut=    25.00 ryd     beta=0.30
     Davidson diagonalization with overlap
     ethr =  1.12E-08,  avg # of iterations =  1.0

     total cpu time spent up to now is    726.59 secs

     total energy              =   -95.10768500 ryd
     estimated scf accuracy    <     0.00000495 ryd

     iteration # 10     ecut=    25.00 ryd     beta=0.30
     Davidson diagonalization with overlap
     ethr =  1.03E-08,  avg # of iterations =  1.0

     total cpu time spent up to now is    790.65 secs

     total energy              =   -95.10768592 ryd
     estimated scf accuracy    <     0.00000528 ryd

     iteration # 11     ecut=    25.00 ryd     beta=0.30
     Davidson diagonalization with overlap
     ethr =  1.03E-08,  avg # of iterations =  1.0

     total cpu time spent up to now is    854.60 secs

     total energy              =   -95.10768610 ryd
     estimated scf accuracy    <     0.00000531 ryd

     iteration # 12     ecut=    25.00 ryd     beta=0.30
     Davidson diagonalization with overlap
     ethr =  1.03E-08,  avg # of iterations =  1.0

     total cpu time spent up to now is    918.68 secs

     total energy              =   -95.10768622 ryd
     estimated scf accuracy    <     0.00000751 ryd

     iteration # 13     ecut=    25.00 ryd     beta=0.30
     Davidson diagonalization with overlap
     ethr =  1.03E-08,  avg # of iterations =  1.0

     total cpu time spent up to now is    981.76 secs

     total energy              =   -95.10768624 ryd
     estimated scf accuracy    <     0.00000047 ryd

     iteration # 14     ecut=    25.00 ryd     beta=0.30
     Davidson diagonalization with overlap
     ethr =  9.82E-10,  avg # of iterations =  1.0

     total cpu time spent up to now is   1043.77 secs

     total energy              =   -95.10768632 ryd
     estimated scf accuracy    <     0.00000054 ryd

     iteration # 15     ecut=    25.00 ryd     beta=0.30
     Davidson diagonalization with overlap
     ethr =  9.82E-10,  avg # of iterations =  1.0

     total cpu time spent up to now is   1105.78 secs

     total energy              =   -95.10768635 ryd
     estimated scf accuracy    <     0.00000006 ryd

     iteration # 16     ecut=    25.00 ryd     beta=0.30
     Davidson diagonalization with overlap
     ethr =  1.17E-10,  avg # of iterations =  1.0

     total cpu time spent up to now is   1167.79 secs

     total energy              =   -95.10768636 ryd
     estimated scf accuracy    <     0.00000004 ryd

     iteration # 17     ecut=    25.00 ryd     beta=0.30
     Davidson diagonalization with overlap
     ethr =  8.05E-11,  avg # of iterations =  1.0

     total cpu time spent up to now is   1229.81 secs

     total energy              =   -95.10768636 ryd
     estimated scf accuracy    <     0.00000002 ryd

     iteration # 18     ecut=    25.00 ryd     beta=0.30
     Davidson diagonalization with overlap
     ethr =  5.12E-11,  avg # of iterations =  1.0

     total cpu time spent up to now is   1291.79 secs

     total energy              =   -95.10768635 ryd
     estimated scf accuracy    <     0.00000003 ryd

     iteration # 19     ecut=    25.00 ryd     beta=0.30
     Davidson diagonalization with overlap
     ethr =  5.12E-11,  avg # of iterations =  1.0

     total cpu time spent up to now is   1353.73 secs

     End of self-consistent calculation

          k = 0.0625 0.1083 0.0510 (  3400 PWs)   bands (ev):

    -5.7283  -5.5475  -5.1916  -4.6779  -4.0559  -3.5050  -0.7232   0.1574
     1.4220   2.8379   3.9147   3.9823   4.1482   4.1583   4.4469   4.6082
     4.7734   4.8871   4.9655   5.0570   5.3841   5.5470   5.6197   5.8210

          k = 0.0625 0.2526 0.0510 (  3421 PWs)   bands (ev):

    -5.2816  -5.0973  -4.7575  -4.2312  -3.6362  -3.0558  -0.6126   0.2250
     1.2580   1.8590   2.3669   2.5419   2.8748   3.0666   3.3237   3.6795
     3.9018   4.0521   4.3944   4.4183   4.5876   4.8565   5.1447   5.6163

          k = 0.0625 0.3969 0.0510 (  3434 PWs)   bands (ev):

    -4.5177  -4.3085  -4.0557  -3.4406  -3.0316  -2.2753  -1.0230  -0.3871
     0.1575   0.2759   0.9659   1.4940   1.9020   1.9341   3.1794   3.3645
     3.3648   3.4354   3.9820   3.9880   4.0215   4.2388   4.7732   5.0807

          k = 0.0625 0.5413 0.0510 (  3439 PWs)   bands (ev):

    -3.6065  -3.4884  -3.2558  -3.0555  -2.3477  -2.2718  -1.0756  -1.0657
    -0.8820  -0.6128  -0.4770  -0.0184   2.4021   2.5418   2.5518   2.9990
     3.1508   3.2129   3.5252   3.7222   3.9017   4.3296   4.5209   4.7095

          k = 0.0625-0.4691 0.0510 (  3434 PWs)   bands (ev):

    -4.0110  -3.9459  -3.4406  -3.3284  -2.3623  -2.3034  -1.0701  -0.9495
    -0.6465  -0.2443   0.2759   0.5799   1.7780   2.7216   3.0791   3.1120
     3.1794   3.3240   3.3646   3.5035   4.2200   4.3727   4.5380   4.9192

          k = 0.0625-0.3248 0.0510 (  3425 PWs)   bands (ev):

    -4.9265  -4.7666  -4.3877  -3.9387  -3.2560  -2.7571  -0.6285  -0.0182
     0.5865   1.4049   1.7059   1.8041   2.3141   2.5517   2.6494   3.5253
     3.7228   3.8347   3.8934   4.0537   4.6177   4.8644   4.9427   4.9922

          k = 0.0625-0.1804 0.0510 (  3410 PWs)   bands (ev):

    -5.5474  -5.3688  -5.0115  -4.5041  -3.8773  -3.3287  -0.6465   0.2030
     1.4058   2.6854   3.1122   3.3128   3.3557   3.4172   4.0884   4.1584
     4.3191   4.3729   4.8244   4.8572   4.9656   4.9874   5.4669   5.6197

          k = 0.0625-0.0361 0.0510 (  3414 PWs)   bands (ev):

    -5.8192  -5.6379  -5.2816  -4.7667  -4.1449  -3.5948  -0.7689   0.1195
     1.4047   2.8746   4.4027   4.4467   4.5161   4.7244   4.8566   4.8647
     4.9924   5.0186   5.3934   5.4337   5.6164   5.6378   5.8449   5.9847

          k = 0.1875 0.3248 0.0510 (  3418 PWs)   bands (ev):

    -4.6720  -4.4987  -4.1578  -3.6642  -3.0568  -2.4803  -0.7710  -0.1606
     0.4499   0.9492   1.4078   1.7910   1.9209   2.1594   2.7127   3.0001
     3.2928   3.3181   3.4842   3.6854   3.7452   4.0733   4.5545   5.2010

          k = 0.1875 0.4691 0.0510 (  3424 PWs)   bands (ev):

    -3.8027  -3.5901  -3.4247  -2.7852  -2.6080  -1.5984  -1.5980  -0.7691
    -0.5278  -0.4270   0.2367   0.3957   2.0160   2.2793   2.2876   2.2877
     2.4839   2.7176   3.1669   3.2792   3.5096   3.7501   4.1840   4.7311

          k = 0.1875 0.6134 0.0510 (  3410 PWs)   bands (ev):

    -3.3283  -3.2681  -3.0454  -2.7187  -2.5198  -1.8893  -1.4244  -0.7198
    -0.6956  -0.6465  -0.5450  -0.1206   1.9891   2.0605   2.1520   2.2773
     2.5249   2.9022   3.1120   3.1164   3.2127   3.9365   4.1500   4.3728

          k = 0.1875-0.3969 0.0510 (  3421 PWs)   bands (ev):

    -4.2524  -4.1020  -3.7404  -3.3245  -2.6579  -2.1605  -1.0191  -0.5729
    -0.1416   0.4790   0.5860   1.1737   1.8555   2.2274   2.6069   2.7189
     2.7449   2.9272   2.9947   3.4076   3.7493   3.8310   4.5126   4.8119

          k = 0.1875-0.2526 0.0510 (  3414 PWs)   bands (ev):

    -5.0177  -4.8358  -4.4988  -3.9786  -3.3859  -2.7995  -0.6346   0.1108
     0.9609   1.4078   2.1649   2.1694   2.2613   2.3457   2.9236   3.4384
     3.6853   3.8575   3.8819   4.0320   4.0626   4.5545   4.5765   5.4880

          k = 0.1875-0.1083 0.0510 (  3418 PWs)   bands (ev):

    -5.4591  -5.2755  -4.9303  -4.4069  -3.8030  -3.2329  -0.6356   0.2367
     1.3733   2.2726   2.7178   2.9522   3.4022   3.6556   3.6892   3.7740
     4.1530   4.1874   4.6607   4.6609   4.7312   5.4390   5.4697   5.5847

          k = 0.3125 0.5413 0.0510 (  3400 PWs)   bands (ev):

    -2.8922  -2.8165  -2.6915  -2.5570  -2.4442  -2.3753  -0.8838  -0.8396
    -0.8093  -0.7514  -0.6094  -0.4523   1.6251   1.7294   1.7296   1.8267
     2.0460   2.0619   3.0793   3.5084   3.5519   3.6314   3.8397   4.0171

          k = 0.3125 0.6856 0.0510 (  3415 PWs)   bands (ev):

    -3.3607  -3.1757  -3.0555  -2.5257  -2.4657  -1.9639  -1.2241  -0.8405
    -0.8291  -0.6127  -0.1618  -0.0933   1.7821   1.9199   1.9217   2.1108
     2.1860   2.5417   2.6472   3.3787   3.6342   3.6682   3.9017   4.3944

          k = 0.3125-0.3248 0.0510 (  3427 PWs)   bands (ev):

    -4.1934  -3.9785  -3.7657  -3.1250  -2.8167  -1.9598  -1.2826  -0.6093
    -0.1716  -0.1228   0.5795   0.9608   2.0300   2.0461   2.7570   2.8219
     2.9236   3.3831   3.4605   3.5518   3.7691   3.8819   4.3854   4.9836

          k = 0.3125-0.1804 0.0510 (  3431 PWs)   bands (ev):

    -4.7666  -4.5657  -4.2800  -3.6960  -3.2118  -2.5260  -0.8290  -0.1520
     0.5515   0.6208   1.4048   1.8664   1.9199   1.9728   3.2393   3.5643
     3.6684   3.8615   3.9121   4.0387   4.3074   4.8645   4.9923   5.0721

          k = 0.4375 0.7578 0.0510 (  3418 PWs)   bands (ev):

    -3.3985  -3.3283  -3.1694  -2.9005  -2.5105  -2.0113  -1.3732  -0.8366
    -0.7735  -0.6466  -0.3872  -0.3625   2.2493   2.4744   2.5186   2.5548
     2.8440   3.1121   3.1967   3.1989   3.7698   3.7782   4.3727   4.6037

          k = 0.4375-0.2526 0.0510 (  3434 PWs)   bands (ev):

    -3.8555  -3.5948  -3.5621  -2.9511  -2.6649  -2.0282  -1.3245  -0.7684
    -0.7362  -0.7260  -0.2045   0.3451   2.1885   2.3789   2.8409   3.2456
     3.2459   3.3843   3.6981   4.0621   4.1823   4.4240   4.5333   4.8219

          k =-0.0625-0.2526 0.0510 (  3421 PWs)   bands (ev):

    -5.2787  -5.1058  -4.7427  -4.2526  -3.6099  -3.0731  -0.5838   0.1849
     1.1737   2.3026   2.3495   2.3729   2.7449   2.8805   3.2567   3.8768
     3.8828   4.0934   4.3148   4.4682   4.8120   4.8501   5.2164   5.3163

          k =-0.0625-0.3969 0.0510 (  3434 PWs)   bands (ev):

    -4.4987  -4.3674  -3.9512  -3.5993  -2.8188  -2.4445  -0.8394  -0.4667
    -0.1064   0.5139   1.0031   1.4077   1.6251   2.5273   2.8280   3.2566
     3.4552   3.6316   3.6374   3.6855   4.4596   4.5546   4.7014   4.9571

          k =-0.0625-0.5413 0.0510 (  3439 PWs)   bands (ev):

    -3.5948  -3.4992  -3.3079  -2.8698  -2.7160  -1.7183  -1.7180  -0.7990
    -0.7684  -0.6190  -0.4266  -0.1237   2.1209   2.8150   2.9383   2.9929
     2.9932   3.1897   3.4268   3.4636   3.9974   4.3847   4.4240   4.8219

          k =-0.0625 0.4691 0.0510 (  3434 PWs)   bands (ev):

    -4.0557  -3.8056  -3.6958  -2.9275  -2.8737  -1.8895  -1.4242  -0.7101
    -0.5174  -0.3974   0.1574   0.7048   2.0605   2.1824   3.0027   3.0909
     3.2129   3.2979   3.7017   3.9161   3.9821   4.1829   4.6827   4.7732

          k =-0.0625 0.3248 0.0510 (  3425 PWs)   bands (ev):

    -4.9343  -4.7427  -4.4295  -3.8772  -3.3341  -2.7023  -0.7033   0.0302
     0.8668   0.9865   1.8839   1.9392   2.0543   2.3026   3.1759   3.5981
     3.6436   3.7902   3.8769   4.1979   4.3149   4.5272   4.9410   5.3772

          k =-0.0625 0.1804 0.0510 (  3410 PWs)   bands (ev):

    -5.5481  -5.3666  -5.0152  -4.4989  -3.8836  -3.3247  -0.6538   0.2166
     1.4076   2.5695   3.1233   3.2235   3.6855   3.7083   3.8243   3.8991
     4.2549   4.5547   4.6366   4.7755   5.0147   5.2120   5.3235   5.7707

          k =-0.0625 0.0361 0.0510 (  3414 PWs)   bands (ev):

    -5.8192  -5.6380  -5.2813  -4.7672  -4.1443  -3.5951  -0.7683   0.1182
     1.4056   2.8775   4.3690   4.4243   4.5903   4.7107   4.7365   4.8221
     5.1051   5.2468   5.2949   5.3295   5.6235   5.7796   5.7797   5.9004

          k =-0.1875-0.4691 0.0510 (  3424 PWs)   bands (ev):

    -3.7738  -3.6818  -3.2558  -3.0556  -2.2105  -2.1156  -1.0743  -1.0641
    -0.6127  -0.1344  -0.0183   0.5110   1.9030   2.1541   2.3699   2.5418
     2.5517   2.6797   2.9628   3.2150   3.5252   3.9016   4.3738   4.4510

          k =-0.1875-0.6134 0.0510 (  3410 PWs)   bands (ev):

    -3.3536  -3.2178  -3.0566  -2.8166  -2.2768  -2.1531  -1.0814  -1.0510
    -0.7682  -0.6094  -0.3795  -0.1608   2.0462   2.0958   2.1594   2.1908
     2.5782   2.6785   3.0976   3.2928   3.4289   3.5518   4.2812   4.4400

          k =-0.1875 0.3969 0.0510 (  3421 PWs)   bands (ev):

    -4.2603  -4.0774  -3.7847  -3.2559  -2.7538  -2.0704  -1.1131  -0.5268
    -0.0182   0.2013   0.9204   0.9878   2.0130   2.0412   2.5518   2.5622
     2.9581   2.9989   3.1833   3.3070   3.5250   4.1001   4.1950   4.9930

          k =-0.1875 0.2526 0.0510 (  3414 PWs)   bands (ev):

    -5.0152  -4.8437  -4.4851  -3.9987  -3.3606  -2.8169  -0.6092   0.0894
     0.8596   1.6984   1.8840   2.0462   2.4474   2.5695   2.7069   3.5519
     3.5635   3.6511   3.8244   4.1656   4.2578   4.4631   4.7809   5.3235

          k =-0.1875 0.1083 0.0510 (  3418 PWs)   bands (ev):

    -5.4572  -5.2816  -4.9199  -4.4218  -3.7849  -3.2445  -0.6150   0.2012
     1.3482   2.6190   2.7446   2.8749   2.9544   3.3071   3.8324   4.1004
     4.2730   4.3450   4.4054   4.8563   5.0591   5.1181   5.2137   5.6163

          k =-0.3125-0.6856 0.0510 (  3415 PWs)   bands (ev):

    -3.3339  -3.2613  -2.8960  -2.7770  -2.1602  -2.1400  -1.1283  -1.0194
    -0.7453  -0.4915  -0.3774   0.0301   1.7849   1.8555   1.9392   2.0835
     2.2319   2.5384   2.7189   3.2682   3.5015   3.9098   4.0255   4.1978

          k =-0.3125 0.3248 0.0510 (  3427 PWs)   bands (ev):

    -4.1687  -4.0557  -3.6263  -3.3422  -2.5106  -2.2460  -0.9897  -0.7733
    -0.3973   0.1575   0.5041   0.9620   1.7491   2.5548   2.8368   2.8439
     2.9828   2.9928   3.1047   3.5712   3.9820   4.0588   4.5158   4.7732

          k =-0.3125 0.1804 0.0510 (  3431 PWs)   bands (ev):

    -4.7533  -4.6065  -4.2083  -3.8029  -3.0732  -2.6274  -0.7055  -0.2065
     0.2368   0.9347   1.4315   1.6388   1.8673   2.5136   2.7175   3.5423
     3.7337   3.7339   3.9327   4.3223   4.4432   4.7311   4.9623   5.1338

          k =-0.4375 0.2526 0.0510 (  3434 PWs)   bands (ev):

    -3.7856  -3.7847  -3.3093  -3.1857  -2.5258  -2.0363  -1.3984  -0.8292
    -0.7969  -0.5635  -0.0651   0.2012   1.9199   2.8300   3.0340   3.2396
     3.3071   3.3531   3.4027   3.6684   4.1002   4.4962   4.8392   4.8565

!    total energy              =   -95.10768636 ryd
     estimated scf accuracy    <        1.1E-09 ryd

     band energy sum           =     3.48379983 ryd
     one-electron contribution =    27.89789881 ryd
     hartree contribution      =     6.55708495 ryd
     xc contribution           =   -28.78061530 ryd
     ewald contribution        =  -100.78205482 ryd

     convergence has been achieved

     Forces acting on atoms (Ry/au):

     atom   1 type  1   force =     0.00000000    0.00000000    0.00003793
     atom   2 type  1   force =     0.00000000    0.00000000    0.00003793
     atom   3 type  1   force =     0.00000000    0.00000000    0.00003794
     atom   4 type  1   force =     0.00000000    0.00000000    0.00003793
     atom   5 type  1   force =     0.00000000    0.00000000    0.00003793
     atom   6 type  1   force =     0.00000000    0.00000000    0.00003794
     atom   7 type  1   force =     0.00000000    0.00000000   -0.00003793
     atom   8 type  1   force =     0.00000000    0.00000000   -0.00003794
     atom   9 type  1   force =     0.00000000    0.00000000   -0.00003793
     atom  10 type  1   force =     0.00000000    0.00000000   -0.00003793
     atom  11 type  1   force =     0.00000000    0.00000000   -0.00003794
     atom  12 type  1   force =     0.00000000    0.00000000   -0.00003793

     Total force =     0.000131     Total SCF correction =     0.000001

     Writing output data file  silicon_zb.save
 
     PWSCF        : 22m36.46s CPU time

     init_run     :    48.04s CPU
     electrons    :  1305.68s CPU
     forces       :     2.71s CPU
 
     electrons    :  1305.68s CPU
     c_bands      :  1075.65s CPU (      20 calls,  53.782 s avg)
     sum_band     :   227.49s CPU (      20 calls,  11.374 s avg)
     v_of_rho     :     1.06s CPU (      20 calls,   0.053 s avg)
     mix_rho      :     0.68s CPU (      20 calls,   0.034 s avg)
 
     c_bands      :  1075.65s CPU (      20 calls,  53.782 s avg)
     init_us_2    :    10.25s CPU (    1512 calls,   0.007 s avg)
     cegterg      :  1063.40s CPU (     720 calls,   1.477 s avg)
 
     sum_band     :   227.49s CPU (      20 calls,  11.374 s avg)
 
     wfcrot       :    46.92s CPU (      36 calls,   1.303 s avg)
     cegterg      :  1063.40s CPU (     720 calls,   1.477 s avg)
     h_psi        :  1031.07s CPU (    1548 calls,   0.666 s avg)
     g_psi        :     4.26s CPU (     792 calls,   0.005 s avg)
     overlap      :    17.13s CPU (     792 calls,   0.022 s avg)
     cdiaghg      :     4.88s CPU (    1512 calls,   0.003 s avg)
     update       :    12.53s CPU (     792 calls,   0.016 s avg)
     last         :     8.96s CPU (     720 calls,   0.012 s avg)
 
     h_psi        :  1031.07s CPU (    1548 calls,   0.666 s avg)
     init         :     4.33s CPU (    1548 calls,   0.003 s avg)
     firstfft     :   463.31s CPU (   37593 calls,   0.012 s avg)
     secondfft    :   455.59s CPU (   37593 calls,   0.012 s avg)
     add_vuspsi   :    22.09s CPU (    1548 calls,   0.014 s avg)
 
     General routines
     ccalbec      :    18.05s CPU (    1584 calls,   0.011 s avg)
     cft3         :     1.14s CPU (      83 calls,   0.014 s avg)
     cft3s        :  1018.00s CPU (   92466 calls,   0.011 s avg)
     davcio       :     6.71s CPU (    2232 calls,   0.003 s avg)
 
