  ======================================================================
              =                                            =
              =     *** WanT *** Wannier Transport Code    =
              =        (www.wannier-transport.org)         =
              =      Ultra Soft Pseudopotential Implem.    =
              =                                            =
  ======================================================================


  Program <bands>  v. 1.1.1  starts ...
  Date  8Sep2005 at 18:49: 1 

  Arch. / Op.Sys: LINUX
        Compiler: INTEL


  PW-DFT data read from file: chain4.export/index.xml
  Space data read from file: chain4_WanT.space
  Hamiltonian data read from file: chain4_WanT.ham

  ======================================================================
  =                              DFT data                              =
  ======================================================================

<LATTICE>
  Alat  =      10.3557030 (Bohr)
  Alat  =       5.4799998 (Ang )
  Omega =    5622.1676973 (Bohr^3)
  Omega =     833.1183020 (Ang^3 )

  Crystal axes:
                in units of Bohr                 in Alat units
    a(1) = ( 10.3557  0.0000  0.0000 )     (   1.0000  0.0000  0.0000 )
    a(2) = (  0.0000 23.3003  0.0000 )     (   0.0000  2.2500  0.0000 )
    a(3) = (  0.0000  0.0000 23.3003 )     (   0.0000  0.0000  2.2500 )
  Crystal axes: (Ang)
    a(1) = (  5.4800  0.0000  0.0000 )
    a(2) = (  0.0000 12.3300  0.0000 )
    a(3) = (  0.0000  0.0000 12.3300 )

   Reciprocal lattice vectors:
                in units of Bohr^-1              in 2Pi/Alat units
    b(1) = (  0.6067  0.0000  0.0000 )     (   1.0000  0.0000  0.0000 )
    b(2) = (  0.0000  0.2697  0.0000 )     (   0.0000  0.4444  0.0000 )
    b(3) = (  0.0000  0.0000  0.2697 )     (   0.0000  0.0000  0.4444 )
</LATTICE>

<K-POINTS>
  nkpts =    4
  Monkhorst-Pack grid:      nk = (  4  1  1 ),      shift = (  0  0  0 )
  K-point calculation: (cart. coord. in Bohr^-1)
    k point   1:   (   0.00000  0.00000  0.00000 ),   weight =   0.2500
    k point   2:   (   0.15168  0.00000  0.00000 ),   weight =   0.2500
    k point   3:   (   0.30337  0.00000  0.00000 ),   weight =   0.2500
    k point   4:   (   0.45505  0.00000  0.00000 ),   weight =   0.2500
</K-POINTS>


  ======================================================================
  =                     Band interpolation by WFs                      =
  ======================================================================


  Generating kpts:   2      Segments:   1
  Total kpts number: 100    Max kpt number: 100


  Generating kpts [cart. coord. Bohr^-1]
      k point   1:   (   0.00000  0.00000  0.00000 )    G 
      k point   2:   (   0.30337  0.00000  0.00000 )    X 

  Number of kpts in each segment
      line   1:     100


  Generated kpts  [cart. coord. Bohr^-1]
      k point   1:   (   0.00000  0.00000  0.00000 ) 
      k point   2:   (   0.00303  0.00000  0.00000 ) 
      k point   3:   (   0.00607  0.00000  0.00000 ) 
      k point   4:   (   0.00910  0.00000  0.00000 ) 
      k point   5:   (   0.01213  0.00000  0.00000 ) 
      k point   6:   (   0.01517  0.00000  0.00000 ) 
      k point   7:   (   0.01820  0.00000  0.00000 ) 
      k point   8:   (   0.02124  0.00000  0.00000 ) 
      k point   9:   (   0.02427  0.00000  0.00000 ) 
      k point  10:   (   0.02730  0.00000  0.00000 ) 
      k point  11:   (   0.03034  0.00000  0.00000 ) 
      k point  12:   (   0.03337  0.00000  0.00000 ) 
      k point  13:   (   0.03640  0.00000  0.00000 ) 
      k point  14:   (   0.03944  0.00000  0.00000 ) 
      k point  15:   (   0.04247  0.00000  0.00000 ) 
      k point  16:   (   0.04551  0.00000  0.00000 ) 
      k point  17:   (   0.04854  0.00000  0.00000 ) 
      k point  18:   (   0.05157  0.00000  0.00000 ) 
      k point  19:   (   0.05461  0.00000  0.00000 ) 
      k point  20:   (   0.05764  0.00000  0.00000 ) 
      k point  21:   (   0.06067  0.00000  0.00000 ) 
      k point  22:   (   0.06371  0.00000  0.00000 ) 
      k point  23:   (   0.06674  0.00000  0.00000 ) 
      k point  24:   (   0.06977  0.00000  0.00000 ) 
      k point  25:   (   0.07281  0.00000  0.00000 ) 
      k point  26:   (   0.07584  0.00000  0.00000 ) 
      k point  27:   (   0.07888  0.00000  0.00000 ) 
      k point  28:   (   0.08191  0.00000  0.00000 ) 
      k point  29:   (   0.08494  0.00000  0.00000 ) 
      k point  30:   (   0.08798  0.00000  0.00000 ) 
      k point  31:   (   0.09101  0.00000  0.00000 ) 
      k point  32:   (   0.09404  0.00000  0.00000 ) 
      k point  33:   (   0.09708  0.00000  0.00000 ) 
      k point  34:   (   0.10011  0.00000  0.00000 ) 
      k point  35:   (   0.10315  0.00000  0.00000 ) 
      k point  36:   (   0.10618  0.00000  0.00000 ) 
      k point  37:   (   0.10921  0.00000  0.00000 ) 
      k point  38:   (   0.11225  0.00000  0.00000 ) 
      k point  39:   (   0.11528  0.00000  0.00000 ) 
      k point  40:   (   0.11831  0.00000  0.00000 ) 
      k point  41:   (   0.12135  0.00000  0.00000 ) 
      k point  42:   (   0.12438  0.00000  0.00000 ) 
      k point  43:   (   0.12741  0.00000  0.00000 ) 
      k point  44:   (   0.13045  0.00000  0.00000 ) 
      k point  45:   (   0.13348  0.00000  0.00000 ) 
      k point  46:   (   0.13652  0.00000  0.00000 ) 
      k point  47:   (   0.13955  0.00000  0.00000 ) 
      k point  48:   (   0.14258  0.00000  0.00000 ) 
      k point  49:   (   0.14562  0.00000  0.00000 ) 
      k point  50:   (   0.14865  0.00000  0.00000 ) 
      k point  51:   (   0.15168  0.00000  0.00000 ) 
      k point  52:   (   0.15472  0.00000  0.00000 ) 
      k point  53:   (   0.15775  0.00000  0.00000 ) 
      k point  54:   (   0.16079  0.00000  0.00000 ) 
      k point  55:   (   0.16382  0.00000  0.00000 ) 
      k point  56:   (   0.16685  0.00000  0.00000 ) 
      k point  57:   (   0.16989  0.00000  0.00000 ) 
      k point  58:   (   0.17292  0.00000  0.00000 ) 
      k point  59:   (   0.17595  0.00000  0.00000 ) 
      k point  60:   (   0.17899  0.00000  0.00000 ) 
      k point  61:   (   0.18202  0.00000  0.00000 ) 
      k point  62:   (   0.18505  0.00000  0.00000 ) 
      k point  63:   (   0.18809  0.00000  0.00000 ) 
      k point  64:   (   0.19112  0.00000  0.00000 ) 
      k point  65:   (   0.19416  0.00000  0.00000 ) 
      k point  66:   (   0.19719  0.00000  0.00000 ) 
      k point  67:   (   0.20022  0.00000  0.00000 ) 
      k point  68:   (   0.20326  0.00000  0.00000 ) 
      k point  69:   (   0.20629  0.00000  0.00000 ) 
      k point  70:   (   0.20932  0.00000  0.00000 ) 
      k point  71:   (   0.21236  0.00000  0.00000 ) 
      k point  72:   (   0.21539  0.00000  0.00000 ) 
      k point  73:   (   0.21843  0.00000  0.00000 ) 
      k point  74:   (   0.22146  0.00000  0.00000 ) 
      k point  75:   (   0.22449  0.00000  0.00000 ) 
      k point  76:   (   0.22753  0.00000  0.00000 ) 
      k point  77:   (   0.23056  0.00000  0.00000 ) 
      k point  78:   (   0.23359  0.00000  0.00000 ) 
      k point  79:   (   0.23663  0.00000  0.00000 ) 
      k point  80:   (   0.23966  0.00000  0.00000 ) 
      k point  81:   (   0.24269  0.00000  0.00000 ) 
      k point  82:   (   0.24573  0.00000  0.00000 ) 
      k point  83:   (   0.24876  0.00000  0.00000 ) 
      k point  84:   (   0.25180  0.00000  0.00000 ) 
      k point  85:   (   0.25483  0.00000  0.00000 ) 
      k point  86:   (   0.25786  0.00000  0.00000 ) 
      k point  87:   (   0.26090  0.00000  0.00000 ) 
      k point  88:   (   0.26393  0.00000  0.00000 ) 
      k point  89:   (   0.26696  0.00000  0.00000 ) 
      k point  90:   (   0.27000  0.00000  0.00000 ) 
      k point  91:   (   0.27303  0.00000  0.00000 ) 
      k point  92:   (   0.27607  0.00000  0.00000 ) 
      k point  93:   (   0.27910  0.00000  0.00000 ) 
      k point  94:   (   0.28213  0.00000  0.00000 ) 
      k point  95:   (   0.28517  0.00000  0.00000 ) 
      k point  96:   (   0.28820  0.00000  0.00000 ) 
      k point  97:   (   0.29123  0.00000  0.00000 ) 
      k point  98:   (   0.29427  0.00000  0.00000 ) 
      k point  99:   (   0.29730  0.00000  0.00000 ) 
      k point 100:   (   0.30337  0.00000  0.00000 ) 

   <global routines>
             clock number :     2

                    bands :     0.00s CPU 
 
                want_init :     0.01s CPU


