
     Program POST-PROC v.2.1.3  starts ...
     Today is 27Jul2005 at 16:25: 3 

     Reading file gold_US.save ... 
     read complete

     Reading file gold_US.save ... 
     read complete

     nbndx  =    10  nbnd   =    10  natomwfc =     9  npwx   =    4031
     nelec  =   11.00 nkb   =    18  ngl    =    4885
