
     Program POST-PROC v.2.1.5  starts ...
     Today is 17Oct2005 at 17:31:58 

     Reading file silicon.save ... 
     read complete

     Reading file silicon.save ... 
     read complete

     nbndx  =    16  nbnd   =    16  natomwfc =     8  npwx   =     869
     nelec  =    8.00 nkb   =     8  ngl    =     117
