  ======================================================================
              =                                            =
              =     *** WanT *** Wannier Transport Code    =
              =        (www.wannier-transport.org)         =
              =      Ultra Soft Pseudopotential Implem.    =
              =                                            =
  ======================================================================


  Program <disentangle>  v. 2.0.0  starts ...
  Date 12Apr2006 at  0:28: 7 

  Arch. / Op.Sys: Intel/Amd/Alpha 64-bit, Linux
        Compiler: INTEL


  PW-DFT data read from file: al5.export/index.xml

  ======================================================================
  =                                Main                                =
  ======================================================================

            Calculation Title :     Wannier Transport Calculation
                       Prefix :     al5
                      Postfix :     _WanT
            Working directory :     ./

                 Restart Mode :     from_scratch
                Overlap Calc. :     TRUE 
             Projection Calc. :     TRUE 
          Read Start Subspace :     FALSE
       Read Start Unitary mat :     FALSE
           Conditioned minim. :     TRUE 

 <WANNIER_FUNCTIONS>
  Input parameters for Wannier func. calculation
    Number of Wannier functions required =   20
    SD minim: Mixing parameter (alpha0_wan)=  0.500
    SD minim: Max iteration number =     100
    Minimization convergence threshold =     0.000001000
    CG minim: Mixing parameter (alpha1_wan) =  0.500
    CG minim: Max iteration number =    5000
    Every   5 iteration perform a SD step
    Print info each  20 iterations
    Save data each  200 iterations
    Starting minimization guess = center_projections
    Ordering mode = none
    Verbosity = medium
    Unitariery check threshold =     0.000001000
    Conditioned minim. amplitude =    20.000000000
    Conditioned minim.  iter num =  5100
 </WANNIER_FUNCTIONS>

 <DISENTANGLE>
  Input parameters for subspace definition
    Spin component = none
    Mixing parameter (alpha_dis)=  0.500
    Max iteration number =    1000
    Starting minimization guess = center_projections
    Disentangle convergence threshold =     0.000000010
    Print info each  10 iterations
    Save data each   50 iterations
 </DISENTANGLE>

 <TRIAL_CENTERS>
  Trial centers: (cart. coord. in Bohr)

      #     Type          l   m       Position                              Decay
    ----  ------------  --------   ------------------------------------   ---------
      1    1gauss         0   0    (   0.000000   0.000000   0.000000 )    0.60000
      2    1gauss         1   0    (   0.000000   0.000000   2.250000 )    0.60000
      3    1gauss         1  -1    (   0.000000   0.000000   0.000000 )    0.60000
      4    1gauss         1   1    (   0.000000   0.000000   0.000000 )    0.60000
      5    1gauss         0   0    (   0.000000   0.000000   4.500000 )    0.60000
      6    1gauss         1   0    (   0.000000   0.000000   6.750000 )    0.60000
      7    1gauss         1  -1    (   0.000000   0.000000   4.500000 )    0.60000
      8    1gauss         1   1    (   0.000000   0.000000   4.500000 )    0.60000
      9    1gauss         0   0    (   0.000000   0.000000   9.000000 )    0.60000
     10    1gauss         1   0    (   0.000000   0.000000  11.250000 )    0.60000
     11    1gauss         1  -1    (   0.000000   0.000000   9.000000 )    0.60000
     12    1gauss         1   1    (   0.000000   0.000000   9.000000 )    0.60000
     13    1gauss         0   0    (   0.000000   0.000000  13.500000 )    0.60000
     14    1gauss         1   0    (   0.000000   0.000000  15.750000 )    0.60000
     15    1gauss         1  -1    (   0.000000   0.000000  13.500000 )    0.60000
     16    1gauss         1   1    (   0.000000   0.000000  13.500000 )    0.60000
     17    1gauss         0   0    (   0.000000   0.000000  18.000000 )    0.60000
     18    1gauss         1   0    (   0.000000   0.000000  20.250000 )    0.60000
     19    1gauss         1  -1    (   0.000000   0.000000  18.000000 )    0.60000
     20    1gauss         1   1    (   0.000000   0.000000  18.000000 )    0.60000

 </TRIAL_CENTERS>


  ======================================================================
  =                              DFT data                              =
  ======================================================================

 <LATTICE>
  Alat  =      12.0000000 (Bohr)
  Alat  =       6.3501240 (Ang )
  Omega =    3240.0000000 (Bohr^3)
  Omega =     480.1178911 (Ang^3 )

  Crystal axes:
                in units of Bohr                 in Alat units
    a(1) = ( 12.0000  0.0000  0.0000 )     (   1.0000  0.0000  0.0000 )
    a(2) = (  0.0000 12.0000  0.0000 )     (   0.0000  1.0000  0.0000 )
    a(3) = (  0.0000  0.0000 22.5000 )     (   0.0000  0.0000  1.8750 )
  Crystal axes: (Ang)
    a(1) = (  6.3501  0.0000  0.0000 )
    a(2) = (  0.0000  6.3501  0.0000 )
    a(3) = (  0.0000  0.0000 11.9065 )

   Reciprocal lattice vectors:
                in units of Bohr^-1              in 2Pi/Alat units
    b(1) = (  0.5236  0.0000  0.0000 )     (   1.0000  0.0000  0.0000 )
    b(2) = (  0.0000  0.5236  0.0000 )     (   0.0000  1.0000  0.0000 )
    b(3) = (  0.0000  0.0000  0.2793 )     (   0.0000  0.0000  0.5333 )
 </LATTICE>

 <IONS>
  Number of chemical species =  1
     Pseudo( 1) = Al.pz-vbc.UPF

     Pseudo( 1) is Al         zval =  3.0   lmax= 1   lloc= 0
     (in numerical form:   171 grid points, xmin =  0.00, dx = 0.0000)

  Atomic positions: (cart. coord. in Bohr)
     Al   tau(   1 ) = (   0.0000000   0.0000000   0.0000000 )
     Al   tau(   2 ) = (   0.0000000   0.0000000   4.5000000 )
     Al   tau(   3 ) = (   0.0000000   0.0000000   9.0000000 )
     Al   tau(   4 ) = (   0.0000000   0.0000000  13.5000000 )
     Al   tau(   5 ) = (   0.0000000   0.0000000  18.0000000 )
 </IONS>

 <K-POINTS>
  nkpts =    4
  Monkhorst-Pack grid:      nk = (  1  1  4 ),      shift = (  0  0  0 )
  K-point calculation: (cart. coord. in Bohr^-1)
    k point   1:   (   0.00000  0.00000  0.00000 ),   weight =   0.2500000
    k point   2:   (   0.00000  0.00000  0.06981 ),   weight =   0.2500000
    k point   3:   (   0.00000  0.00000  0.13963 ),   weight =   0.2500000
    k point   4:   (   0.00000  0.00000  0.20944 ),   weight =   0.2500000
 </K-POINTS>

 <B-SHELL>
  List of the  6 b-vectors : (Bohr^-1) 
    b ( 1) =    (  -0.52360  0.00000  0.00000 ),   weight =   1.8237813
    b ( 2) =    (   0.52360  0.00000  0.00000 ),   weight =   1.8237813
    b ( 3) =    (   0.00000 -0.52360  0.00000 ),   weight =   1.8237813
    b ( 4) =    (   0.00000  0.52360  0.00000 ),   weight =   1.8237813
    b ( 5) =    (   0.00000  0.00000  0.06981 ),   weight = 102.5876990
    b ( 6) =    (   0.00000  0.00000 -0.06981 ),   weight = 102.5876990

  Total weight =     212.4705231
 </B-SHELL>

 <WINDOWS>
  Definition of energy windows: (energies in eV)
    outer window: E  = (  -inf ,   10.0000 )
    Max number of bands within the energy window =    50

  Electronic Structure from DFT calculation:
    nkpts =   4,     nbnd =  50,
    nspin =   1
    Fermi energy =   -1.811527196 eV
 !
 !    kpt =    1 (   0.00000  0.00000  0.00000 )    dimwin =   50
 !                                       imin =    1  imax =   50
 !   Eigenvalues:
 !    -8.4058  -7.3736  -7.3736  -4.4800  -4.4800  -2.2032  -2.2032  -1.2330
 !    -1.2330  -1.2330  -1.2330   0.6137   0.6137   0.6407   1.6150   1.6150
 !     1.6753   1.6753   1.6753   1.6753   1.9870   3.0431   3.0431   3.8231
 !     4.8719   4.8719   5.1116   5.1116   5.1940   5.1940   5.8010   5.9606
 !     5.9606   6.1976   6.1976   6.2313   6.2313   6.2313   6.2313   6.6077
 !     6.6077   6.6077   6.6077   7.9374   7.9374   7.9745   7.9745   9.3467
 !     9.3467   9.3467
 !
 !    kpt =    2 (   0.00000  0.00000  0.06981 )    dimwin =   50
 !                                       imin =    1  imax =   50
 !   Eigenvalues:
 !    -8.3389  -7.8216  -6.8044  -5.3382  -3.6257  -2.1420  -2.1420  -1.6573
 !    -1.6573  -0.6870  -0.6870  -0.4574   0.7042   0.7685   0.7685   1.1999
 !     1.7404   2.0530   2.0903   2.5812   2.6921   2.6921   3.6366   3.8888
 !     4.3265   4.4134   5.1023   5.2158   5.2194   5.2194   5.2590   5.2590
 !     5.4601   5.7775   5.7775   5.8514   6.1145   6.1326   6.8149   6.8149
 !     7.0177   7.2946   8.0309   8.1286   8.1286   8.3792   8.3792   8.6098
 !     8.7365   9.0069
 !
 !    kpt =    3 (   0.00000  0.00000  0.13963 )    dimwin =   50
 !                                       imin =    1  imax =   50
 !   Eigenvalues:
 !    -8.1444  -8.1444  -6.1227  -6.1227  -3.1543  -1.9604  -1.9604  -1.9604
 !    -1.9604  -1.0083  -0.0200  -0.0200  -0.0200  -0.0200   0.8919   0.8919
 !     2.2511   2.2511   2.3689   2.3689   3.5754   3.5754   4.0856   4.0856
 !     4.2124   4.2124   4.2193   4.2193   4.3612   4.3612   5.4534   5.4534
 !     5.4534   5.4534   5.9868   5.9868   6.1764   6.1764   6.9517   7.5281
 !     7.5281   7.5281   7.5281   7.7858   8.2404   8.5852   8.5852   8.9310
 !     9.4279   9.4279
 !
 !    kpt =    4 (   0.00000  0.00000  0.20944 )    dimwin =   50
 !                                       imin =    1  imax =   50
 !   Eigenvalues:
 !    -8.3389  -7.8216  -6.8044  -5.3382  -3.6257  -2.1420  -2.1420  -1.6573
 !    -1.6573  -0.6870  -0.6870  -0.4574   0.7042   0.7685   0.7685   1.1999
 !     1.7404   2.0530   2.0903   2.5812   2.6921   2.6921   3.6366   3.8888
 !     4.3265   4.4134   5.1023   5.2158   5.2194   5.2194   5.2590   5.2590
 !     5.4601   5.7775   5.7775   5.8514   6.1145   6.1326   6.8149   6.8149
 !     7.0177   7.2946   8.0309   8.1286   8.1286   8.3792   8.3792   8.6098
 !     8.7365   9.0069

    inner window: E  = (  -inf ,   1.5000 ) --> FROZEN STATES
    there are  14 frozen states at k-point =     1
    there are  16 frozen states at k-point =     2
    there are  16 frozen states at k-point =     3
    there are  16 frozen states at k-point =     4
 </WINDOWS>



  ======================================================================
  =                      Overlaps and Projections                      =
  ======================================================================

  Reading density G-grid from file: al5.export/index.xml
  Reading Wfc grids from file: al5.export/index.xml


          Energy cut-off for wfcs =         15.00 (Ry)
                         for rho  =         60.00 (Ry)
      Total number of PW for rho  =      25439
        Max number of PW for wfc  =       3236
      Total number of PW for wfcs =       3637
        FFT grid components (rho) =  (    30   30   60 )


  Initializing global dft data
    Overlaps or Projections calculation for k-point:    1
    npw =   3235,    dimwin =   50
                              Total time spent up to now :     0.78 secs

    Overlaps or Projections calculation for k-point:    2
    npw =   3192,    dimwin =   50
                              Total time spent up to now :     1.51 secs

    Overlaps or Projections calculation for k-point:    3
    npw =   3220,    dimwin =   50
                              Total time spent up to now :     2.24 secs

    Overlaps or Projections calculation for k-point:    4
    npw =   3192,    dimwin =   50
                              Total time spent up to now :     2.97 secs


  Overlaps and projections written on file: al5_WanT.ovp
                              Total time spent up to now :     3.80 secs


  ======================================================================
  =                      Starting Iteration loop                      =
  ======================================================================


  Initial trial subspace: projected localized orbitals
  There are frozen states

  Iteration =     1     Omega_I =  285.945571      Error =      0.39481914
  Iteration =     2     Omega_I =  198.359449      Error =      0.44155256
  Iteration =     3     Omega_I =  176.780959      Error =      0.12206343
  Iteration =     4     Omega_I =  166.062824      Error =      0.06454265
  Iteration =     5     Omega_I =  158.446313      Error =      0.04806998
  Iteration =     6     Omega_I =  152.707610      Error =      0.03757968
  Iteration =     7     Omega_I =  148.275206      Error =      0.02989309
  Iteration =     8     Omega_I =  144.802252      Error =      0.02398412
  Iteration =     9     Omega_I =  142.054732      Error =      0.01934128
  Iteration =    10     Omega_I =  139.865911      Error =      0.01564942

                              Total time spent up to now :     3.98 secs

  Iteration =    11     Omega_I =  138.112992      Error =      0.01269192
  Iteration =    12     Omega_I =  136.703453      Error =      0.01031092
  Iteration =    13     Omega_I =  135.566405      Error =      0.00838739
  Iteration =    14     Omega_I =  134.646823      Error =      0.00682958
  Iteration =    15     Omega_I =  133.901573      Error =      0.00556565
  Iteration =    16     Omega_I =  133.296572      Error =      0.00453876
  Iteration =    17     Omega_I =  132.804722      Error =      0.00370356
  Iteration =    18     Omega_I =  132.404375      Error =      0.00302367
  Iteration =    19     Omega_I =  132.078165      Error =      0.00246983
  Iteration =    20     Omega_I =  131.812119      Error =      0.00201837

                              Total time spent up to now :     4.14 secs

  Iteration =    21     Omega_I =  131.594968      Error =      0.00165015
  Iteration =    22     Omega_I =  131.417596      Error =      0.00134968
  Iteration =    23     Omega_I =  131.272624      Error =      0.00110436
  Iteration =    24     Omega_I =  131.154064      Error =      0.00090398
  Iteration =    25     Omega_I =  131.057052      Error =      0.00074022
  Iteration =    26     Omega_I =  130.977635      Error =      0.00060635
  Iteration =    27     Omega_I =  130.912591      Error =      0.00049685
  Iteration =    28     Omega_I =  130.859298      Error =      0.00040726
  Iteration =    29     Omega_I =  130.815616      Error =      0.00033392
  Iteration =    30     Omega_I =  130.779799      Error =      0.00027387

                              Total time spent up to now :     4.30 secs

  Iteration =    31     Omega_I =  130.750422      Error =      0.00022468
  Iteration =    32     Omega_I =  130.726319      Error =      0.00018438
  Iteration =    33     Omega_I =  130.706538      Error =      0.00015134
  Iteration =    34     Omega_I =  130.690299      Error =      0.00012425
  Iteration =    35     Omega_I =  130.676965      Error =      0.00010204
  Iteration =    36     Omega_I =  130.666013      Error =      0.00008382
  Iteration =    37     Omega_I =  130.657016      Error =      0.00006886
  Iteration =    38     Omega_I =  130.649623      Error =      0.00005659
  Iteration =    39     Omega_I =  130.643546      Error =      0.00004651
  Iteration =    40     Omega_I =  130.638551      Error =      0.00003824

                              Total time spent up to now :     4.46 secs

  Iteration =    41     Omega_I =  130.634443      Error =      0.00003144
  Iteration =    42     Omega_I =  130.631065      Error =      0.00002586
  Iteration =    43     Omega_I =  130.628286      Error =      0.00002127
  Iteration =    44     Omega_I =  130.626000      Error =      0.00001750
  Iteration =    45     Omega_I =  130.624118      Error =      0.00001441
  Iteration =    46     Omega_I =  130.622569      Error =      0.00001186
  Iteration =    47     Omega_I =  130.621294      Error =      0.00000976
  Iteration =    48     Omega_I =  130.620243      Error =      0.00000804
  Iteration =    49     Omega_I =  130.619378      Error =      0.00000663
  Iteration =    50     Omega_I =  130.618665      Error =      0.00000546

                              Total time spent up to now :     4.61 secs

  Iteration =    51     Omega_I =  130.618077      Error =      0.00000450
  Iteration =    52     Omega_I =  130.617592      Error =      0.00000371
  Iteration =    53     Omega_I =  130.617192      Error =      0.00000306
  Iteration =    54     Omega_I =  130.616862      Error =      0.00000253
  Iteration =    55     Omega_I =  130.616590      Error =      0.00000209
  Iteration =    56     Omega_I =  130.616365      Error =      0.00000172
  Iteration =    57     Omega_I =  130.616179      Error =      0.00000142
  Iteration =    58     Omega_I =  130.616026      Error =      0.00000118
  Iteration =    59     Omega_I =  130.615899      Error =      0.00000097
  Iteration =    60     Omega_I =  130.615794      Error =      0.00000081

                              Total time spent up to now :     4.95 secs

  Iteration =    61     Omega_I =  130.615706      Error =      0.00000067
  Iteration =    62     Omega_I =  130.615634      Error =      0.00000055
  Iteration =    63     Omega_I =  130.615574      Error =      0.00000046
  Iteration =    64     Omega_I =  130.615525      Error =      0.00000038
  Iteration =    65     Omega_I =  130.615483      Error =      0.00000032
  Iteration =    66     Omega_I =  130.615449      Error =      0.00000026
  Iteration =    67     Omega_I =  130.615420      Error =      0.00000022
  Iteration =    68     Omega_I =  130.615397      Error =      0.00000018
  Iteration =    69     Omega_I =  130.615377      Error =      0.00000015
  Iteration =    70     Omega_I =  130.615360      Error =      0.00000013

                              Total time spent up to now :     5.10 secs

  Iteration =    71     Omega_I =  130.615346      Error =      0.00000011
  Iteration =    72     Omega_I =  130.615334      Error =      0.00000009
  Iteration =    73     Omega_I =  130.615325      Error =      0.00000007
  Iteration =    74     Omega_I =  130.615316      Error =      0.00000006
  Iteration =    75     Omega_I =  130.615309      Error =      0.00000005
  Iteration =    76     Omega_I =  130.615304      Error =      0.00000004
  Iteration =    77     Omega_I =  130.615299      Error =      0.00000004
  Iteration =    78     Omega_I =  130.615294      Error =      0.00000003
  Iteration =    79     Omega_I =  130.615291      Error =      0.00000003
  Iteration =    80     Omega_I =  130.615288      Error =      0.00000002

                              Total time spent up to now :     5.26 secs

  Iteration =    81     Omega_I =  130.615285      Error =      0.00000002
  Iteration =    82     Omega_I =  130.615283      Error =      0.00000002
  Iteration =    83     Omega_I =  130.615281      Error =      0.00000001
  Iteration =    84     Omega_I =  130.615280      Error =      0.00000001
  Iteration =    85     Omega_I =  130.615278      Error =      0.00000001
  Iteration =    86     Omega_I =  130.615277      Error =      0.00000001


  ======================================================================
  =                        Convergence Achieved                        =
  ======================================================================

  Iteration # :    86
  Final Omega_I (Bohr^2, Angstrom^2):     130.615277        36.575974
   Avrg Omega_I                     :       6.530764         1.828799

                              Total time spent up to now :     5.35 secs


  Subspace data written on file: al5_WanT.space
  ======================================================================

   <global routines>
             clock number :    18

              disentangle :     5.00s CPU 
 
                want_init :     0.02s CPU
             bshells_init :     0.00s CPU
              wfc_manager :     3.78s CPU
          ggrids_read_ext :     0.02s CPU
              struct_fact :     0.00s CPU
           wfc_data_kread :     0.71s CPU (      16 calls,   0.044 s avg)
                  overlap :     1.73s CPU (      12 calls,   0.144 s avg)
           overlap_setmap :     0.02s CPU (      12 calls,   0.001 s avg)
                    s_psi :     0.01s CPU (       4 calls,   0.001 s avg)
               projection :     0.46s CPU (       4 calls,   0.116 s avg)
       trial_center_setup :     0.09s CPU (      80 calls,   0.001 s avg)
               iterations :     1.55s CPU
             subapce_init :     0.02s CPU
        projection_frozen :     0.01s CPU
                   omegai :     0.00s CPU (      87 calls,   0.000 s avg)
                  zmatrix :     0.19s CPU (     344 calls,   0.001 s avg)
                mat_hdiag :     0.86s CPU (     352 calls,   0.002 s avg)


