  ======================================================================
              =                                            =
              =     *** WanT *** Wannier Transport Code    =
              =        (www.wannier-transport.org)         =
              =      Ultra Soft Pseudopotential Implem.    =
              =                                            =
  ======================================================================


  Program <plot>  v. 2.1.0  starts ...
  Date  3Nov2006 at 19:48:20 

           HOST :    i686-pc-linux-gnu
           ARCH :    ia32
             CC :    gcc
            CPP :    cpp
            F90 :    g95
            F77 :    g95
         DFLAGS :    -D__LINUX -D__G95 -D__FFTW
      BLAS LIBS :    -L/usr/local/lib/mkl -lmkl_ia32 -lguide -lpthread
    LAPACK LIBS :    -lmkl_lapack
       FFT LIBS :    -lfftw
      MASS LIBS :    


  DFT-data fmt automaticaly detected: qexml
  DFT-data read from file: wurtzite.save/data-file.xml

  Subspace data read from file: wurtzite_WanT.space
  Wannier data read from file: wurtzite_WanT.wan


  ======================================================================
  =                              DFT data                              =
  ======================================================================

 <LATTICE>
  Alat  =       5.8853100 (Bohr)
  Alat  =       3.1143707 (Ang )
  Omega =     853.1465639 (Bohr^3)
  Omega =     126.4231263 (Ang^3 )

  Crystal axes:
                in units of Bohr                 in Alat units
    a(1) = (  5.8853  0.0000  0.0000 )     (   1.0000  0.0000  0.0000 )
    a(2) = ( -2.9427  5.0968  0.0000 )     (  -0.5000  0.8660  0.0000 )
    a(3) = (  0.0000  0.0000 28.4416 )     (   0.0000  0.0000  4.8326 )
  Crystal axes: (Ang)
    a(1) = (  3.1144  0.0000  0.0000 )
    a(2) = ( -1.5572  2.6971  0.0000 )
    a(3) = (  0.0000  0.0000 15.0507 )

   Reciprocal lattice vectors:
                in units of Bohr^-1              in 2Pi/Alat units
    b(1) = (  1.0676  0.6164 -0.0000 )     (   1.0000  0.5774 -0.0000 )
    b(2) = (  0.0000  1.2328  0.0000 )     (   0.0000  1.1547  0.0000 )
    b(3) = (  0.0000 -0.0000  0.2209 )     (   0.0000 -0.0000  0.2069 )
 </LATTICE>

 <K-POINTS>
  nkpts =   64
  Monkhorst-Pack grid:      nk = (  4  4  4 ),      shift = (  0  0  0 )

  K-point calculation: (cart. coord. in Bohr^-1)
    k (   1) =    (  -0.53380 -0.92457 -0.11046 ),   weight =   0.0156250
    k (   2) =    (  -0.26690 -0.77048 -0.11046 ),   weight =   0.0156250
    k (   3) =    (   0.00000 -0.61638 -0.11046 ),   weight =   0.0156250
    k (   4) =    (   0.26690 -0.46229 -0.11046 ),   weight =   0.0156250
    k (   5) =    (  -0.53380 -0.61638 -0.11046 ),   weight =   0.0156250
    k (   6) =    (  -0.26690 -0.46229 -0.11046 ),   weight =   0.0156250
    k (   7) =    (   0.00000 -0.30819 -0.11046 ),   weight =   0.0156250
    k (   8) =    (   0.26690 -0.15410 -0.11046 ),   weight =   0.0156250
    k (   9) =    (  -0.53380 -0.30819 -0.11046 ),   weight =   0.0156250
    k (  10) =    (  -0.26690 -0.15410 -0.11046 ),   weight =   0.0156250
    k (  11) =    (   0.00000  0.00000 -0.11046 ),   weight =   0.0156250
    k (  12) =    (   0.26690  0.15410 -0.11046 ),   weight =   0.0156250
    k (  13) =    (  -0.53380  0.00000 -0.11046 ),   weight =   0.0156250
    k (  14) =    (  -0.26690  0.15410 -0.11046 ),   weight =   0.0156250
    k (  15) =    (   0.00000  0.30819 -0.11046 ),   weight =   0.0156250
    k (  16) =    (   0.26690  0.46229 -0.11046 ),   weight =   0.0156250
    k (  17) =    (  -0.53380 -0.92457 -0.05523 ),   weight =   0.0156250
    k (  18) =    (  -0.26690 -0.77048 -0.05523 ),   weight =   0.0156250
    k (  19) =    (   0.00000 -0.61638 -0.05523 ),   weight =   0.0156250
    k (  20) =    (   0.26690 -0.46229 -0.05523 ),   weight =   0.0156250
    k (  21) =    (  -0.53380 -0.61638 -0.05523 ),   weight =   0.0156250
    k (  22) =    (  -0.26690 -0.46229 -0.05523 ),   weight =   0.0156250
    k (  23) =    (   0.00000 -0.30819 -0.05523 ),   weight =   0.0156250
    k (  24) =    (   0.26690 -0.15410 -0.05523 ),   weight =   0.0156250
    k (  25) =    (  -0.53380 -0.30819 -0.05523 ),   weight =   0.0156250
    k (  26) =    (  -0.26690 -0.15410 -0.05523 ),   weight =   0.0156250
    k (  27) =    (   0.00000  0.00000 -0.05523 ),   weight =   0.0156250
    k (  28) =    (   0.26690  0.15410 -0.05523 ),   weight =   0.0156250
    k (  29) =    (  -0.53380  0.00000 -0.05523 ),   weight =   0.0156250
    k (  30) =    (  -0.26690  0.15410 -0.05523 ),   weight =   0.0156250
    k (  31) =    (   0.00000  0.30819 -0.05523 ),   weight =   0.0156250
    k (  32) =    (   0.26690  0.46229 -0.05523 ),   weight =   0.0156250
    k (  33) =    (  -0.53380 -0.92457  0.00000 ),   weight =   0.0156250
    k (  34) =    (  -0.26690 -0.77048  0.00000 ),   weight =   0.0156250
    k (  35) =    (   0.00000 -0.61638  0.00000 ),   weight =   0.0156250
    k (  36) =    (   0.26690 -0.46229  0.00000 ),   weight =   0.0156250
    k (  37) =    (  -0.53380 -0.61638  0.00000 ),   weight =   0.0156250
    k (  38) =    (  -0.26690 -0.46229  0.00000 ),   weight =   0.0156250
    k (  39) =    (   0.00000 -0.30819  0.00000 ),   weight =   0.0156250
    k (  40) =    (   0.26690 -0.15410  0.00000 ),   weight =   0.0156250
    k (  41) =    (  -0.53380 -0.30819  0.00000 ),   weight =   0.0156250
    k (  42) =    (  -0.26690 -0.15410  0.00000 ),   weight =   0.0156250
    k (  43) =    (   0.00000  0.00000  0.00000 ),   weight =   0.0156250
    k (  44) =    (   0.26690  0.15410  0.00000 ),   weight =   0.0156250
    k (  45) =    (  -0.53380  0.00000  0.00000 ),   weight =   0.0156250
    k (  46) =    (  -0.26690  0.15410  0.00000 ),   weight =   0.0156250
    k (  47) =    (   0.00000  0.30819  0.00000 ),   weight =   0.0156250
    k (  48) =    (   0.26690  0.46229  0.00000 ),   weight =   0.0156250
    k (  49) =    (  -0.53380 -0.92457  0.05523 ),   weight =   0.0156250
    k (  50) =    (  -0.26690 -0.77048  0.05523 ),   weight =   0.0156250
    k (  51) =    (   0.00000 -0.61638  0.05523 ),   weight =   0.0156250
    k (  52) =    (   0.26690 -0.46229  0.05523 ),   weight =   0.0156250
    k (  53) =    (  -0.53380 -0.61638  0.05523 ),   weight =   0.0156250
    k (  54) =    (  -0.26690 -0.46229  0.05523 ),   weight =   0.0156250
    k (  55) =    (   0.00000 -0.30819  0.05523 ),   weight =   0.0156250
    k (  56) =    (   0.26690 -0.15410  0.05523 ),   weight =   0.0156250
    k (  57) =    (  -0.53380 -0.30819  0.05523 ),   weight =   0.0156250
    k (  58) =    (  -0.26690 -0.15410  0.05523 ),   weight =   0.0156250
    k (  59) =    (   0.00000  0.00000  0.05523 ),   weight =   0.0156250
    k (  60) =    (   0.26690  0.15410  0.05523 ),   weight =   0.0156250
    k (  61) =    (  -0.53380  0.00000  0.05523 ),   weight =   0.0156250
    k (  62) =    (  -0.26690  0.15410  0.05523 ),   weight =   0.0156250
    k (  63) =    (   0.00000  0.30819  0.05523 ),   weight =   0.0156250
    k (  64) =    (   0.26690  0.46229  0.05523 ),   weight =   0.0156250
 </K-POINTS>


  Reading density G-grid from file: wurtzite.save/data-file.xml
  Reading Wfc grids from file: wurtzite.save/data-file.xml


          Energy cut-off for wfcs =         50.00 (Ry)
                         for rho  =        200.00 (Ry)
      Total number of PW for rho  =      40659
        Max number of PW for wfc  =       5165
      Total number of PW for wfcs =       7600
        FFT grid components (rho) =  (    27   27  135 )


  ======================================================================
  =                     Wannier function plotting                      =
  ======================================================================


  nplot =    1 Wannier func.s to be plotted
     wf (   1 ) =    1

  Data type  :   modulus
  Output fmt :   xsf

  Plotting Cell extrema [cryst. coord]:
       r1 :   -1.0000 -->   1.0000
       r2 :   -1.0000 -->   1.0000
       r3 :   -0.5000 -->   0.5000

  Grid dimensions:
      nrx :       -27 -->       27
      nry :       -27 -->       27
      nrz :       -68 -->       68


  Centers for the required Wannier functions:

        in cartesian coord (Bohr)
    Wf(   1 ) = (     0.000000    -0.000000     2.752566 )
        in crystal coord
    Wf(   1 ) = (     0.000000    -0.000000     0.096780 )

  Collecting WFs: 
  Plotting Cell dimensions [cryst. coord]:
       r1 :   -0.5000 -->   0.5000
       r2 :   -0.5000 -->   0.5000
       r3 :   -0.5000 -->   0.5000

  New center positions [cryst. coord]:
        in crystal coord
    Wf(   1 ) = (     0.000000    -0.000000     0.096780 )


  Atoms in the selected cell: (cart. coord. in Bohr)
     Al   tau(   1 ) = (  -2.9426550  -5.0968280  -0.0270133 )
     Al   tau(   2 ) = (  -5.8853100   0.0000000  -0.0270133 )
     Al   tau(   3 ) = (   2.9426550  -5.0968280  -0.0270133 )
     Al   tau(   4 ) = (   0.0000000   0.0000000  -0.0270133 )
     Al   tau(   5 ) = (  -2.9426579  -1.6989410   4.7132568 )
     Al   tau(   6 ) = (  -5.8853129   3.3978870   4.7132568 )
     Al   tau(   7 ) = (   2.9426521  -1.6989410   4.7132568 )
     Al   tau(   8 ) = (  -0.0000029   3.3978870   4.7132568 )
     N    tau(   9 ) = (  -2.9426550  -5.0968280   3.5822158 )
     N    tau(  10 ) = (  -5.8853100   0.0000000   3.5822158 )
     N    tau(  11 ) = (   2.9426550  -5.0968280   3.5822158 )
     N    tau(  12 ) = (   0.0000000   0.0000000   3.5822158 )
     N    tau(  13 ) = (  -2.9426579  -1.6989410   8.3224858 )
     N    tau(  14 ) = (  -5.8853129   3.3978870   8.3224858 )
     N    tau(  15 ) = (   2.9426521  -1.6989410   8.3224858 )
     N    tau(  16 ) = (  -0.0000029   3.3978870   8.3224858 )
     Al   tau(  17 ) = (  -2.9426550  -5.0968280   9.4535269 )
     Al   tau(  18 ) = (  -5.8853100   0.0000000   9.4535269 )
     Al   tau(  19 ) = (   2.9426550  -5.0968280   9.4535269 )
     Al   tau(  20 ) = (   0.0000000   0.0000000   9.4535269 )
     Al   tau(  21 ) = (  -2.9426579  -1.6989410 -14.2478229 )
     Al   tau(  22 ) = (  -2.9426579  -1.6989410  14.1937969 )
     Al   tau(  23 ) = (  -5.8853129   3.3978870 -14.2478229 )
     Al   tau(  24 ) = (  -5.8853129   3.3978870  14.1937969 )
     Al   tau(  25 ) = (   2.9426521  -1.6989410 -14.2478229 )
     Al   tau(  26 ) = (   2.9426521  -1.6989410  14.1937969 )
     Al   tau(  27 ) = (  -0.0000029   3.3978870 -14.2478229 )
     Al   tau(  28 ) = (  -0.0000029   3.3978870  14.1937969 )
     N    tau(  29 ) = (  -2.9426550  -5.0968280  13.0627559 )
     N    tau(  30 ) = (  -5.8853100   0.0000000  13.0627559 )
     N    tau(  31 ) = (   2.9426550  -5.0968280  13.0627559 )
     N    tau(  32 ) = (   0.0000000   0.0000000  13.0627559 )
     N    tau(  33 ) = (  -2.9426579  -1.6989410 -10.6385939 )
     N    tau(  34 ) = (  -5.8853129   3.3978870 -10.6385939 )
     N    tau(  35 ) = (   2.9426521  -1.6989410 -10.6385939 )
     N    tau(  36 ) = (  -0.0000029   3.3978870 -10.6385939 )
     Al   tau(  37 ) = (  -2.9426550  -5.0968280  -9.5075526 )
     Al   tau(  38 ) = (  -5.8853100   0.0000000  -9.5075526 )
     Al   tau(  39 ) = (   2.9426550  -5.0968280  -9.5075526 )
     Al   tau(  40 ) = (   0.0000000   0.0000000  -9.5075526 )
     Al   tau(  41 ) = (  -2.9426579  -1.6989410  -4.7672828 )
     Al   tau(  42 ) = (  -5.8853129   3.3978870  -4.7672828 )
     Al   tau(  43 ) = (   2.9426521  -1.6989410  -4.7672828 )
     Al   tau(  44 ) = (  -0.0000029   3.3978870  -4.7672828 )
     N    tau(  45 ) = (  -2.9426550  -5.0968280  -5.8983235 )
     N    tau(  46 ) = (  -5.8853100   0.0000000  -5.8983235 )
     N    tau(  47 ) = (   2.9426550  -5.0968280  -5.8983235 )
     N    tau(  48 ) = (   0.0000000   0.0000000  -5.8983235 )
     N    tau(  49 ) = (  -2.9426579  -1.6989410  -1.1580537 )
     N    tau(  50 ) = (  -5.8853129   3.3978870  -1.1580537 )
     N    tau(  51 ) = (   2.9426521  -1.6989410  -1.1580537 )
     N    tau(  52 ) = (  -0.0000029   3.3978870  -1.1580537 )


    Wfc Fourier Transf. for k-point    1
                              Total time spent up to now :    30.50 secs

    Wfc Fourier Transf. for k-point    2
                              Total time spent up to now :    31.18 secs

    Wfc Fourier Transf. for k-point    3
                              Total time spent up to now :    31.81 secs

    Wfc Fourier Transf. for k-point    4
                              Total time spent up to now :    32.55 secs

    Wfc Fourier Transf. for k-point    5
                              Total time spent up to now :    33.21 secs

    Wfc Fourier Transf. for k-point    6
                              Total time spent up to now :    33.65 secs

    Wfc Fourier Transf. for k-point    7
                              Total time spent up to now :    34.32 secs

    Wfc Fourier Transf. for k-point    8
                              Total time spent up to now :    34.96 secs

    Wfc Fourier Transf. for k-point    9
                              Total time spent up to now :    35.47 secs

    Wfc Fourier Transf. for k-point   10
                              Total time spent up to now :    36.10 secs

    Wfc Fourier Transf. for k-point   11
                              Total time spent up to now :    36.61 secs

    Wfc Fourier Transf. for k-point   12
                              Total time spent up to now :    37.09 secs

    Wfc Fourier Transf. for k-point   13
                              Total time spent up to now :    37.86 secs

    Wfc Fourier Transf. for k-point   14
                              Total time spent up to now :    38.51 secs

    Wfc Fourier Transf. for k-point   15
                              Total time spent up to now :    39.14 secs

    Wfc Fourier Transf. for k-point   16
                              Total time spent up to now :    39.83 secs

    Wfc Fourier Transf. for k-point   17
                              Total time spent up to now :    40.51 secs

    Wfc Fourier Transf. for k-point   18
                              Total time spent up to now :    41.15 secs

    Wfc Fourier Transf. for k-point   19
                              Total time spent up to now :    41.79 secs

    Wfc Fourier Transf. for k-point   20
                              Total time spent up to now :    42.45 secs

    Wfc Fourier Transf. for k-point   21
                              Total time spent up to now :    43.21 secs

    Wfc Fourier Transf. for k-point   22
                              Total time spent up to now :    43.85 secs

    Wfc Fourier Transf. for k-point   23
                              Total time spent up to now :    44.46 secs

    Wfc Fourier Transf. for k-point   24
                              Total time spent up to now :    45.20 secs

    Wfc Fourier Transf. for k-point   25
                              Total time spent up to now :    45.83 secs

    Wfc Fourier Transf. for k-point   26
                              Total time spent up to now :    46.47 secs

    Wfc Fourier Transf. for k-point   27
                              Total time spent up to now :    47.11 secs

    Wfc Fourier Transf. for k-point   28
                              Total time spent up to now :    47.82 secs

    Wfc Fourier Transf. for k-point   29
                              Total time spent up to now :    48.46 secs

    Wfc Fourier Transf. for k-point   30
                              Total time spent up to now :    49.12 secs

    Wfc Fourier Transf. for k-point   31
                              Total time spent up to now :    49.76 secs

    Wfc Fourier Transf. for k-point   32
                              Total time spent up to now :    50.48 secs

    Wfc Fourier Transf. for k-point   33
                              Total time spent up to now :    51.14 secs

    Wfc Fourier Transf. for k-point   34
                              Total time spent up to now :    51.79 secs

    Wfc Fourier Transf. for k-point   35
                              Total time spent up to now :    52.45 secs

    Wfc Fourier Transf. for k-point   36
                              Total time spent up to now :    53.17 secs

    Wfc Fourier Transf. for k-point   37
                              Total time spent up to now :    53.81 secs

    Wfc Fourier Transf. for k-point   38
                              Total time spent up to now :    54.45 secs

    Wfc Fourier Transf. for k-point   39
                              Total time spent up to now :    55.12 secs

    Wfc Fourier Transf. for k-point   40
                              Total time spent up to now :    55.84 secs

    Wfc Fourier Transf. for k-point   41
                              Total time spent up to now :    56.48 secs

    Wfc Fourier Transf. for k-point   42
                              Total time spent up to now :    57.10 secs

    Wfc Fourier Transf. for k-point   43
                              Total time spent up to now :    57.69 secs

    Wfc Fourier Transf. for k-point   44
                              Total time spent up to now :    58.43 secs

    Wfc Fourier Transf. for k-point   45
                              Total time spent up to now :    59.02 secs

    Wfc Fourier Transf. for k-point   46
                              Total time spent up to now :    59.59 secs

    Wfc Fourier Transf. for k-point   47
                              Total time spent up to now :    60.23 secs

    Wfc Fourier Transf. for k-point   48
                              Total time spent up to now :    60.94 secs

    Wfc Fourier Transf. for k-point   49
                              Total time spent up to now :    61.62 secs

    Wfc Fourier Transf. for k-point   50
                              Total time spent up to now :    62.28 secs

    Wfc Fourier Transf. for k-point   51
                              Total time spent up to now :    62.92 secs

    Wfc Fourier Transf. for k-point   52
                              Total time spent up to now :    63.65 secs

    Wfc Fourier Transf. for k-point   53
                              Total time spent up to now :    64.29 secs

    Wfc Fourier Transf. for k-point   54
                              Total time spent up to now :    64.94 secs

    Wfc Fourier Transf. for k-point   55
                              Total time spent up to now :    65.69 secs

    Wfc Fourier Transf. for k-point   56
                              Total time spent up to now :    66.36 secs

    Wfc Fourier Transf. for k-point   57
                              Total time spent up to now :    67.01 secs

    Wfc Fourier Transf. for k-point   58
                              Total time spent up to now :    67.66 secs

    Wfc Fourier Transf. for k-point   59
                              Total time spent up to now :    68.37 secs

    Wfc Fourier Transf. for k-point   60
                              Total time spent up to now :    69.03 secs

    Wfc Fourier Transf. for k-point   61
                              Total time spent up to now :    69.66 secs

    Wfc Fourier Transf. for k-point   62
                              Total time spent up to now :    70.33 secs

    Wfc Fourier Transf. for k-point   63
                              Total time spent up to now :    71.08 secs

    Wfc Fourier Transf. for k-point   64
                              Total time spent up to now :    71.73 secs


  WF maximum values (normalization is one):

    Wf(   1 )   -->     0.470738


  writing WF(   1) plot on file: ./SCRATCH//wurtzite_WanT_WFM001.xsf


  ======================================================================

   <global routines>
             clock number :     9

                     plot :  1m14.00s CPU 

             want_dftread :     2.23s CPU
                want_init :     0.30s CPU
          ggrids_read_ext :     0.65s CPU
      wfc_data_grids_read :     0.57s CPU
           wfc_data_kread :     6.17s CPU (      64 calls,   0.096 s avg)
               kwann_calc :    17.67s CPU (      64 calls,   0.276 s avg)
                   cfft3d :     2.09s CPU (      64 calls,   0.033 s avg)
               cwann_calc :    16.01s CPU (      64 calls,   0.250 s avg)


