  ======================================================================
              =                                            =
              =     *** WanT *** Wannier Transport Code    =
              =        (www.wannier-transport.org)         =
              =      Ultra Soft Pseudopotential Implem.    =
              =                                            =
  ======================================================================


  Program <conductor>  v. 1.1.1  starts ...
  Date 23Mar2005 at 16:41:40 

  ....reading from external file....
