
     Program POST-PROC v.2.1cvs starts ...
     Today is 18Mar2005 at 11:59:14 

     Reading file gold1.save ...      only dimensions
     read complete

     Reading file gold1.save ...      all except wavefuctions
     read complete

     nbndx  =    10  nbnd   =    10  natomwfc =     9  npwx   =    2911
     nelec  =   11.00 nkb   =    18  ngl    =    4885
