  ======================================================================
              =                                            =
              =     *** WanT *** Wannier Transport Code    =
              =        (www.wannier-transport.org)         =
              =      Ultra Soft Pseudopotential Implem.    =
              =                                            =
  ======================================================================


  Program <plot>  v. 2.0.0  starts ...
  Date 17Nov2005 at  0:28:39 

  Arch. / Op.Sys: LINUX
        Compiler: INTEL


  PW-DFT data read from file: cobalt_US.export/index.xml
  Subspace data read from file: cobalt_US_WanT.space
  Wannier data read from file: cobalt_US_WanT.wan


  ======================================================================
  =                              DFT data                              =
  ======================================================================

<LATTICE>
  Alat  =       6.9678000 (Bohr)
  Alat  =       3.6871995 (Ang )
  Omega =      84.5720851 (Bohr^3)
  Omega =      12.5322750 (Ang^3 )

  Crystal axes:
                in units of Bohr                 in Alat units
    a(1) = ( -3.4839  0.0000  3.4839 )     (  -0.5000  0.0000  0.5000 )
    a(2) = (  0.0000  3.4839  3.4839 )     (   0.0000  0.5000  0.5000 )
    a(3) = ( -3.4839  3.4839  0.0000 )     (  -0.5000  0.5000  0.0000 )
  Crystal axes: (Ang)
    a(1) = ( -1.8436  0.0000  1.8436 )
    a(2) = (  0.0000  1.8436  1.8436 )
    a(3) = ( -1.8436  1.8436  0.0000 )

   Reciprocal lattice vectors:
                in units of Bohr^-1              in 2Pi/Alat units
    b(1) = ( -0.9017 -0.9017  0.9017 )     (  -1.0000 -1.0000  1.0000 )
    b(2) = (  0.9017  0.9017  0.9017 )     (   1.0000  1.0000  1.0000 )
    b(3) = ( -0.9017  0.9017 -0.9017 )     (  -1.0000  1.0000 -1.0000 )
</LATTICE>

<K-POINTS>
  nkpts =   64
  Monkhorst-Pack grid:      nk = (  4  4  4 ),      shift = (  0  0  0 )
  K-point calculation: (cart. coord. in Bohr^-1)
    k point   1:   (   0.00000  0.00000  0.00000 ),   weight =   0.0156
    k point   2:   (  -0.22544  0.22544 -0.22544 ),   weight =   0.0156
    k point   3:   (  -0.45087  0.45087 -0.45087 ),   weight =   0.0156
    k point   4:   (  -0.67631  0.67631 -0.67631 ),   weight =   0.0156
    k point   5:   (   0.22544  0.22544  0.22544 ),   weight =   0.0156
    k point   6:   (   0.00000  0.45087  0.00000 ),   weight =   0.0156
    k point   7:   (  -0.22544  0.67631 -0.22544 ),   weight =   0.0156
    k point   8:   (  -0.45087  0.90175 -0.45087 ),   weight =   0.0156
    k point   9:   (   0.45087  0.45087  0.45087 ),   weight =   0.0156
    k point  10:   (   0.22544  0.67631  0.22544 ),   weight =   0.0156
    k point  11:   (   0.00000  0.90175  0.00000 ),   weight =   0.0156
    k point  12:   (  -0.22544  1.12718 -0.22544 ),   weight =   0.0156
    k point  13:   (   0.67631  0.67631  0.67631 ),   weight =   0.0156
    k point  14:   (   0.45087  0.90175  0.45087 ),   weight =   0.0156
    k point  15:   (   0.22544  1.12718  0.22544 ),   weight =   0.0156
    k point  16:   (   0.00000  1.35262  0.00000 ),   weight =   0.0156
    k point  17:   (  -0.22544 -0.22544  0.22544 ),   weight =   0.0156
    k point  18:   (  -0.45087  0.00000  0.00000 ),   weight =   0.0156
    k point  19:   (  -0.67631  0.22544 -0.22544 ),   weight =   0.0156
    k point  20:   (  -0.90175  0.45087 -0.45087 ),   weight =   0.0156
    k point  21:   (   0.00000  0.00000  0.45087 ),   weight =   0.0156
    k point  22:   (  -0.22544  0.22544  0.22544 ),   weight =   0.0156
    k point  23:   (  -0.45087  0.45087  0.00000 ),   weight =   0.0156
    k point  24:   (  -0.67631  0.67631 -0.22544 ),   weight =   0.0156
    k point  25:   (   0.22544  0.22544  0.67631 ),   weight =   0.0156
    k point  26:   (   0.00000  0.45087  0.45087 ),   weight =   0.0156
    k point  27:   (  -0.22544  0.67631  0.22544 ),   weight =   0.0156
    k point  28:   (  -0.45087  0.90175  0.00000 ),   weight =   0.0156
    k point  29:   (   0.45087  0.45087  0.90175 ),   weight =   0.0156
    k point  30:   (   0.22544  0.67631  0.67631 ),   weight =   0.0156
    k point  31:   (   0.00000  0.90175  0.45087 ),   weight =   0.0156
    k point  32:   (  -0.22544  1.12718  0.22544 ),   weight =   0.0156
    k point  33:   (  -0.45087 -0.45087  0.45087 ),   weight =   0.0156
    k point  34:   (  -0.67631 -0.22544  0.22544 ),   weight =   0.0156
    k point  35:   (  -0.90175  0.00000  0.00000 ),   weight =   0.0156
    k point  36:   (  -1.12718  0.22544 -0.22544 ),   weight =   0.0156
    k point  37:   (  -0.22544 -0.22544  0.67631 ),   weight =   0.0156
    k point  38:   (  -0.45087  0.00000  0.45087 ),   weight =   0.0156
    k point  39:   (  -0.67631  0.22544  0.22544 ),   weight =   0.0156
    k point  40:   (  -0.90175  0.45087  0.00000 ),   weight =   0.0156
    k point  41:   (   0.00000  0.00000  0.90175 ),   weight =   0.0156
    k point  42:   (  -0.22544  0.22544  0.67631 ),   weight =   0.0156
    k point  43:   (  -0.45087  0.45087  0.45087 ),   weight =   0.0156
    k point  44:   (  -0.67631  0.67631  0.22544 ),   weight =   0.0156
    k point  45:   (   0.22544  0.22544  1.12718 ),   weight =   0.0156
    k point  46:   (   0.00000  0.45087  0.90175 ),   weight =   0.0156
    k point  47:   (  -0.22544  0.67631  0.67631 ),   weight =   0.0156
    k point  48:   (  -0.45087  0.90175  0.45087 ),   weight =   0.0156
    k point  49:   (  -0.67631 -0.67631  0.67631 ),   weight =   0.0156
    k point  50:   (  -0.90175 -0.45087  0.45087 ),   weight =   0.0156
    k point  51:   (  -1.12718 -0.22544  0.22544 ),   weight =   0.0156
    k point  52:   (  -1.35262  0.00000  0.00000 ),   weight =   0.0156
    k point  53:   (  -0.45087 -0.45087  0.90175 ),   weight =   0.0156
    k point  54:   (  -0.67631 -0.22544  0.67631 ),   weight =   0.0156
    k point  55:   (  -0.90175  0.00000  0.45087 ),   weight =   0.0156
    k point  56:   (  -1.12718  0.22544  0.22544 ),   weight =   0.0156
    k point  57:   (  -0.22544 -0.22544  1.12718 ),   weight =   0.0156
    k point  58:   (  -0.45087  0.00000  0.90175 ),   weight =   0.0156
    k point  59:   (  -0.67631  0.22544  0.67631 ),   weight =   0.0156
    k point  60:   (  -0.90175  0.45087  0.45087 ),   weight =   0.0156
    k point  61:   (   0.00000  0.00000  1.35262 ),   weight =   0.0156
    k point  62:   (  -0.22544  0.22544  1.12718 ),   weight =   0.0156
    k point  63:   (  -0.45087  0.45087  0.90175 ),   weight =   0.0156
    k point  64:   (  -0.67631  0.67631  0.67631 ),   weight =   0.0156
</K-POINTS>


  WARNING: USPP not fully implemented


  Reading density G-grid from file: cobalt_US.export/index.xml
  Reading Wfc grids from file: cobalt_US.export/index.xml


          Energy cut-off for wfcs =         25.00 (Ry)
                         for rho  =        300.00 (Ry)
      Total number of PW for rho  =       7391
        Max number of PW for wfc  =        191
      Total number of PW for wfcs =        332
        FFT grid components (rho) =  (    30   30   30 )


  ======================================================================
  =                     Wannier function plotting                      =
  ======================================================================


  nplot =    6 Wannier func.s to be plotted
     wf (   1 ) =    1
     wf (   2 ) =    2
     wf (   3 ) =    3
     wf (   4 ) =    4
     wf (   5 ) =    5
     wf (   6 ) =    6

  Data type  :   real
  Output fmt :   xsf

  Plotting Cell dimensions [cryst. coord]:
       r1 :   -1.5000 -->   1.5000
       r2 :   -1.5000 -->   1.5000
       r3 :   -1.5000 -->   1.5000

  Grid dimensions:
      nrx :       -45 -->       45
      nry :       -45 -->       45
      nrz :       -45 -->       45


  Centers for the required Wannier functions:

        in cartesian coord (Bohr)
    Wf(   1 ) = (    -1.743732     1.743732     1.734244 )
    Wf(   2 ) = (    -0.000604     0.000604     0.000120 )
    Wf(   3 ) = (    -0.019295    -0.000797     0.000627 )
    Wf(   4 ) = (     0.002011    -0.002011     0.023823 )
    Wf(   5 ) = (     0.000797     0.019295     0.000626 )
    Wf(   6 ) = (     0.237839    -0.237839     0.198593 )
        in crystal coord
    Wf(   1 ) = (     0.248894     0.248894     0.251617 )
    Wf(   2 ) = (     0.000017     0.000017     0.000156 )
    Wf(   3 ) = (     0.002973    -0.002794     0.002565 )
    Wf(   4 ) = (     0.003419     0.003419    -0.003996 )
    Wf(   5 ) = (    -0.002794     0.002973     0.002565 )
    Wf(   6 ) = (     0.028501     0.028501    -0.096770 )

  Locating WFs: 
  Plotting Cell dimensions [cryst. coord]:
       r1 :   -0.5000 -->   0.5000
       r2 :   -0.5000 -->   0.5000
       r3 :   -0.5000 -->   0.5000

  New center positions [cryst. coord]:
        in crystal coord
    Wf(   1 ) = (     0.248894     0.248894     0.251617 )
    Wf(   2 ) = (     0.000017     0.000017     0.000156 )
    Wf(   3 ) = (     0.002973    -0.002794     0.002565 )
    Wf(   4 ) = (     0.003419     0.003419    -0.003996 )
    Wf(   5 ) = (    -0.002794     0.002973     0.002565 )
    Wf(   6 ) = (     0.028501     0.028501    -0.096770 )


  Atoms in the selected cell: (cart. coord. in Bohr)
     Co   tau(   1 ) = (   6.9678000  -6.9678000  -6.9678000 )
     Co   tau(   2 ) = (   3.4839000  -3.4839000  -6.9678000 )
     Co   tau(   3 ) = (   0.0000000   0.0000000  -6.9678000 )
     Co   tau(   4 ) = (   6.9678000  -3.4839000  -3.4839000 )
     Co   tau(   5 ) = (   3.4839000   0.0000000  -3.4839000 )
     Co   tau(   6 ) = (   0.0000000   3.4839000  -3.4839000 )
     Co   tau(   7 ) = (   6.9678000   0.0000000   0.0000000 )
     Co   tau(   8 ) = (   3.4839000   3.4839000   0.0000000 )
     Co   tau(   9 ) = (   0.0000000   6.9678000   0.0000000 )
     Co   tau(  10 ) = (   3.4839000  -6.9678000  -3.4839000 )
     Co   tau(  11 ) = (   0.0000000  -3.4839000  -3.4839000 )
     Co   tau(  12 ) = (  -3.4839000   0.0000000  -3.4839000 )
     Co   tau(  13 ) = (   3.4839000  -3.4839000   0.0000000 )
     Co   tau(  14 ) = (   0.0000000   0.0000000   0.0000000 )
     Co   tau(  15 ) = (  -3.4839000   3.4839000   0.0000000 )
     Co   tau(  16 ) = (   3.4839000   0.0000000   3.4839000 )
     Co   tau(  17 ) = (   0.0000000   3.4839000   3.4839000 )
     Co   tau(  18 ) = (  -3.4839000   6.9678000   3.4839000 )
     Co   tau(  19 ) = (   0.0000000  -6.9678000   0.0000000 )
     Co   tau(  20 ) = (  -3.4839000  -3.4839000   0.0000000 )
     Co   tau(  21 ) = (  -6.9678000   0.0000000   0.0000000 )
     Co   tau(  22 ) = (   0.0000000  -3.4839000   3.4839000 )
     Co   tau(  23 ) = (  -3.4839000   0.0000000   3.4839000 )
     Co   tau(  24 ) = (  -6.9678000   3.4839000   3.4839000 )
     Co   tau(  25 ) = (   0.0000000   0.0000000   6.9678000 )
     Co   tau(  26 ) = (  -3.4839000   3.4839000   6.9678000 )
     Co   tau(  27 ) = (  -6.9678000   6.9678000   6.9678000 )


    Wfc Fourier Transf. for k-point    1
                              Total time spent up to now :     3.63 secs

    Wfc Fourier Transf. for k-point    2
                              Total time spent up to now :     4.99 secs

    Wfc Fourier Transf. for k-point    3
                              Total time spent up to now :     6.24 secs

    Wfc Fourier Transf. for k-point    4
                              Total time spent up to now :     7.56 secs

    Wfc Fourier Transf. for k-point    5
                              Total time spent up to now :     8.83 secs

    Wfc Fourier Transf. for k-point    6
                              Total time spent up to now :    10.15 secs

    Wfc Fourier Transf. for k-point    7
                              Total time spent up to now :    11.40 secs

    Wfc Fourier Transf. for k-point    8
                              Total time spent up to now :    12.75 secs

    Wfc Fourier Transf. for k-point    9
                              Total time spent up to now :    14.02 secs

    Wfc Fourier Transf. for k-point   10
                              Total time spent up to now :    15.37 secs

    Wfc Fourier Transf. for k-point   11
                              Total time spent up to now :    16.73 secs

    Wfc Fourier Transf. for k-point   12
                              Total time spent up to now :    18.00 secs

    Wfc Fourier Transf. for k-point   13
                              Total time spent up to now :    19.30 secs

    Wfc Fourier Transf. for k-point   14
                              Total time spent up to now :    20.57 secs

    Wfc Fourier Transf. for k-point   15
                              Total time spent up to now :    21.92 secs

    Wfc Fourier Transf. for k-point   16
                              Total time spent up to now :    23.14 secs

    Wfc Fourier Transf. for k-point   17
                              Total time spent up to now :    24.57 secs

    Wfc Fourier Transf. for k-point   18
                              Total time spent up to now :    25.85 secs

    Wfc Fourier Transf. for k-point   19
                              Total time spent up to now :    27.24 secs

    Wfc Fourier Transf. for k-point   20
                              Total time spent up to now :    28.56 secs

    Wfc Fourier Transf. for k-point   21
                              Total time spent up to now :    29.92 secs

    Wfc Fourier Transf. for k-point   22
                              Total time spent up to now :    31.22 secs

    Wfc Fourier Transf. for k-point   23
                              Total time spent up to now :    32.61 secs

    Wfc Fourier Transf. for k-point   24
                              Total time spent up to now :    33.92 secs

    Wfc Fourier Transf. for k-point   25
                              Total time spent up to now :    35.32 secs

    Wfc Fourier Transf. for k-point   26
                              Total time spent up to now :    36.63 secs

    Wfc Fourier Transf. for k-point   27
                              Total time spent up to now :    38.03 secs

    Wfc Fourier Transf. for k-point   28
                              Total time spent up to now :    39.35 secs

    Wfc Fourier Transf. for k-point   29
                              Total time spent up to now :    40.75 secs

    Wfc Fourier Transf. for k-point   30
                              Total time spent up to now :    42.06 secs

    Wfc Fourier Transf. for k-point   31
                              Total time spent up to now :    43.47 secs

    Wfc Fourier Transf. for k-point   32
                              Total time spent up to now :    44.86 secs

    Wfc Fourier Transf. for k-point   33
                              Total time spent up to now :    46.17 secs

    Wfc Fourier Transf. for k-point   34
                              Total time spent up to now :    47.58 secs

    Wfc Fourier Transf. for k-point   35
                              Total time spent up to now :    48.91 secs

    Wfc Fourier Transf. for k-point   36
                              Total time spent up to now :    50.30 secs

    Wfc Fourier Transf. for k-point   37
                              Total time spent up to now :    51.62 secs

    Wfc Fourier Transf. for k-point   38
                              Total time spent up to now :    53.02 secs

    Wfc Fourier Transf. for k-point   39
                              Total time spent up to now :    54.34 secs

    Wfc Fourier Transf. for k-point   40
                              Total time spent up to now :    55.76 secs

    Wfc Fourier Transf. for k-point   41
                              Total time spent up to now :    57.09 secs

    Wfc Fourier Transf. for k-point   42
                              Total time spent up to now :    58.49 secs

    Wfc Fourier Transf. for k-point   43
                              Total time spent up to now :    59.79 secs

    Wfc Fourier Transf. for k-point   44
                              Total time spent up to now :    61.19 secs

    Wfc Fourier Transf. for k-point   45
                              Total time spent up to now :    62.50 secs

    Wfc Fourier Transf. for k-point   46
                              Total time spent up to now :    63.92 secs

    Wfc Fourier Transf. for k-point   47
                              Total time spent up to now :    65.32 secs

    Wfc Fourier Transf. for k-point   48
                              Total time spent up to now :    66.63 secs

    Wfc Fourier Transf. for k-point   49
                              Total time spent up to now :    67.99 secs

    Wfc Fourier Transf. for k-point   50
                              Total time spent up to now :    69.31 secs

    Wfc Fourier Transf. for k-point   51
                              Total time spent up to now :    70.71 secs

    Wfc Fourier Transf. for k-point   52
                              Total time spent up to now :    71.98 secs

    Wfc Fourier Transf. for k-point   53
                              Total time spent up to now :    73.39 secs

    Wfc Fourier Transf. for k-point   54
                              Total time spent up to now :    74.70 secs

    Wfc Fourier Transf. for k-point   55
                              Total time spent up to now :    76.11 secs

    Wfc Fourier Transf. for k-point   56
                              Total time spent up to now :    77.42 secs

    Wfc Fourier Transf. for k-point   57
                              Total time spent up to now :    78.83 secs

    Wfc Fourier Transf. for k-point   58
                              Total time spent up to now :    80.14 secs

    Wfc Fourier Transf. for k-point   59
                              Total time spent up to now :    81.58 secs

    Wfc Fourier Transf. for k-point   60
                              Total time spent up to now :    82.89 secs

    Wfc Fourier Transf. for k-point   61
                              Total time spent up to now :    84.27 secs

    Wfc Fourier Transf. for k-point   62
                              Total time spent up to now :    85.58 secs

    Wfc Fourier Transf. for k-point   63
                              Total time spent up to now :    86.98 secs

    Wfc Fourier Transf. for k-point   64
                              Total time spent up to now :    88.37 secs


  writing WF(   1) plot on file: .//cobalt_US_WanT_WFR001.xsf
  writing WF(   2) plot on file: .//cobalt_US_WanT_WFR002.xsf
  writing WF(   3) plot on file: .//cobalt_US_WanT_WFR003.xsf
  writing WF(   4) plot on file: .//cobalt_US_WanT_WFR004.xsf
  writing WF(   5) plot on file: .//cobalt_US_WanT_WFR005.xsf
  writing WF(   6) plot on file: .//cobalt_US_WanT_WFR006.xsf

  ======================================================================

   <global routines>
             clock number :     7

                     plot :  1m47.00s CPU 
 
                want_init :     0.21s CPU
          ggrids_read_ext :     0.03s CPU
           wfc_data_kread :     0.35s CPU (      64 calls,   0.005 s avg)
               kwann_calc :     4.35s CPU (     384 calls,   0.011 s avg)
                   cfft3d :     4.90s CPU (     384 calls,   0.013 s avg)
               cwann_calc :    76.14s CPU (     384 calls,   0.198 s avg)


