
     Program POST-PROC v.2.1.3  starts ...
     Today is  1Aug2005 at 13:43: 1 

     Reading file copper_US.save ... 
     read complete

     Reading file copper_US.save ... 
     read complete

     nbndx  =    10  nbnd   =    10  natomwfc =     6  npwx   =     190
     nelec  =   11.00 nkb   =    13  ngl    =      84
