
  ======================================================================
              =                                            =
              =     *** WanT *** Wannier Transport Code    =
              =        (www.wannier-transport.org)         =
              =      Ultra Soft Pseudopotential Implem.    =
              =                                            =
  ======================================================================


  Program <blc2wan>  v. 2.5.0alpha1  starts ...
  Date 20Sep2012 at 15:37:46 

     Number of MPI processes:       6



          BUILT :    Thu 20 Sep 2012 01:30:09 PM CEST
           HOST :    x86_64-unknown-linux-gnu
           ARCH :    x86_64
             CC :    icc
            CPP :    cpp
            F90 :    mpif90
            F77 :    ifort
         DFLAGS :    -D__INTEL -D__FFTW -D__MPI -D__PARA
      BLAS LIBS :    -L/home/ferretti/want/install -lmkl_em64t_nothread
    LAPACK LIBS :    
       FFT LIBS :    
      MASS LIBS :    


  checking for fmt internal... no
  checking for fmt wannier90... no
  checking for fmt crystal... no
  checking for fmt qexml... ok

  DFT-data fmt automaticaly detected: qexml

  ======================================================================
  =  INPUT Summary                                                     =
  ======================================================================


        Input file :   sigma.xml
       Output file :   ./SCRATCH/sigma.wan.dat
        Output fmt :   binary
    Spin component :   none
  do extrapolation :   F
    do cmplx-conjg :   F

  have extra U-rot :   F

  ======================================================================
  =  Post Processing Init                                              =
  ======================================================================

  DFT-data read from file: si111.save/data-file.xml

      Windows data read from file: si111_WanT.space
     Subspace data read from file: si111_WanT.space
  Hamiltonian data read from file: si111_WanT.ham
      Wannier data read from file: si111_WanT.wan



  ======================================================================
  =  DFT data                                                          =
  ======================================================================

 <LATTICE>
  Alat  =       7.2549000 (Bohr)
  Alat  =       3.8391262 (Ang )
  Omega =    1620.0171914 (Bohr^3)
  Omega =     240.0614931 (Ang^3 )

  Crystal axes:
                in Bohr units                           in Alat units
    a(1) = (    7.25490    0.00000    0.00000 )    (    1.00000    0.00000    0.00000 )
    a(2) = (    0.00000   12.56549    0.00000 )    (    0.00000    1.73200    0.00000 )
    a(3) = (    0.00000    0.00000   17.77088 )    (    0.00000    0.00000    2.44950 )
                in Ang units
    a(1) = (    3.83913    0.00000    0.00000 )
    a(2) = (    0.00000    6.64937    0.00000 )
    a(3) = (    0.00000    0.00000    9.40394 )

   Reciprocal lattice vectors:
                in Bohr^-1 units                        in 2Pi/Alat units
    b(1) = (    0.86606    0.00000    0.00000 )    (    1.00000    0.00000    0.00000 )
    b(2) = (    0.00000    0.50004    0.00000 )    (    0.00000    0.57737    0.00000 )
    b(3) = (    0.00000    0.00000    0.35357 )    (    0.00000    0.00000    0.40825 )
 </LATTICE>

 <K-POINTS>
         nproc =     6   (Parallelism over kpts)
  global nkpts =   128
   local nkpts =    22
  Monkhorst-Pack grid:      nk = (   8   4   4 ),      shift = (   0   0   0 )

  K-point grid: (cart. coord. in Bohr^-1)
    k (    1) =    (    0.0000000   0.0000000   0.0000000 ),   weight =      0.0078125
    k (    2) =    (    0.0000000   0.0000000   0.0883916 ),   weight =      0.0078125
    k (    3) =    (    0.0000000   0.0000000  -0.1767832 ),   weight =      0.0078125
    k (    4) =    (    0.0000000   0.0000000  -0.0883916 ),   weight =      0.0078125
    k (    5) =    (    0.0000000   0.1250088   0.0000000 ),   weight =      0.0078125
    k (    6) =    (    0.0000000   0.1250088   0.0883916 ),   weight =      0.0078125
    k (    7) =    (    0.0000000   0.1250088  -0.1767832 ),   weight =      0.0078125
    k (    8) =    (    0.0000000   0.1250088  -0.0883916 ),   weight =      0.0078125
    k (    9) =    (    0.0000000  -0.2500176   0.0000000 ),   weight =      0.0078125
    k (   10) =    (    0.0000000  -0.2500176   0.0883916 ),   weight =      0.0078125
    k (   11) =    (    0.0000000  -0.2500176  -0.1767832 ),   weight =      0.0078125
    k (   12) =    (    0.0000000  -0.2500176  -0.0883916 ),   weight =      0.0078125
    k (   13) =    (    0.0000000  -0.1250088   0.0000000 ),   weight =      0.0078125
    k (   14) =    (    0.0000000  -0.1250088   0.0883916 ),   weight =      0.0078125
    k (   15) =    (    0.0000000  -0.1250088  -0.1767832 ),   weight =      0.0078125
    k (   16) =    (    0.0000000  -0.1250088  -0.0883916 ),   weight =      0.0078125
    k (   17) =    (    0.1082576   0.0000000   0.0000000 ),   weight =      0.0078125
    k (   18) =    (    0.1082576   0.0000000   0.0883916 ),   weight =      0.0078125
    k (   19) =    (    0.1082576   0.0000000  -0.1767832 ),   weight =      0.0078125
    k (   20) =    (    0.1082576   0.0000000  -0.0883916 ),   weight =      0.0078125
    k (   21) =    (    0.1082576   0.1250088   0.0000000 ),   weight =      0.0078125
    k (   22) =    (    0.1082576   0.1250088   0.0883916 ),   weight =      0.0078125
    k (   23) =    (    0.1082576   0.1250088  -0.1767832 ),   weight =      0.0078125
    k (   24) =    (    0.1082576   0.1250088  -0.0883916 ),   weight =      0.0078125
    k (   25) =    (    0.1082576  -0.2500176   0.0000000 ),   weight =      0.0078125
    k (   26) =    (    0.1082576  -0.2500176   0.0883916 ),   weight =      0.0078125
    k (   27) =    (    0.1082576  -0.2500176  -0.1767832 ),   weight =      0.0078125
    k (   28) =    (    0.1082576  -0.2500176  -0.0883916 ),   weight =      0.0078125
    k (   29) =    (    0.1082576  -0.1250088   0.0000000 ),   weight =      0.0078125
    k (   30) =    (    0.1082576  -0.1250088   0.0883916 ),   weight =      0.0078125
    k (   31) =    (    0.1082576  -0.1250088  -0.1767832 ),   weight =      0.0078125
    k (   32) =    (    0.1082576  -0.1250088  -0.0883916 ),   weight =      0.0078125
    k (   33) =    (    0.2165152   0.0000000   0.0000000 ),   weight =      0.0078125
    k (   34) =    (    0.2165152   0.0000000   0.0883916 ),   weight =      0.0078125
    k (   35) =    (    0.2165152   0.0000000  -0.1767832 ),   weight =      0.0078125
    k (   36) =    (    0.2165152   0.0000000  -0.0883916 ),   weight =      0.0078125
    k (   37) =    (    0.2165152   0.1250088   0.0000000 ),   weight =      0.0078125
    k (   38) =    (    0.2165152   0.1250088   0.0883916 ),   weight =      0.0078125
    k (   39) =    (    0.2165152   0.1250088  -0.1767832 ),   weight =      0.0078125
    k (   40) =    (    0.2165152   0.1250088  -0.0883916 ),   weight =      0.0078125
    k (   41) =    (    0.2165152  -0.2500176   0.0000000 ),   weight =      0.0078125
    k (   42) =    (    0.2165152  -0.2500176   0.0883916 ),   weight =      0.0078125
    k (   43) =    (    0.2165152  -0.2500176  -0.1767832 ),   weight =      0.0078125
    k (   44) =    (    0.2165152  -0.2500176  -0.0883916 ),   weight =      0.0078125
    k (   45) =    (    0.2165152  -0.1250088   0.0000000 ),   weight =      0.0078125
    k (   46) =    (    0.2165152  -0.1250088   0.0883916 ),   weight =      0.0078125
    k (   47) =    (    0.2165152  -0.1250088  -0.1767832 ),   weight =      0.0078125
    k (   48) =    (    0.2165152  -0.1250088  -0.0883916 ),   weight =      0.0078125
    k (   49) =    (    0.3247728   0.0000000   0.0000000 ),   weight =      0.0078125
    k (   50) =    (    0.3247728   0.0000000   0.0883916 ),   weight =      0.0078125
    k (   51) =    (    0.3247728   0.0000000  -0.1767832 ),   weight =      0.0078125
    k (   52) =    (    0.3247728   0.0000000  -0.0883916 ),   weight =      0.0078125
    k (   53) =    (    0.3247728   0.1250088   0.0000000 ),   weight =      0.0078125
    k (   54) =    (    0.3247728   0.1250088   0.0883916 ),   weight =      0.0078125
    k (   55) =    (    0.3247728   0.1250088  -0.1767832 ),   weight =      0.0078125
    k (   56) =    (    0.3247728   0.1250088  -0.0883916 ),   weight =      0.0078125
    k (   57) =    (    0.3247728  -0.2500176   0.0000000 ),   weight =      0.0078125
    k (   58) =    (    0.3247728  -0.2500176   0.0883916 ),   weight =      0.0078125
    k (   59) =    (    0.3247728  -0.2500176  -0.1767832 ),   weight =      0.0078125
    k (   60) =    (    0.3247728  -0.2500176  -0.0883916 ),   weight =      0.0078125
    k (   61) =    (    0.3247728  -0.1250088   0.0000000 ),   weight =      0.0078125
    k (   62) =    (    0.3247728  -0.1250088   0.0883916 ),   weight =      0.0078125
    k (   63) =    (    0.3247728  -0.1250088  -0.1767832 ),   weight =      0.0078125
    k (   64) =    (    0.3247728  -0.1250088  -0.0883916 ),   weight =      0.0078125
    k (   65) =    (   -0.4330305   0.0000000   0.0000000 ),   weight =      0.0078125
    k (   66) =    (   -0.4330305   0.0000000   0.0883916 ),   weight =      0.0078125
    k (   67) =    (   -0.4330305   0.0000000  -0.1767832 ),   weight =      0.0078125
    k (   68) =    (   -0.4330305   0.0000000  -0.0883916 ),   weight =      0.0078125
    k (   69) =    (   -0.4330305   0.1250088   0.0000000 ),   weight =      0.0078125
    k (   70) =    (   -0.4330305   0.1250088   0.0883916 ),   weight =      0.0078125
    k (   71) =    (   -0.4330305   0.1250088  -0.1767832 ),   weight =      0.0078125
    k (   72) =    (   -0.4330305   0.1250088  -0.0883916 ),   weight =      0.0078125
    k (   73) =    (   -0.4330305  -0.2500176   0.0000000 ),   weight =      0.0078125
    k (   74) =    (   -0.4330305  -0.2500176   0.0883916 ),   weight =      0.0078125
    k (   75) =    (   -0.4330305  -0.2500176  -0.1767832 ),   weight =      0.0078125
    k (   76) =    (   -0.4330305  -0.2500176  -0.0883916 ),   weight =      0.0078125
    k (   77) =    (   -0.4330305  -0.1250088   0.0000000 ),   weight =      0.0078125
    k (   78) =    (   -0.4330305  -0.1250088   0.0883916 ),   weight =      0.0078125
    k (   79) =    (   -0.4330305  -0.1250088  -0.1767832 ),   weight =      0.0078125
    k (   80) =    (   -0.4330305  -0.1250088  -0.0883916 ),   weight =      0.0078125
    k (   81) =    (   -0.3247728   0.0000000   0.0000000 ),   weight =      0.0078125
    k (   82) =    (   -0.3247728   0.0000000   0.0883916 ),   weight =      0.0078125
    k (   83) =    (   -0.3247728   0.0000000  -0.1767832 ),   weight =      0.0078125
    k (   84) =    (   -0.3247728   0.0000000  -0.0883916 ),   weight =      0.0078125
    k (   85) =    (   -0.3247728   0.1250088   0.0000000 ),   weight =      0.0078125
    k (   86) =    (   -0.3247728   0.1250088   0.0883916 ),   weight =      0.0078125
    k (   87) =    (   -0.3247728   0.1250088  -0.1767832 ),   weight =      0.0078125
    k (   88) =    (   -0.3247728   0.1250088  -0.0883916 ),   weight =      0.0078125
    k (   89) =    (   -0.3247728  -0.2500176   0.0000000 ),   weight =      0.0078125
    k (   90) =    (   -0.3247728  -0.2500176   0.0883916 ),   weight =      0.0078125
    k (   91) =    (   -0.3247728  -0.2500176  -0.1767832 ),   weight =      0.0078125
    k (   92) =    (   -0.3247728  -0.2500176  -0.0883916 ),   weight =      0.0078125
    k (   93) =    (   -0.3247728  -0.1250088   0.0000000 ),   weight =      0.0078125
    k (   94) =    (   -0.3247728  -0.1250088   0.0883916 ),   weight =      0.0078125
    k (   95) =    (   -0.3247728  -0.1250088  -0.1767832 ),   weight =      0.0078125
    k (   96) =    (   -0.3247728  -0.1250088  -0.0883916 ),   weight =      0.0078125
    k (   97) =    (   -0.2165152   0.0000000   0.0000000 ),   weight =      0.0078125
    k (   98) =    (   -0.2165152   0.0000000   0.0883916 ),   weight =      0.0078125
    k (   99) =    (   -0.2165152   0.0000000  -0.1767832 ),   weight =      0.0078125
    k (  100) =    (   -0.2165152   0.0000000  -0.0883916 ),   weight =      0.0078125
    k (  101) =    (   -0.2165152   0.1250088   0.0000000 ),   weight =      0.0078125
    k (  102) =    (   -0.2165152   0.1250088   0.0883916 ),   weight =      0.0078125
    k (  103) =    (   -0.2165152   0.1250088  -0.1767832 ),   weight =      0.0078125
    k (  104) =    (   -0.2165152   0.1250088  -0.0883916 ),   weight =      0.0078125
    k (  105) =    (   -0.2165152  -0.2500176   0.0000000 ),   weight =      0.0078125
    k (  106) =    (   -0.2165152  -0.2500176   0.0883916 ),   weight =      0.0078125
    k (  107) =    (   -0.2165152  -0.2500176  -0.1767832 ),   weight =      0.0078125
    k (  108) =    (   -0.2165152  -0.2500176  -0.0883916 ),   weight =      0.0078125
    k (  109) =    (   -0.2165152  -0.1250088   0.0000000 ),   weight =      0.0078125
    k (  110) =    (   -0.2165152  -0.1250088   0.0883916 ),   weight =      0.0078125
    k (  111) =    (   -0.2165152  -0.1250088  -0.1767832 ),   weight =      0.0078125
    k (  112) =    (   -0.2165152  -0.1250088  -0.0883916 ),   weight =      0.0078125
    k (  113) =    (   -0.1082576   0.0000000   0.0000000 ),   weight =      0.0078125
    k (  114) =    (   -0.1082576   0.0000000   0.0883916 ),   weight =      0.0078125
    k (  115) =    (   -0.1082576   0.0000000  -0.1767832 ),   weight =      0.0078125
    k (  116) =    (   -0.1082576   0.0000000  -0.0883916 ),   weight =      0.0078125
    k (  117) =    (   -0.1082576   0.1250088   0.0000000 ),   weight =      0.0078125
    k (  118) =    (   -0.1082576   0.1250088   0.0883916 ),   weight =      0.0078125
    k (  119) =    (   -0.1082576   0.1250088  -0.1767832 ),   weight =      0.0078125
    k (  120) =    (   -0.1082576   0.1250088  -0.0883916 ),   weight =      0.0078125
    k (  121) =    (   -0.1082576  -0.2500176   0.0000000 ),   weight =      0.0078125
    k (  122) =    (   -0.1082576  -0.2500176   0.0883916 ),   weight =      0.0078125
    k (  123) =    (   -0.1082576  -0.2500176  -0.1767832 ),   weight =      0.0078125
    k (  124) =    (   -0.1082576  -0.2500176  -0.0883916 ),   weight =      0.0078125
    k (  125) =    (   -0.1082576  -0.1250088   0.0000000 ),   weight =      0.0078125
    k (  126) =    (   -0.1082576  -0.1250088   0.0883916 ),   weight =      0.0078125
    k (  127) =    (   -0.1082576  -0.1250088  -0.1767832 ),   weight =      0.0078125
    k (  128) =    (   -0.1082576  -0.1250088  -0.0883916 ),   weight =      0.0078125
 </K-POINTS>

 <R-GRID>
         nrtot =   193
  R-grid generators:      nr = (   8   4   4 )

  R-grid vectors:         (crystal units)
    R (    1) =    (      -3     -1     -1 ),   wr =      1.0000000
    R (    2) =    (      -2     -1     -1 ),   wr =      1.0000000
    R (    3) =    (      -1     -1     -1 ),   wr =      1.0000000
    R (    4) =    (       0     -1     -1 ),   wr =      1.0000000
    R (    5) =    (       1     -1     -1 ),   wr =      1.0000000
    R (    6) =    (       2     -1     -1 ),   wr =      1.0000000
    R (    7) =    (       3     -1     -1 ),   wr =      1.0000000
    R (    8) =    (       4     -1     -1 ),   wr =      0.5000000
    R (    9) =    (      -3      0     -1 ),   wr =      1.0000000
    R (   10) =    (      -2      0     -1 ),   wr =      1.0000000
    R (   11) =    (      -1      0     -1 ),   wr =      1.0000000
    R (   12) =    (       0      0     -1 ),   wr =      1.0000000
    R (   13) =    (       1      0     -1 ),   wr =      1.0000000
    R (   14) =    (       2      0     -1 ),   wr =      1.0000000
    R (   15) =    (       3      0     -1 ),   wr =      1.0000000
    R (   16) =    (       4      0     -1 ),   wr =      0.5000000
    R (   17) =    (      -3      1     -1 ),   wr =      1.0000000
    R (   18) =    (      -2      1     -1 ),   wr =      1.0000000
    R (   19) =    (      -1      1     -1 ),   wr =      1.0000000
    R (   20) =    (       0      1     -1 ),   wr =      1.0000000
    R (   21) =    (       1      1     -1 ),   wr =      1.0000000
    R (   22) =    (       2      1     -1 ),   wr =      1.0000000
    R (   23) =    (       3      1     -1 ),   wr =      1.0000000
    R (   24) =    (       4      1     -1 ),   wr =      0.5000000
    R (   25) =    (      -3      2     -1 ),   wr =      0.5000000
    R (   26) =    (      -2      2     -1 ),   wr =      0.5000000
    R (   27) =    (      -1      2     -1 ),   wr =      0.5000000
    R (   28) =    (       0      2     -1 ),   wr =      0.5000000
    R (   29) =    (       1      2     -1 ),   wr =      0.5000000
    R (   30) =    (       2      2     -1 ),   wr =      0.5000000
    R (   31) =    (       3      2     -1 ),   wr =      0.5000000
    R (   32) =    (       4      2     -1 ),   wr =      0.5000000
    R (   33) =    (      -3     -1      0 ),   wr =      1.0000000
    R (   34) =    (      -2     -1      0 ),   wr =      1.0000000
    R (   35) =    (      -1     -1      0 ),   wr =      1.0000000
    R (   36) =    (       0     -1      0 ),   wr =      1.0000000
    R (   37) =    (       1     -1      0 ),   wr =      1.0000000
    R (   38) =    (       2     -1      0 ),   wr =      1.0000000
    R (   39) =    (       3     -1      0 ),   wr =      1.0000000
    R (   40) =    (       4     -1      0 ),   wr =      0.5000000
    R (   41) =    (      -3      0      0 ),   wr =      1.0000000
    R (   42) =    (      -2      0      0 ),   wr =      1.0000000
    R (   43) =    (      -1      0      0 ),   wr =      1.0000000
    R (   44) =    (       0      0      0 ),   wr =      1.0000000
    R (   45) =    (       1      0      0 ),   wr =      1.0000000
    R (   46) =    (       2      0      0 ),   wr =      1.0000000
    R (   47) =    (       3      0      0 ),   wr =      1.0000000
    R (   48) =    (       4      0      0 ),   wr =      0.5000000
    R (   49) =    (      -3      1      0 ),   wr =      1.0000000
    R (   50) =    (      -2      1      0 ),   wr =      1.0000000
    R (   51) =    (      -1      1      0 ),   wr =      1.0000000
    R (   52) =    (       0      1      0 ),   wr =      1.0000000
    R (   53) =    (       1      1      0 ),   wr =      1.0000000
    R (   54) =    (       2      1      0 ),   wr =      1.0000000
    R (   55) =    (       3      1      0 ),   wr =      1.0000000
    R (   56) =    (       4      1      0 ),   wr =      0.5000000
    R (   57) =    (      -3      2      0 ),   wr =      0.5000000
    R (   58) =    (      -2      2      0 ),   wr =      0.5000000
    R (   59) =    (      -1      2      0 ),   wr =      0.5000000
    R (   60) =    (       0      2      0 ),   wr =      0.5000000
    R (   61) =    (       1      2      0 ),   wr =      0.5000000
    R (   62) =    (       2      2      0 ),   wr =      0.5000000
    R (   63) =    (       3      2      0 ),   wr =      0.5000000
    R (   64) =    (       4      2      0 ),   wr =      0.5000000
    R (   65) =    (      -3     -1      1 ),   wr =      1.0000000
    R (   66) =    (      -2     -1      1 ),   wr =      1.0000000
    R (   67) =    (      -1     -1      1 ),   wr =      1.0000000
    R (   68) =    (       0     -1      1 ),   wr =      1.0000000
    R (   69) =    (       1     -1      1 ),   wr =      1.0000000
    R (   70) =    (       2     -1      1 ),   wr =      1.0000000
    R (   71) =    (       3     -1      1 ),   wr =      1.0000000
    R (   72) =    (       4     -1      1 ),   wr =      0.5000000
    R (   73) =    (      -3      0      1 ),   wr =      1.0000000
    R (   74) =    (      -2      0      1 ),   wr =      1.0000000
    R (   75) =    (      -1      0      1 ),   wr =      1.0000000
    R (   76) =    (       0      0      1 ),   wr =      1.0000000
    R (   77) =    (       1      0      1 ),   wr =      1.0000000
    R (   78) =    (       2      0      1 ),   wr =      1.0000000
    R (   79) =    (       3      0      1 ),   wr =      1.0000000
    R (   80) =    (       4      0      1 ),   wr =      0.5000000
    R (   81) =    (      -3      1      1 ),   wr =      1.0000000
    R (   82) =    (      -2      1      1 ),   wr =      1.0000000
    R (   83) =    (      -1      1      1 ),   wr =      1.0000000
    R (   84) =    (       0      1      1 ),   wr =      1.0000000
    R (   85) =    (       1      1      1 ),   wr =      1.0000000
    R (   86) =    (       2      1      1 ),   wr =      1.0000000
    R (   87) =    (       3      1      1 ),   wr =      1.0000000
    R (   88) =    (       4      1      1 ),   wr =      0.5000000
    R (   89) =    (      -3      2      1 ),   wr =      0.5000000
    R (   90) =    (      -2      2      1 ),   wr =      0.5000000
    R (   91) =    (      -1      2      1 ),   wr =      0.5000000
    R (   92) =    (       0      2      1 ),   wr =      0.5000000
    R (   93) =    (       1      2      1 ),   wr =      0.5000000
    R (   94) =    (       2      2      1 ),   wr =      0.5000000
    R (   95) =    (       3      2      1 ),   wr =      0.5000000
    R (   96) =    (       4      2      1 ),   wr =      0.5000000
    R (   97) =    (      -3     -1      2 ),   wr =      0.5000000
    R (   98) =    (      -2     -1      2 ),   wr =      0.5000000
    R (   99) =    (      -1     -1      2 ),   wr =      0.5000000
    R (  100) =    (       0     -1      2 ),   wr =      0.5000000
    R (  101) =    (       1     -1      2 ),   wr =      0.5000000
    R (  102) =    (       2     -1      2 ),   wr =      0.5000000
    R (  103) =    (       3     -1      2 ),   wr =      0.5000000
    R (  104) =    (       4     -1      2 ),   wr =      0.5000000
    R (  105) =    (      -3      0      2 ),   wr =      0.5000000
    R (  106) =    (      -2      0      2 ),   wr =      0.5000000
    R (  107) =    (      -1      0      2 ),   wr =      0.5000000
    R (  108) =    (       0      0      2 ),   wr =      0.5000000
    R (  109) =    (       1      0      2 ),   wr =      0.5000000
    R (  110) =    (       2      0      2 ),   wr =      0.5000000
    R (  111) =    (       3      0      2 ),   wr =      0.5000000
    R (  112) =    (       4      0      2 ),   wr =      0.5000000
    R (  113) =    (      -3      1      2 ),   wr =      0.5000000
    R (  114) =    (      -2      1      2 ),   wr =      0.5000000
    R (  115) =    (      -1      1      2 ),   wr =      0.5000000
    R (  116) =    (       0      1      2 ),   wr =      0.5000000
    R (  117) =    (       1      1      2 ),   wr =      0.5000000
    R (  118) =    (       2      1      2 ),   wr =      0.5000000
    R (  119) =    (       3      1      2 ),   wr =      0.5000000
    R (  120) =    (       4      1      2 ),   wr =      0.5000000
    R (  121) =    (      -3      2      2 ),   wr =      0.5000000
    R (  122) =    (      -2      2      2 ),   wr =      0.5000000
    R (  123) =    (      -1      2      2 ),   wr =      0.5000000
    R (  124) =    (       0      2      2 ),   wr =      0.5000000
    R (  125) =    (       1      2      2 ),   wr =      0.5000000
    R (  126) =    (       2      2      2 ),   wr =      0.5000000
    R (  127) =    (       3      2      2 ),   wr =      0.5000000
    R (  128) =    (       4      2      2 ),   wr =      0.5000000
    R (  129) =    (      -4      1      1 ),   wr =      0.5000000
    R (  130) =    (      -4      0      1 ),   wr =      0.5000000
    R (  131) =    (      -4     -1      1 ),   wr =      0.5000000
    R (  132) =    (       3     -2      1 ),   wr =      0.5000000
    R (  133) =    (       2     -2      1 ),   wr =      0.5000000
    R (  134) =    (       1     -2      1 ),   wr =      0.5000000
    R (  135) =    (       0     -2      1 ),   wr =      0.5000000
    R (  136) =    (      -1     -2      1 ),   wr =      0.5000000
    R (  137) =    (      -2     -2      1 ),   wr =      0.5000000
    R (  138) =    (      -3     -2      1 ),   wr =      0.5000000
    R (  139) =    (      -4     -2      1 ),   wr =      0.5000000
    R (  140) =    (      -4      1      0 ),   wr =      0.5000000
    R (  141) =    (      -4      0      0 ),   wr =      0.5000000
    R (  142) =    (      -4     -1      0 ),   wr =      0.5000000
    R (  143) =    (       3     -2      0 ),   wr =      0.5000000
    R (  144) =    (       2     -2      0 ),   wr =      0.5000000
    R (  145) =    (       1     -2      0 ),   wr =      0.5000000
    R (  146) =    (       0     -2      0 ),   wr =      0.5000000
    R (  147) =    (      -1     -2      0 ),   wr =      0.5000000
    R (  148) =    (      -2     -2      0 ),   wr =      0.5000000
    R (  149) =    (      -3     -2      0 ),   wr =      0.5000000
    R (  150) =    (      -4     -2      0 ),   wr =      0.5000000
    R (  151) =    (      -4      1     -1 ),   wr =      0.5000000
    R (  152) =    (      -4      0     -1 ),   wr =      0.5000000
    R (  153) =    (      -4     -1     -1 ),   wr =      0.5000000
    R (  154) =    (       3     -2     -1 ),   wr =      0.5000000
    R (  155) =    (       2     -2     -1 ),   wr =      0.5000000
    R (  156) =    (       1     -2     -1 ),   wr =      0.5000000
    R (  157) =    (       0     -2     -1 ),   wr =      0.5000000
    R (  158) =    (      -1     -2     -1 ),   wr =      0.5000000
    R (  159) =    (      -2     -2     -1 ),   wr =      0.5000000
    R (  160) =    (      -3     -2     -1 ),   wr =      0.5000000
    R (  161) =    (      -4     -2     -1 ),   wr =      0.5000000
    R (  162) =    (       3      1     -2 ),   wr =      0.5000000
    R (  163) =    (       2      1     -2 ),   wr =      0.5000000
    R (  164) =    (       1      1     -2 ),   wr =      0.5000000
    R (  165) =    (       0      1     -2 ),   wr =      0.5000000
    R (  166) =    (      -1      1     -2 ),   wr =      0.5000000
    R (  167) =    (      -2      1     -2 ),   wr =      0.5000000
    R (  168) =    (      -3      1     -2 ),   wr =      0.5000000
    R (  169) =    (      -4      1     -2 ),   wr =      0.5000000
    R (  170) =    (       3      0     -2 ),   wr =      0.5000000
    R (  171) =    (       2      0     -2 ),   wr =      0.5000000
    R (  172) =    (       1      0     -2 ),   wr =      0.5000000
    R (  173) =    (       0      0     -2 ),   wr =      0.5000000
    R (  174) =    (      -1      0     -2 ),   wr =      0.5000000
    R (  175) =    (      -2      0     -2 ),   wr =      0.5000000
    R (  176) =    (      -3      0     -2 ),   wr =      0.5000000
    R (  177) =    (      -4      0     -2 ),   wr =      0.5000000
    R (  178) =    (       3     -1     -2 ),   wr =      0.5000000
    R (  179) =    (       2     -1     -2 ),   wr =      0.5000000
    R (  180) =    (       1     -1     -2 ),   wr =      0.5000000
    R (  181) =    (       0     -1     -2 ),   wr =      0.5000000
    R (  182) =    (      -1     -1     -2 ),   wr =      0.5000000
    R (  183) =    (      -2     -1     -2 ),   wr =      0.5000000
    R (  184) =    (      -3     -1     -2 ),   wr =      0.5000000
    R (  185) =    (      -4     -1     -2 ),   wr =      0.5000000
    R (  186) =    (       3     -2     -2 ),   wr =      0.5000000
    R (  187) =    (       2     -2     -2 ),   wr =      0.5000000
    R (  188) =    (       1     -2     -2 ),   wr =      0.5000000
    R (  189) =    (       0     -2     -2 ),   wr =      0.5000000
    R (  190) =    (      -1     -2     -2 ),   wr =      0.5000000
    R (  191) =    (      -2     -2     -2 ),   wr =      0.5000000
    R (  192) =    (      -3     -2     -2 ),   wr =      0.5000000
    R (  193) =    (      -4     -2     -2 ),   wr =      0.5000000
 </R-GRID>


    Data from file

              nbnd :      70
             nkpts :     128
             nspin :       1
   dynam. operator :   FALSE
    diag. on bands :   TRUE
        ibnd_start :       1
          ibnd_end :      70
     extrapolation :   FALSE
  energy reference :       0.0000


  ======================================================================
  =  Conversion to Wannier Function basis                              =
  ======================================================================

                              Total time spent up to now :    12.90 secs


  Real space decay of OPR:

     R [cry]     |R| [Bohr]      Norm of Opr(R) [eV]
    0   0   0     0.0000000        1.322015524
    1   0   0     7.2549000        0.197008255
    2   0   0    14.5098000        0.041565544
    3   0   0    21.7647000        0.014380800
    0   1   0    12.5654868        0.125241347
    1   1   0    14.5094808        0.103073559
    2   1   0    19.1944199        0.024222017
    3   1   0    25.1315265        0.005801082
    0   2   0    25.1309736        0.006297087
    1   2   0    26.1572057        0.011414292
    2   2   0    29.0189616        0.012291313
    3   2   0    33.2455711        0.003342174
    0   0   1    17.7708776        0.170095376
    1   0   1    19.1947301        0.075208402
    2   0   1    22.9420658        0.021572113
    3   0   1    28.0981539        0.004344364
    0   1   1    21.7645479        0.041131628
    1   1   1    22.9418639        0.120980659
    2   1   1    26.1577874        0.008545737
    3   1   1    30.7798264        0.003222377
    0   2   1    30.7793750        0.005428861
    1   2   1    31.6228319        0.003804536
    2   2   1    34.0279917        0.004745538
    3   2   1    37.6971098        0.001691541
    0   0   2    35.5417551        0.003246258
    1   0   2    36.2746458        0.005379170
    2   0   2    38.3894602        0.004540376
    3   0   2    41.6763545        0.002919908
    0   1   2    37.6975837        0.005441626
    1   1   2    38.3893395        0.002976240
    2   1   2    40.3935900        0.003958005
    3   1   2    43.5294151        0.001882682
    0   2   2    43.5290959        0.003171956
    1   2   2    44.1295339        0.003810203
    2   2   2    45.8837279        0.000649607
    3   2   2    48.6670767        0.000649095

  ======================================================================

   <global routines>
             clock number :     9

                  blc2wan :    12.00s CPU 

            blc2wan_input :     0.28s CPU
            postproc_init :     0.49s CPU
             want_dftread :     0.28s CPU
                want_init :     0.00s CPU
       para_get_poolindex :     0.00s CPU (     128 calls,   0.000 s avg)
             windows_read :     0.06s CPU
            subspace_read :     0.05s CPU
               do_blc2wan :    12.11s CPU


