  ======================================================================
              =                                            =
              =     *** WanT *** Wannier Transport Code    =
              =        (www.wannier-transport.org)         =
              =      Ultra Soft Pseudopotential Implem.    =
              =                                            =
  ======================================================================


  Program <wannier>  v. 1.1.1  starts ...
  Date 23Apr2005 at 14: 7:41 


  PW-DFT data read from file: nichain.export/index.xml

  ======================================================================
  =                                Main                                =
  ======================================================================

            Calculation Title :     Wannier Transport Calculation
                       Prefix :     nichain
                      Postfix :     _WanT_UP
            Working directory :     ./

                 Restart Mode :     from_scratch
                Overlap Calc. :     TRUE 
             Projection Calc. :     TRUE 
          Read Start Subspace :     FALSE
       Read Start Unitary mat :     FALSE

<WANNIER_FUNCTIONS>
  Input parameters for Wannier func. calculation
    Number of Wannier functions required =    6
    CG minim: Mixing parameter (alpha0_wan)=  0.500
    CG minim: Max iteration number =   100
    Minimization convergence threshold =     0.000001000
    SD minim: Mixing parameter (alpha1_wan) =  0.500
    SD minim: Max iteration number =  1500
    Every   5 iteration perform a CG minimization (ncg)
    Number of k-point shells =   2
    Chosen shells (indexes) =   1  2
    Print info each  10 iterations
    Save data each   10 iterations
    Starting minimization guess = center_projections
    Ordering mode = none
    Verbosity = medium
    Unitariery check threshold =     0.000000010
</WANNIER_FUNCTIONS>

<DISENTANGLE>
  Input parameters for subspace definition
    Spin component = up
    Mixing parameter (alpha_dis)=  0.500
    Max iteration number =  1000
    Starting minimization guess = center_projections
    Disentangle convergence threshold =     0.000000010
    Print info each  10 iterations
    Save data each   10 iterations
</DISENTANGLE>

<TRIAL_CENTERS>
  Trial centers: (cart. coord. in Bohr)
    Center =   1 Type = 1gauss  Center  = (    0.000000000    0.000000000    2.362160000 )
    Center =   2 Type = 1gauss  Center  = (    0.000000000    0.000000000    2.362160000 )
    Center =   3 Type = 1gauss  Center  = (    0.000000000    0.000000000    2.362160000 )
    Center =   4 Type = 1gauss  Center  = (    0.000000000    0.000000000    2.362160000 )
    Center =   5 Type = 1gauss  Center  = (    0.000000000    0.000000000    2.362160000 )
    Center =   6 Type = 1gauss  Center  = (    0.000000000    0.000000000    2.362160000 )
</TRIAL_CENTERS>


  ======================================================================
  =                              DFT data                              =
  ======================================================================

<LATTICE>
  Alat  =      20.0000000 (Bohr)
  Alat  =      10.5835400 (Ang )
  Omega =    1889.7280000 (Bohr^3)
  Omega =     280.0284636 (Ang^3 )

  Crystal axes:
                in units of Bohr                 in Alat units
    a(1) = ( 20.0000  0.0000  0.0000 )     (   1.0000  0.0000  0.0000 )
    a(2) = (  0.0000 20.0000  0.0000 )     (   0.0000  1.0000  0.0000 )
    a(3) = (  0.0000  0.0000  4.7243 )     (   0.0000  0.0000  0.2362 )
  Crystal axes: (Ang)
    a(1) = ( 10.5835  0.0000  0.0000 )
    a(2) = (  0.0000 10.5835  0.0000 )
    a(3) = (  0.0000  0.0000  2.5000 )

   Reciprocal lattice vectors:
                in units of Bohr^-1              in 2Pi/Alat units
    b(1) = (  0.3142  0.0000  0.0000 )     (   1.0000  0.0000  0.0000 )
    b(2) = (  0.0000  0.3142  0.0000 )     (   0.0000  1.0000  0.0000 )
    b(3) = (  0.0000  0.0000  1.3300 )     (   0.0000  0.0000  4.2334 )
</LATTICE>

<IONS>
  Number of chemical species =  1
  Calculation is done within US pseudopot.

     Pseudo( 1) = Ni.pz-nd-rrkjus.UPF

     Pseudo( 1) is Ni (US)    zval = 10.0   lmax= 2   lloc= 0
     Version   0  0  0 of US pseudo code
     Using log mesh of  1203 points
     The pseudopotential has  6 beta functions with: 
                l(1) =   0
                l(2) =   0
                l(3) =   1
                l(4) =   1
                l(5) =   2
                l(6) =   2
     Q(r) pseudized with  0 coefficients,  rinner =    0.000   0.000   0.000
                                                       0.000   0.000

  Atomic positions: (cart. coord. in units of alat)
     Ni   tau(   1 ) = (   0.0000000   0.0000000   0.1181080 )
</IONS>

<K-POINTS>
  nkpts =    4
  Monkhorst-Pack grid:      nk = (  1  1  4 ),      shift = (  0  0  0 )
  K-point calculation: (cart. coord. in Bohr^-1)
    k point   1:   (   0.00000  0.00000  0.00000 ),   weight =   0.2500
    k point   2:   (   0.00000  0.00000  0.33249 ),   weight =   0.2500
    k point   3:   (   0.00000  0.00000  0.66498 ),   weight =   0.2500
    k point   4:   (   0.00000  0.00000  0.99747 ),   weight =   0.2500
</K-POINTS>

<B-SHELL>
  Nearest-neighbour shells for k-point 1: (in Bohr^-1)
    shell (  1 )    radius =   0.31416
    shell (  2 )    radius =   0.33249
    shell (  3 )    radius =   0.44429
    shell (  4 )    radius =   0.45743
    shell (  5 )    radius =   0.55493
    shell (  6 )    radius =   0.62832
    shell (  7 )    radius =   0.66498
    shell (  8 )    radius =   0.70248
    shell (  9 )    radius =   0.71087
    shell ( 10 )    radius =   0.73546
    shell ( 11 )    radius =   0.77719
    shell ( 12 )    radius =   0.79975

  Number of nearest-neighbours for K-point 1 (representetive for the BZ):
    shell (  1 )    neighbours  =    4
    shell (  2 )    neighbours  =    2

  List of the  6 vectors b_k: (Bohr^-1) 
    b_k   1:   (  -0.31416  0.00000  0.00000 ),   weight =   5.0661
    b_k   2:   (   0.00000 -0.31416  0.00000 ),   weight =   5.0661
    b_k   3:   (   0.00000  0.31416  0.00000 ),   weight =   5.0661
    b_k   4:   (   0.31416  0.00000  0.00000 ),   weight =   5.0661
    b_k   5:   (   0.00000  0.00000  0.33249 ),   weight =   4.5228
    b_k   6:   (   0.00000  0.00000 -0.33249 ),   weight =   4.5228

  The  3  bk directions are (Bohr^-1):
    dir 1:   (  -0.31416  0.00000  0.00000 ) 
    dir 2:   (   0.00000 -0.31416  0.00000 ) 
    dir 3:   (   0.00000  0.00000  0.33249 ) 
</B-SHELL>

<WINDOWS>
  Definition of energy windows: (energies in eV)
    outer window: E  = ( -12.0000 ,   0.0000 )
    Max number of bands within the energy window =     9

  Electronic Structure from DFT calculation:
    nkpts =   4,     nbnd =  10,
    nspin =   2
    Fermi energy =   -4.318723165 eV

    kpt =  1 (  0.000 0.000 0.000 )    dimwin =    9
                                         imin =    1  imax =    9
   Eigenvalues:
    -7.6053  -5.5724  -5.4966  -5.4964  -5.0777  -5.0777  -1.6332  -1.6332
    -0.2456   0.7141

    kpt =  2 (  0.000 0.000 0.250 )    dimwin =    6
                                         imin =    1  imax =    6
   Eigenvalues:
    -6.0846  -5.7769  -5.7769  -5.3619  -5.3617  -4.8020   0.1641   0.1641
     1.2385   2.2071

    kpt =  3 (  0.000 0.000 0.500 )    dimwin =    6
                                         imin =    1  imax =    6
   Eigenvalues:
    -6.2925  -6.2925  -5.2279  -5.2278  -5.0693  -1.0006   0.9109   4.0447
     4.0447   5.6333

    kpt =  4 (  0.000 0.000 0.750 )    dimwin =    6
                                         imin =    1  imax =    6
   Eigenvalues:
    -6.0846  -5.7769  -5.7769  -5.3619  -5.3617  -4.8020   0.1641   0.1641
     1.2385   2.2071

    inner window: NOT used --> NO FROZEN STATES
</WINDOWS>


  Subspace data read from file: nichain_WanT_UP.spaces
  Overlap and projections read from file: nichain_WanT_UP.ovp

  Overlaps and projections setup completed
                              Total time spent up to now :     0.47 secs


  ======================================================================
  =                  Starting localization procedure                   =
  ======================================================================


  Wannier centers (Bohr) and Spreads Omega (Bohr^2):
    Center   1 = (    0.000000,    0.000000,    1.786005 )  Omega =      7.749132
    Center   2 = (    0.000000,    0.000000,    0.885723 )  Omega =     24.082452
    Center   3 = (    0.000000,    0.000000,   -2.469161 )  Omega =     29.168483
    Center   4 = (    0.000000,    0.000000,   -1.575590 )  Omega =     56.476171
    Center   5 = (    0.000000,    0.000000,   -0.774846 )  Omega =     35.056683
    Center   6 = (    0.000000,    0.000000,    0.193305 )  Omega =     40.923259
  ! Center Sum = (    0.000000,    0.000000,   -1.954563 )  Omega =    193.456179

  Spread Operator decomposition (Bohr^2): 
    OmegaI    =      17.972912639
    OmegaD    =     135.041737637
    OmegaOD   =      40.441529130
    Omega Tot =     193.456179407


  ======================================================================
  =                      Starting iteration loop                       =
  ======================================================================


  Iteration =     1
  Wannier centers (Bohr) and Spreads Omega (Bohr^2):
    Center   1 = (    0.000000,    0.000000,    0.217786 )  Omega =     15.292990
    Center   2 = (    0.000000,    0.000000,    0.492738 )  Omega =      2.537379
    Center   3 = (    0.000000,    0.000000,    0.438068 )  Omega =      2.603817
    Center   4 = (    0.000000,    0.000000,    0.501967 )  Omega =      2.736799
    Center   5 = (    0.000000,    0.000000,    0.438068 )  Omega =      2.603817
    Center   6 = (    0.000000,    0.000000,    0.492716 )  Omega =      2.550188
  ! Center Sum = (    0.000000,    0.000000,    2.581342 )  Omega =     28.324989

  Omega variation (Bohr^2):     -0.944387
                              Total time spent up to now :     0.48 secs


  Iteration =    10
  Wannier centers (Bohr) and Spreads Omega (Bohr^2):
    Center   1 = (    0.000000,    0.000000,    0.248835 )  Omega =     10.167029
    Center   2 = (    0.000000,    0.000000,    0.492738 )  Omega =      2.537098
    Center   3 = (    0.000000,    0.000000,    0.438068 )  Omega =      2.594733
    Center   4 = (    0.000000,    0.000000,    0.487363 )  Omega =      2.670945
    Center   5 = (    0.000000,    0.000000,    0.438068 )  Omega =      2.594733
    Center   6 = (    0.000000,    0.000000,    0.492716 )  Omega =      2.549907
  ! Center Sum = (    0.000000,    0.000000,    2.597787 )  Omega =     23.114444

  Omega variation (Bohr^2):     -0.374019
                              Total time spent up to now :     0.50 secs


  Iteration =    20
  Wannier centers (Bohr) and Spreads Omega (Bohr^2):
    Center   1 = (    0.000000,    0.000000,    0.264903 )  Omega =      7.886934
    Center   2 = (    0.000000,    0.000000,    0.492738 )  Omega =      2.536949
    Center   3 = (    0.000000,    0.000000,    0.438068 )  Omega =      2.589930
    Center   4 = (    0.000000,    0.000000,    0.481264 )  Omega =      2.646771
    Center   5 = (    0.000000,    0.000000,    0.438068 )  Omega =      2.589930
    Center   6 = (    0.000000,    0.000000,    0.492716 )  Omega =      2.549758
  ! Center Sum = (    0.000000,    0.000000,    2.607756 )  Omega =     20.800271

  Omega variation (Bohr^2):     -0.148614
                              Total time spent up to now :     0.52 secs


  Iteration =    30
  Wannier centers (Bohr) and Spreads Omega (Bohr^2):
    Center   1 = (    0.000000,    0.000000,    0.272637 )  Omega =      6.947537
    Center   2 = (    0.000000,    0.000000,    0.492738 )  Omega =      2.536881
    Center   3 = (    0.000000,    0.000000,    0.438068 )  Omega =      2.587743
    Center   4 = (    0.000000,    0.000000,    0.479000 )  Omega =      2.639094
    Center   5 = (    0.000000,    0.000000,    0.438068 )  Omega =      2.587743
    Center   6 = (    0.000000,    0.000000,    0.492716 )  Omega =      2.549690
  ! Center Sum = (    0.000000,    0.000000,    2.613226 )  Omega =     19.848688

  Omega variation (Bohr^2):     -0.063002
                              Total time spent up to now :     0.53 secs


  Iteration =    40
  Wannier centers (Bohr) and Spreads Omega (Bohr^2):
    Center   1 = (    0.000000,    0.000000,    0.276559 )  Omega =      6.541063
    Center   2 = (    0.000000,    0.000000,    0.492738 )  Omega =      2.536850
    Center   3 = (    0.000000,    0.000000,    0.438068 )  Omega =      2.586748
    Center   4 = (    0.000000,    0.000000,    0.478113 )  Omega =      2.636599
    Center   5 = (    0.000000,    0.000000,    0.438068 )  Omega =      2.586748
    Center   6 = (    0.000000,    0.000000,    0.492716 )  Omega =      2.549659
  ! Center Sum = (    0.000000,    0.000000,    2.616261 )  Omega =     19.437667

  Omega variation (Bohr^2):     -0.027662
                              Total time spent up to now :     0.57 secs


  Iteration =    50
  Wannier centers (Bohr) and Spreads Omega (Bohr^2):
    Center   1 = (    0.000000,    0.000000,    0.278607 )  Omega =      6.360574
    Center   2 = (    0.000000,    0.000000,    0.492738 )  Omega =      2.536836
    Center   3 = (    0.000000,    0.000000,    0.438068 )  Omega =      2.586294
    Center   4 = (    0.000000,    0.000000,    0.477722 )  Omega =      2.635660
    Center   5 = (    0.000000,    0.000000,    0.438068 )  Omega =      2.586294
    Center   6 = (    0.000000,    0.000000,    0.492716 )  Omega =      2.549645
  ! Center Sum = (    0.000000,    0.000000,    2.617918 )  Omega =     19.255304

  Omega variation (Bohr^2):     -0.012389
                              Total time spent up to now :     0.58 secs


  Iteration =    60
  Wannier centers (Bohr) and Spreads Omega (Bohr^2):
    Center   1 = (    0.000000,    0.000000,    0.279686 )  Omega =      6.279303
    Center   2 = (    0.000000,    0.000000,    0.492738 )  Omega =      2.536830
    Center   3 = (    0.000000,    0.000000,    0.438068 )  Omega =      2.586088
    Center   4 = (    0.000000,    0.000000,    0.477506 )  Omega =      2.635136
    Center   5 = (    0.000000,    0.000000,    0.438068 )  Omega =      2.586088
    Center   6 = (    0.000000,    0.000000,    0.492716 )  Omega =      2.549639
  ! Center Sum = (    0.000000,    0.000000,    2.618781 )  Omega =     19.173083

  Omega variation (Bohr^2):     -0.005621
                              Total time spent up to now :     0.60 secs


  Iteration =    70
  Wannier centers (Bohr) and Spreads Omega (Bohr^2):
    Center   1 = (    0.000000,    0.000000,    0.280246 )  Omega =      6.242432
    Center   2 = (    0.000000,    0.000000,    0.492738 )  Omega =      2.536827
    Center   3 = (    0.000000,    0.000000,    0.438068 )  Omega =      2.585994
    Center   4 = (    0.000000,    0.000000,    0.477353 )  Omega =      2.634700
    Center   5 = (    0.000000,    0.000000,    0.438068 )  Omega =      2.585994
    Center   6 = (    0.000000,    0.000000,    0.492716 )  Omega =      2.549636
  ! Center Sum = (    0.000000,    0.000000,    2.619187 )  Omega =     19.135583

  Omega variation (Bohr^2):     -0.002577
                              Total time spent up to now :     0.65 secs


  Iteration =    80
  Wannier centers (Bohr) and Spreads Omega (Bohr^2):
    Center   1 = (    0.000000,    0.000000,    0.280521 )  Omega =      6.225663
    Center   2 = (    0.000000,    0.000000,    0.492738 )  Omega =      2.536826
    Center   3 = (    0.000000,    0.000000,    0.438068 )  Omega =      2.585951
    Center   4 = (    0.000000,    0.000000,    0.477226 )  Omega =      2.634281
    Center   5 = (    0.000000,    0.000000,    0.438068 )  Omega =      2.585951
    Center   6 = (    0.000000,    0.000000,    0.492716 )  Omega =      2.549635
  ! Center Sum = (    0.000000,    0.000000,    2.619335 )  Omega =     19.118307

  Omega variation (Bohr^2):     -0.001193
                              Total time spent up to now :     0.67 secs


  Iteration =    90
  Wannier centers (Bohr) and Spreads Omega (Bohr^2):
    Center   1 = (    0.000000,    0.000000,    0.280640 )  Omega =      6.218067
    Center   2 = (    0.000000,    0.000000,    0.492738 )  Omega =      2.536825
    Center   3 = (    0.000000,    0.000000,    0.438068 )  Omega =      2.585932
    Center   4 = (    0.000000,    0.000000,    0.477115 )  Omega =      2.633877
    Center   5 = (    0.000000,    0.000000,    0.438068 )  Omega =      2.585932
    Center   6 = (    0.000000,    0.000000,    0.492716 )  Omega =      2.549634
  ! Center Sum = (    0.000000,    0.000000,    2.619343 )  Omega =     19.110266

  Omega variation (Bohr^2):     -0.000558
                              Total time spent up to now :     0.68 secs


  Iteration =   100
  Wannier centers (Bohr) and Spreads Omega (Bohr^2):
    Center   1 = (    0.000000,    0.000000,    0.280675 )  Omega =      6.214681
    Center   2 = (    0.000000,    0.000000,    0.492738 )  Omega =      2.536825
    Center   3 = (    0.000000,    0.000000,    0.438068 )  Omega =      2.585923
    Center   4 = (    0.000000,    0.000000,    0.477016 )  Omega =      2.633499
    Center   5 = (    0.000000,    0.000000,    0.438068 )  Omega =      2.585923
    Center   6 = (    0.000000,    0.000000,    0.492716 )  Omega =      2.549634
  ! Center Sum = (    0.000000,    0.000000,    2.619281 )  Omega =     19.106483

  Omega variation (Bohr^2):     -0.000264
                              Total time spent up to now :     0.71 secs


  Iteration =   110
  Wannier centers (Bohr) and Spreads Omega (Bohr^2):
    Center   1 = (    0.000000,    0.000000,    0.280522 )  Omega =      6.212760
    Center   2 = (    0.000000,    0.000000,    0.492738 )  Omega =      2.536824
    Center   3 = (    0.000000,    0.000000,    0.438068 )  Omega =      2.585915
    Center   4 = (    0.000000,    0.000000,    0.476627 )  Omega =      2.631930
    Center   5 = (    0.000000,    0.000000,    0.438068 )  Omega =      2.585915
    Center   6 = (    0.000000,    0.000000,    0.492716 )  Omega =      2.549634
  ! Center Sum = (    0.000000,    0.000000,    2.618738 )  Omega =     19.102979

  Omega variation (Bohr^2):     -0.000022
                              Total time spent up to now :     0.73 secs



  ======================================================================
  =                        Convergence Achieved                        =
  ======================================================================


  Wannier function ordering : none

  Wannier centers (Bohr) and Spreads Omega (Bohr^2):
    Center   1 = (    0.000000,    0.000000,    0.280502 )  Omega =      6.213199
    Center   2 = (    0.000000,    0.000000,    0.492738 )  Omega =      2.536824
    Center   3 = (    0.000000,    0.000000,    0.438068 )  Omega =      2.585915
    Center   4 = (    0.000000,    0.000000,    0.476507 )  Omega =      2.631467
    Center   5 = (    0.000000,    0.000000,    0.438068 )  Omega =      2.585915
    Center   6 = (    0.000000,    0.000000,    0.492716 )  Omega =      2.549634
  ! Center Sum = (    0.000000,    0.000000,    2.618598 )  Omega =     19.102955

  Spread Operator decomposition (Bohr^2): 
    OmegaI    =      17.972912639
    OmegaD    =       0.000000315
    OmegaOD   =       1.130041772
    Omega Tot =      19.102954726

                              Total time spent up to now :     0.75 secs


  Unitary transf. matrixes written on file: nichain_WanT_UP.wan
  ======================================================================

   <global routines>
             clock number :     9

                  wannier :     0.75s CPU 
 
                want_init :     0.28s CPU
                  bshells :     0.00s CPU
          overlap_extract :     0.18s CPU
                     init :     0.00s CPU
                    omega :     0.02s CPU (     134 calls,   0.000 s avg)
           overlap_update :     0.02s CPU (     133 calls,   0.000 s avg)
               iterations :     0.27s CPU
                   domega :     0.12s CPU (     116 calls,   0.001 s avg)


