  ======================================================================
              =                                            =
              =     *** WanT *** Wannier Transport Code    =
              =        (www.wannier-transport.org)         =
              =      Ultra Soft Pseudopotential Implem.    =
              =                                            =
  ======================================================================


  Program <hamiltonian>  v. 1.1.1  starts ...
  Date 31May2005 at 19:31:41 


  PW-DFT data read from file: al.export/index.xml
  Subspace data read from file: al_WanT.spaces

  ======================================================================
  =                              DFT data                              =
  ======================================================================

<LATTICE>
  Alat  =      20.0000000 (Bohr)
  Alat  =      10.5835400 (Ang )
  Omega =    2267.6800000 (Bohr^3)
  Omega =     336.0351047 (Ang^3 )

  Crystal axes:
                in units of Bohr                 in Alat units
    a(1) = ( 20.0000  0.0000  0.0000 )     (   1.0000  0.0000  0.0000 )
    a(2) = (  0.0000 20.0000  0.0000 )     (   0.0000  1.0000  0.0000 )
    a(3) = (  0.0000  0.0000  5.6692 )     (   0.0000  0.0000  0.2835 )
  Crystal axes: (Ang)
    a(1) = ( 10.5835  0.0000  0.0000 )
    a(2) = (  0.0000 10.5835  0.0000 )
    a(3) = (  0.0000  0.0000  3.0000 )

   Reciprocal lattice vectors:
                in units of Bohr^-1              in 2Pi/Alat units
    b(1) = (  0.3142  0.0000  0.0000 )     (   1.0000  0.0000  0.0000 )
    b(2) = (  0.0000  0.3142  0.0000 )     (   0.0000  1.0000  0.0000 )
    b(3) = (  0.0000  0.0000  1.1083 )     (   0.0000  0.0000  3.5278 )
</LATTICE>

<K-POINTS>
  nkpts =   20
  Monkhorst-Pack grid:      nk = (  1  1 20 ),      shift = (  0  0  0 )
  K-point calculation: (cart. coord. in Bohr^-1)
    k point   1:   (   0.00000  0.00000  0.00000 ),   weight =   0.0500
    k point   2:   (   0.00000  0.00000  0.05542 ),   weight =   0.0500
    k point   3:   (   0.00000  0.00000  0.11083 ),   weight =   0.0500
    k point   4:   (   0.00000  0.00000  0.16625 ),   weight =   0.0500
    k point   5:   (   0.00000  0.00000  0.22166 ),   weight =   0.0500
    k point   6:   (   0.00000  0.00000  0.27708 ),   weight =   0.0500
    k point   7:   (   0.00000  0.00000  0.33249 ),   weight =   0.0500
    k point   8:   (   0.00000  0.00000  0.38791 ),   weight =   0.0500
    k point   9:   (   0.00000  0.00000  0.44332 ),   weight =   0.0500
    k point  10:   (   0.00000  0.00000  0.49874 ),   weight =   0.0500
    k point  11:   (   0.00000  0.00000  0.55415 ),   weight =   0.0500
    k point  12:   (   0.00000  0.00000  0.60957 ),   weight =   0.0500
    k point  13:   (   0.00000  0.00000  0.66498 ),   weight =   0.0500
    k point  14:   (   0.00000  0.00000  0.72040 ),   weight =   0.0500
    k point  15:   (   0.00000  0.00000  0.77581 ),   weight =   0.0500
    k point  16:   (   0.00000  0.00000  0.83123 ),   weight =   0.0500
    k point  17:   (   0.00000  0.00000  0.88664 ),   weight =   0.0500
    k point  18:   (   0.00000  0.00000  0.94206 ),   weight =   0.0500
    k point  19:   (   0.00000  0.00000  0.99747 ),   weight =   0.0500
    k point  20:   (   0.00000  0.00000  1.05289 ),   weight =   0.0500
</K-POINTS>

  Wannier data read from file: al_WanT.wan


  ======================================================================
  =                 Hamiltonian and Band interpolation                 =
  ======================================================================



  Diagonal matrix elements of H on Wannier basis
  dimwann =     4

    R = (   0   0  -1 )
   -0.896026391   -0.000005133
    2.266847399    0.000004308
   -0.639642344    0.001407343
   -0.638069348   -0.001165581

    R = (   0   0   0 )
   -3.622452966   -0.000000000
    2.807652715   -0.000000000
    1.544366319   -0.000000000
    1.535901889   -0.000000000

    R = (   0   0   1 )
   -0.896026391    0.000005133
    2.266847399   -0.000004308
   -0.639642344   -0.001407343
   -0.638069348    0.001165581


  Decay of the real space Hamiltonian:

     R [cry]     |R| [Bohr]      Norm of H(R) [eV]
    0   0 -10    56.6920000        0.008466142
    0   0  -9    51.0228000        0.009287580
    0   0  -8    45.3536000        0.011806265
    0   0  -7    39.6844000        0.016488825
    0   0  -6    34.0152000        0.024695087
    0   0  -5    28.3460000        0.040365562
    0   0  -4    22.6768000        0.071664641
    0   0  -3    17.0076000        0.146318464
    0   0  -2    11.3384000        0.433586891
    0   0  -1     5.6692000        3.214906778
    0   0   0     0.0000000        5.074381058
    0   0   1     5.6692000        3.214906778
    0   0   2    11.3384000        0.433586891
    0   0   3    17.0076000        0.146318464
    0   0   4    22.6768000        0.071664641
    0   0   5    28.3460000        0.040365562
    0   0   6    34.0152000        0.024695087
    0   0   7    39.6844000        0.016488825
    0   0   8    45.3536000        0.011806265
    0   0   9    51.0228000        0.009287580
    0   0  10    56.6920000        0.008466142


  Generating kpts:   2      Segments:   1
  Total kpts number: 100    Max kpt number: 100


  Generating kpts [crystal coord.]
      k point   1:   (   0.00000  0.00000  0.00000 )    G 
      k point   2:   (   0.00000  0.00000  0.50000 )    Z 

  Number of kpts in each segment
      line   1:     100


  Generated kpts [crystal coord.]
      k point   1:   (   0.00000  0.00000  0.00000 ) 
      k point   2:   (   0.00000  0.00000  0.00500 ) 
      k point   3:   (   0.00000  0.00000  0.01000 ) 
      k point   4:   (   0.00000  0.00000  0.01500 ) 
      k point   5:   (   0.00000  0.00000  0.02000 ) 
      k point   6:   (   0.00000  0.00000  0.02500 ) 
      k point   7:   (   0.00000  0.00000  0.03000 ) 
      k point   8:   (   0.00000  0.00000  0.03500 ) 
      k point   9:   (   0.00000  0.00000  0.04000 ) 
      k point  10:   (   0.00000  0.00000  0.04500 ) 
      k point  11:   (   0.00000  0.00000  0.05000 ) 
      k point  12:   (   0.00000  0.00000  0.05500 ) 
      k point  13:   (   0.00000  0.00000  0.06000 ) 
      k point  14:   (   0.00000  0.00000  0.06500 ) 
      k point  15:   (   0.00000  0.00000  0.07000 ) 
      k point  16:   (   0.00000  0.00000  0.07500 ) 
      k point  17:   (   0.00000  0.00000  0.08000 ) 
      k point  18:   (   0.00000  0.00000  0.08500 ) 
      k point  19:   (   0.00000  0.00000  0.09000 ) 
      k point  20:   (   0.00000  0.00000  0.09500 ) 
      k point  21:   (   0.00000  0.00000  0.10000 ) 
      k point  22:   (   0.00000  0.00000  0.10500 ) 
      k point  23:   (   0.00000  0.00000  0.11000 ) 
      k point  24:   (   0.00000  0.00000  0.11500 ) 
      k point  25:   (   0.00000  0.00000  0.12000 ) 
      k point  26:   (   0.00000  0.00000  0.12500 ) 
      k point  27:   (   0.00000  0.00000  0.13000 ) 
      k point  28:   (   0.00000  0.00000  0.13500 ) 
      k point  29:   (   0.00000  0.00000  0.14000 ) 
      k point  30:   (   0.00000  0.00000  0.14500 ) 
      k point  31:   (   0.00000  0.00000  0.15000 ) 
      k point  32:   (   0.00000  0.00000  0.15500 ) 
      k point  33:   (   0.00000  0.00000  0.16000 ) 
      k point  34:   (   0.00000  0.00000  0.16500 ) 
      k point  35:   (   0.00000  0.00000  0.17000 ) 
      k point  36:   (   0.00000  0.00000  0.17500 ) 
      k point  37:   (   0.00000  0.00000  0.18000 ) 
      k point  38:   (   0.00000  0.00000  0.18500 ) 
      k point  39:   (   0.00000  0.00000  0.19000 ) 
      k point  40:   (   0.00000  0.00000  0.19500 ) 
      k point  41:   (   0.00000  0.00000  0.20000 ) 
      k point  42:   (   0.00000  0.00000  0.20500 ) 
      k point  43:   (   0.00000  0.00000  0.21000 ) 
      k point  44:   (   0.00000  0.00000  0.21500 ) 
      k point  45:   (   0.00000  0.00000  0.22000 ) 
      k point  46:   (   0.00000  0.00000  0.22500 ) 
      k point  47:   (   0.00000  0.00000  0.23000 ) 
      k point  48:   (   0.00000  0.00000  0.23500 ) 
      k point  49:   (   0.00000  0.00000  0.24000 ) 
      k point  50:   (   0.00000  0.00000  0.24500 ) 
      k point  51:   (   0.00000  0.00000  0.25000 ) 
      k point  52:   (   0.00000  0.00000  0.25500 ) 
      k point  53:   (   0.00000  0.00000  0.26000 ) 
      k point  54:   (   0.00000  0.00000  0.26500 ) 
      k point  55:   (   0.00000  0.00000  0.27000 ) 
      k point  56:   (   0.00000  0.00000  0.27500 ) 
      k point  57:   (   0.00000  0.00000  0.28000 ) 
      k point  58:   (   0.00000  0.00000  0.28500 ) 
      k point  59:   (   0.00000  0.00000  0.29000 ) 
      k point  60:   (   0.00000  0.00000  0.29500 ) 
      k point  61:   (   0.00000  0.00000  0.30000 ) 
      k point  62:   (   0.00000  0.00000  0.30500 ) 
      k point  63:   (   0.00000  0.00000  0.31000 ) 
      k point  64:   (   0.00000  0.00000  0.31500 ) 
      k point  65:   (   0.00000  0.00000  0.32000 ) 
      k point  66:   (   0.00000  0.00000  0.32500 ) 
      k point  67:   (   0.00000  0.00000  0.33000 ) 
      k point  68:   (   0.00000  0.00000  0.33500 ) 
      k point  69:   (   0.00000  0.00000  0.34000 ) 
      k point  70:   (   0.00000  0.00000  0.34500 ) 
      k point  71:   (   0.00000  0.00000  0.35000 ) 
      k point  72:   (   0.00000  0.00000  0.35500 ) 
      k point  73:   (   0.00000  0.00000  0.36000 ) 
      k point  74:   (   0.00000  0.00000  0.36500 ) 
      k point  75:   (   0.00000  0.00000  0.37000 ) 
      k point  76:   (   0.00000  0.00000  0.37500 ) 
      k point  77:   (   0.00000  0.00000  0.38000 ) 
      k point  78:   (   0.00000  0.00000  0.38500 ) 
      k point  79:   (   0.00000  0.00000  0.39000 ) 
      k point  80:   (   0.00000  0.00000  0.39500 ) 
      k point  81:   (   0.00000  0.00000  0.40000 ) 
      k point  82:   (   0.00000  0.00000  0.40500 ) 
      k point  83:   (   0.00000  0.00000  0.41000 ) 
      k point  84:   (   0.00000  0.00000  0.41500 ) 
      k point  85:   (   0.00000  0.00000  0.42000 ) 
      k point  86:   (   0.00000  0.00000  0.42500 ) 
      k point  87:   (   0.00000  0.00000  0.43000 ) 
      k point  88:   (   0.00000  0.00000  0.43500 ) 
      k point  89:   (   0.00000  0.00000  0.44000 ) 
      k point  90:   (   0.00000  0.00000  0.44500 ) 
      k point  91:   (   0.00000  0.00000  0.45000 ) 
      k point  92:   (   0.00000  0.00000  0.45500 ) 
      k point  93:   (   0.00000  0.00000  0.46000 ) 
      k point  94:   (   0.00000  0.00000  0.46500 ) 
      k point  95:   (   0.00000  0.00000  0.47000 ) 
      k point  96:   (   0.00000  0.00000  0.47500 ) 
      k point  97:   (   0.00000  0.00000  0.48000 ) 
      k point  98:   (   0.00000  0.00000  0.48500 ) 
      k point  99:   (   0.00000  0.00000  0.49000 ) 
      k point 100:   (   0.00000  0.00000  0.50000 ) 

   <global routines>
             clock number :     2

              hamiltonian :     0.62s CPU 

                want_init :     0.01s CPU


