  ======================================================================
              =                                            =
              =     *** WanT *** Wannier Transport Code    =
              =        (www.wannier-transport.org)         =
              =       Norm Conserv. Pseudopot. Impl.       =
              =                                            =
  ======================================================================


  Program <wannier>  v. 1.1.1  starts ...
  Date  5Dec2004 at 11:51:13 

  ======================================================================
  =                         Lattice parameters                         =
  ======================================================================

  Alat =  20.0000 (Bohr)
  Alat =  10.5835 (Ang )

  Crystal axes:
                in units of Bohr                 in lattice units
    a(1) = ( 20.0000  0.0000  0.0000 )     (   1.0000  0.0000  0.0000 )
    a(2) = (  0.0000 20.0000  0.0000 )     (   0.0000  1.0000  0.0000 )
    a(3) = (  0.0000  0.0000  5.6692 )     (   0.0000  0.0000  0.2835 )
  Crystal axes: (Ang)
    a(1) = ( 10.5835  0.0000  0.0000 )
    a(2) = (  0.0000 10.5835  0.0000 )
    a(3) = (  0.0000  0.0000  3.0000 )

   Reciprocal lattice vectors:
                in units of Bohr^-1              in lattice units
    b(1) = (  0.3142  0.0000  0.0000 )     (   1.0000  0.0000  0.0000 )
    b(2) = (  0.0000  0.3142  0.0000 )     (   0.0000  1.0000  0.0000 )
    b(3) = (  0.0000  0.0000  1.1083 )     (   0.0000  0.0000  3.5278 )

  Atomic positions: (cart. coord.)
    Al  tau(   1 ) = (  0.0000  0.0000  0.0000 )

  ======================================================================
  =                      B-shell calculations                          =
  ======================================================================

  K-point calculation: (cartesian coordinates in Ang^-1)
    k point   1:   (   0.00000  0.00000  0.00000 ),   weight =   0.0500
    k point   2:   (   0.00000  0.00000  0.10472 ),   weight =   0.0500
    k point   3:   (   0.00000  0.00000  0.20944 ),   weight =   0.0500
    k point   4:   (   0.00000  0.00000  0.31416 ),   weight =   0.0500
    k point   5:   (   0.00000  0.00000  0.41888 ),   weight =   0.0500
    k point   6:   (   0.00000  0.00000  0.52360 ),   weight =   0.0500
    k point   7:   (   0.00000  0.00000  0.62832 ),   weight =   0.0500
    k point   8:   (   0.00000  0.00000  0.73304 ),   weight =   0.0500
    k point   9:   (   0.00000  0.00000  0.83776 ),   weight =   0.0500
    k point  10:   (   0.00000  0.00000  0.94247 ),   weight =   0.0500
    k point  11:   (   0.00000  0.00000  1.04719 ),   weight =   0.0500
    k point  12:   (   0.00000  0.00000  1.15191 ),   weight =   0.0500
    k point  13:   (   0.00000  0.00000  1.25663 ),   weight =   0.0500
    k point  14:   (   0.00000  0.00000  1.36135 ),   weight =   0.0500
    k point  15:   (   0.00000  0.00000  1.46607 ),   weight =   0.0500
    k point  16:   (   0.00000  0.00000  1.57079 ),   weight =   0.0500
    k point  17:   (   0.00000  0.00000  1.67551 ),   weight =   0.0500
    k point  18:   (   0.00000  0.00000  1.78023 ),   weight =   0.0500
    k point  19:   (   0.00000  0.00000  1.88495 ),   weight =   0.0500
    k point  20:   (   0.00000  0.00000  1.98967 ),   weight =   0.0500

  Nearest-neighbour shells for k-point 1: (in Ang^-1)
    shell (  1 )    radius =   0.10472
    shell (  2 )    radius =   0.20944
    shell (  3 )    radius =   0.31416
    shell (  4 )    radius =   0.41888
    shell (  5 )    radius =   0.52360
    shell (  6 )    radius =   0.59368
    shell (  7 )    radius =   0.60284
    shell (  8 )    radius =   0.62832
    shell (  9 )    radius =   0.62954
    shell ( 10 )    radius =   0.67167
    shell ( 11 )    radius =   0.72657
    shell ( 12 )    radius =   0.73304
 
  Number of nearest-neighbours for K-point 1 (representetive for the BZ):
    shell (  1 )    neighbours  =   2
    shell (  6 )    neighbours  =   4

  Check shell dimensionality and weights:
    shell (  1 )    dimensionality  =   1
    w_b weight is 1/b^2 times  0.5000


  Warning: weights must be as defined in Ref: PRB 56 12847 (1997)
  otherwise code will stop! 

  Check shell dimensionality and weights:
    shell (  6 )    dimensionality  =   2
    w_b weight is 1/b^2 times  0.5000


  Warning: weights must be as defined in Ref: PRB 56 12847 (1997)
  otherwise code will stop! 
  Completeness relation is fully satisfied! (see Appendix B, PRB 56 12847 (1997)

  List of the  6 vectors b_k: (Ang^-1) 
    b_k   1:   (   0.00000  0.00000  0.10472 ),   weight =  45.5948
    b_k   2:   (   0.00000  0.00000 -0.10472 ),   weight =  45.5948
    b_k   3:   (  -0.59368  0.00000  0.00000 ),   weight =   1.4186
    b_k   4:   (   0.00000 -0.59368  0.00000 ),   weight =   1.4186
    b_k   5:   (   0.00000  0.59368  0.00000 ),   weight =   1.4186
    b_k   6:   (   0.59368  0.00000  0.00000 ),   weight =   1.4186

  The  3  bk directions are:
    dir 1:   (   0.00000  0.00000  0.10472 ) 
    dir 2:   (  -0.59368  0.00000  0.00000 ) 
    dir 3:   (   0.00000 -0.59368  0.00000 ) 
  

  Subspace data read from file: al_WanT.spaces
  Overlap and projections read from file: al_WanT.ovp

  ======================================================================
  =                  Starting localization procedure                   =
  ======================================================================
    Center   1 = (    0.000000,    0.000000,   -0.000002 )  Omega =    328.366784
    Center   2 = (    0.000001,   -0.000002,    2.963812 )  Omega =    176.861562
    Center   3 = (   -0.000002,    0.000006,    0.426703 )  Omega =    334.353105
    Center   4 = (    0.000000,    0.000000,   -3.408110 )  Omega =    308.471909

  ! Center Sum = (   -0.000001,    0.000005,   -0.017597 )  Omega =   1148.053360

  Spread Operator decomposition: 
    OmegaI    =       7.202904728
    OmegaD    =    1105.642697771
    OmegaOD   =      35.207757061
    Omega Tot =    1148.053359560

  ======================================================================
  =                     Starting iteration loop                        =
  ======================================================================


  Iteration =     1
  Wannier centers and Spreads (Omega)
    Center   1 = (    0.000000,    0.000000,    0.000002 )  Omega =      2.408056
    Center   2 = (    0.000000,    0.000001,   -0.000001 )  Omega =      4.195757
    Center   3 = (    0.000000,    0.000003,    0.000026 )  Omega =      2.392111
    Center   4 = (   -0.000001,    0.000001,   -0.000073 )  Omega =      2.384836

  ! Center Sum = (   -0.000001,    0.000004,   -0.000046 )  Omega =     11.380760

  Iteration =    11
  Wannier centers and Spreads (Omega)
    Center   1 = (    0.000000,    0.000000,    0.000002 )  Omega =      2.354461
    Center   2 = (    0.000000,    0.000001,   -0.000001 )  Omega =      4.162802
    Center   3 = (    0.000000,    0.000003,    0.000026 )  Omega =      2.392110
    Center   4 = (   -0.000001,    0.000001,   -0.000073 )  Omega =      2.384835

  ! Center Sum = (   -0.000001,    0.000004,   -0.000046 )  Omega =     11.294208

  Iteration =    21
  Wannier centers and Spreads (Omega)
    Center   1 = (    0.000000,    0.000000,    0.000002 )  Omega =      2.310250
    Center   2 = (    0.000000,    0.000001,   -0.000001 )  Omega =      4.136019
    Center   3 = (    0.000000,    0.000003,    0.000026 )  Omega =      2.392109
    Center   4 = (   -0.000001,    0.000001,   -0.000073 )  Omega =      2.384834

  ! Center Sum = (   -0.000001,    0.000004,   -0.000046 )  Omega =     11.223213

  Iteration =    31
  Wannier centers and Spreads (Omega)
    Center   1 = (    0.000000,    0.000000,    0.000002 )  Omega =      2.272969
    Center   2 = (    0.000000,    0.000001,   -0.000001 )  Omega =      4.113636
    Center   3 = (    0.000000,    0.000003,    0.000026 )  Omega =      2.392109
    Center   4 = (   -0.000001,    0.000001,   -0.000073 )  Omega =      2.384834

  ! Center Sum = (   -0.000001,    0.000004,   -0.000046 )  Omega =     11.163548

  Iteration =    41
  Wannier centers and Spreads (Omega)
    Center   1 = (    0.000000,    0.000000,    0.000002 )  Omega =      2.240963
    Center   2 = (    0.000000,    0.000001,   -0.000001 )  Omega =      4.094511
    Center   3 = (    0.000000,    0.000003,    0.000026 )  Omega =      2.392109
    Center   4 = (   -0.000001,    0.000001,   -0.000073 )  Omega =      2.384834

  ! Center Sum = (   -0.000001,    0.000004,   -0.000046 )  Omega =     11.112416

  Iteration =    51
  Wannier centers and Spreads (Omega)
    Center   1 = (    0.000000,    0.000000,    0.000002 )  Omega =      2.213079
    Center   2 = (    0.000000,    0.000001,   -0.000001 )  Omega =      4.077877
    Center   3 = (    0.000000,    0.000003,    0.000026 )  Omega =      2.392109
    Center   4 = (   -0.000001,    0.000001,   -0.000073 )  Omega =      2.384834

  ! Center Sum = (   -0.000001,    0.000004,   -0.000046 )  Omega =     11.067899

  Iteration =    61
  Wannier centers and Spreads (Omega)
    Center   1 = (    0.000000,    0.000000,    0.000002 )  Omega =      2.188488
    Center   2 = (    0.000000,    0.000001,   -0.000001 )  Omega =      4.063203
    Center   3 = (    0.000000,    0.000003,    0.000026 )  Omega =      2.392109
    Center   4 = (   -0.000001,    0.000001,   -0.000073 )  Omega =      2.384834

  ! Center Sum = (   -0.000001,    0.000004,   -0.000046 )  Omega =     11.028633

  Iteration =    71
  Wannier centers and Spreads (Omega)
    Center   1 = (    0.000000,    0.000000,    0.000002 )  Omega =      2.166578
    Center   2 = (    0.000000,    0.000001,   -0.000001 )  Omega =      4.050107
    Center   3 = (    0.000000,    0.000003,    0.000026 )  Omega =      2.392109
    Center   4 = (   -0.000001,    0.000001,   -0.000073 )  Omega =      2.384834

  ! Center Sum = (   -0.000001,    0.000004,   -0.000046 )  Omega =     10.993627

  Iteration =    81
  Wannier centers and Spreads (Omega)
    Center   1 = (    0.000000,    0.000000,    0.000002 )  Omega =      2.146887
    Center   2 = (    0.000000,    0.000001,   -0.000001 )  Omega =      4.038308
    Center   3 = (    0.000000,    0.000003,    0.000026 )  Omega =      2.392109
    Center   4 = (   -0.000001,    0.000001,   -0.000073 )  Omega =      2.384834

  ! Center Sum = (   -0.000001,    0.000004,   -0.000046 )  Omega =     10.962137

  Iteration =    91
  Wannier centers and Spreads (Omega)
    Center   1 = (    0.000000,    0.000000,    0.000002 )  Omega =      2.129057
    Center   2 = (    0.000000,    0.000001,   -0.000001 )  Omega =      4.027594
    Center   3 = (    0.000000,    0.000003,    0.000026 )  Omega =      2.392109
    Center   4 = (   -0.000001,    0.000001,   -0.000073 )  Omega =      2.384834

  ! Center Sum = (   -0.000001,    0.000004,   -0.000046 )  Omega =     10.933593

  Iteration =   101
  Wannier centers and Spreads (Omega)
    Center   1 = (    0.000000,    0.000000,    0.000002 )  Omega =      2.112810
    Center   2 = (    0.000000,    0.000001,   -0.000001 )  Omega =      4.017800
    Center   3 = (    0.000000,    0.000003,    0.000026 )  Omega =      2.392108
    Center   4 = (   -0.000001,    0.000001,   -0.000073 )  Omega =      2.384834

  ! Center Sum = (   -0.000001,    0.000004,   -0.000046 )  Omega =     10.907552

  Iteration =   111
  Wannier centers and Spreads (Omega)
    Center   1 = (    0.000000,    0.000000,    0.000002 )  Omega =      2.097920
    Center   2 = (    0.000000,    0.000001,   -0.000001 )  Omega =      4.008798
    Center   3 = (    0.000000,    0.000003,    0.000026 )  Omega =      2.392108
    Center   4 = (   -0.000001,    0.000001,   -0.000073 )  Omega =      2.384834

  ! Center Sum = (   -0.000001,    0.000004,   -0.000046 )  Omega =     10.883660

  Iteration =   121
  Wannier centers and Spreads (Omega)
    Center   1 = (    0.000000,    0.000000,    0.000002 )  Omega =      2.084207
    Center   2 = (    0.000000,    0.000001,   -0.000001 )  Omega =      4.000482
    Center   3 = (    0.000000,    0.000003,    0.000026 )  Omega =      2.392108
    Center   4 = (   -0.000001,    0.000001,   -0.000073 )  Omega =      2.384834

  ! Center Sum = (   -0.000001,    0.000004,   -0.000046 )  Omega =     10.861631

  Iteration =   131
  Wannier centers and Spreads (Omega)
    Center   1 = (    0.000000,    0.000000,    0.000002 )  Omega =      2.071522
    Center   2 = (    0.000000,    0.000001,   -0.000001 )  Omega =      3.992769
    Center   3 = (    0.000000,    0.000003,    0.000026 )  Omega =      2.392108
    Center   4 = (   -0.000001,    0.000001,   -0.000073 )  Omega =      2.384834

  ! Center Sum = (   -0.000001,    0.000004,   -0.000046 )  Omega =     10.841233

  Iteration =   141
  Wannier centers and Spreads (Omega)
    Center   1 = (    0.000000,    0.000000,    0.000002 )  Omega =      2.059743
    Center   2 = (    0.000000,    0.000001,   -0.000001 )  Omega =      3.985587
    Center   3 = (    0.000000,    0.000003,    0.000026 )  Omega =      2.392108
    Center   4 = (   -0.000001,    0.000001,   -0.000073 )  Omega =      2.384834

  ! Center Sum = (   -0.000001,    0.000004,   -0.000046 )  Omega =     10.822272

  Iteration =   151
  Wannier centers and Spreads (Omega)
    Center   1 = (    0.000000,    0.000000,    0.000002 )  Omega =      2.048766
    Center   2 = (    0.000000,    0.000001,   -0.000001 )  Omega =      3.978877
    Center   3 = (    0.000000,    0.000003,    0.000026 )  Omega =      2.392108
    Center   4 = (   -0.000001,    0.000001,   -0.000073 )  Omega =      2.384834

  ! Center Sum = (   -0.000001,    0.000004,   -0.000046 )  Omega =     10.804585

  Iteration =   161
  Wannier centers and Spreads (Omega)
    Center   1 = (    0.000000,    0.000000,    0.000002 )  Omega =      2.038503
    Center   2 = (    0.000000,    0.000001,   -0.000001 )  Omega =      3.972591
    Center   3 = (    0.000000,    0.000003,    0.000026 )  Omega =      2.392108
    Center   4 = (   -0.000001,    0.000001,   -0.000073 )  Omega =      2.384834

  ! Center Sum = (   -0.000001,    0.000004,   -0.000046 )  Omega =     10.788037

  Iteration =   171
  Wannier centers and Spreads (Omega)
    Center   1 = (    0.000000,    0.000000,    0.000002 )  Omega =      2.028881
    Center   2 = (    0.000000,    0.000001,   -0.000001 )  Omega =      3.966686
    Center   3 = (    0.000000,    0.000003,    0.000026 )  Omega =      2.392108
    Center   4 = (   -0.000001,    0.000001,   -0.000073 )  Omega =      2.384834

  ! Center Sum = (   -0.000001,    0.000004,   -0.000046 )  Omega =     10.772510

  Iteration =   181
  Wannier centers and Spreads (Omega)
    Center   1 = (    0.000000,    0.000000,    0.000002 )  Omega =      2.019836
    Center   2 = (    0.000000,    0.000001,   -0.000001 )  Omega =      3.961125
    Center   3 = (    0.000001,    0.000003,    0.000026 )  Omega =      2.392108
    Center   4 = (   -0.000001,    0.000001,   -0.000073 )  Omega =      2.384834

  ! Center Sum = (   -0.000001,    0.000004,   -0.000046 )  Omega =     10.757903

  Iteration =   191
  Wannier centers and Spreads (Omega)
    Center   1 = (    0.000000,    0.000000,    0.000002 )  Omega =      2.011312
    Center   2 = (    0.000000,    0.000001,   -0.000001 )  Omega =      3.955875
    Center   3 = (    0.000001,    0.000003,    0.000026 )  Omega =      2.392108
    Center   4 = (   -0.000001,    0.000001,   -0.000073 )  Omega =      2.384834

  ! Center Sum = (   -0.000001,    0.000004,   -0.000046 )  Omega =     10.744129

  Iteration =   201
  Wannier centers and Spreads (Omega)
    Center   1 = (    0.000000,    0.000000,    0.000002 )  Omega =      2.001697
    Center   2 = (    0.000000,    0.000001,   -0.000001 )  Omega =      3.949947
    Center   3 = (    0.000001,    0.000003,    0.000026 )  Omega =      2.392108
    Center   4 = (   -0.000001,    0.000001,   -0.000073 )  Omega =      2.384834

  ! Center Sum = (   -0.000001,    0.000004,   -0.000046 )  Omega =     10.728586

  Iteration =   211
  Wannier centers and Spreads (Omega)
    Center   1 = (    0.000000,    0.000000,    0.000002 )  Omega =      1.946106
    Center   2 = (    0.000000,    0.000001,   -0.000001 )  Omega =      3.915839
    Center   3 = (    0.000001,    0.000003,    0.000026 )  Omega =      2.392108
    Center   4 = (   -0.000001,    0.000001,   -0.000073 )  Omega =      2.384834

  ! Center Sum = (   -0.000001,    0.000004,   -0.000046 )  Omega =     10.638886

  Iteration =   221
  Wannier centers and Spreads (Omega)
    Center   1 = (    0.000000,    0.000000,    0.000002 )  Omega =      1.908000
    Center   2 = (    0.000000,    0.000001,   -0.000001 )  Omega =      3.892221
    Center   3 = (    0.000001,    0.000003,    0.000026 )  Omega =      2.392108
    Center   4 = (   -0.000001,    0.000001,   -0.000073 )  Omega =      2.384834

  ! Center Sum = (   -0.000001,    0.000004,   -0.000046 )  Omega =     10.577163

  Iteration =   231
  Wannier centers and Spreads (Omega)
    Center   1 = (    0.000000,    0.000000,    0.000002 )  Omega =      1.879788
    Center   2 = (    0.000000,    0.000001,   -0.000001 )  Omega =      3.874763
    Center   3 = (    0.000001,    0.000003,    0.000026 )  Omega =      2.392108
    Center   4 = (   -0.000001,    0.000001,   -0.000073 )  Omega =      2.384834

  ! Center Sum = (   -0.000001,    0.000004,   -0.000046 )  Omega =     10.531493

  Iteration =   241
  Wannier centers and Spreads (Omega)
    Center   1 = (    0.000000,   -0.000001,    0.000002 )  Omega =      1.857920
    Center   2 = (    0.000000,    0.000001,   -0.000001 )  Omega =      3.861339
    Center   3 = (    0.000001,    0.000003,    0.000026 )  Omega =      2.392108
    Center   4 = (   -0.000001,    0.000001,   -0.000073 )  Omega =      2.384834

  ! Center Sum = (   -0.000001,    0.000004,   -0.000046 )  Omega =     10.496201

  Iteration =   251
  Wannier centers and Spreads (Omega)
    Center   1 = (    0.000000,   -0.000001,    0.000002 )  Omega =      1.840483
    Center   2 = (    0.000000,    0.000001,   -0.000001 )  Omega =      3.850787
    Center   3 = (    0.000001,    0.000003,    0.000026 )  Omega =      2.392108
    Center   4 = (   -0.000001,    0.000001,   -0.000073 )  Omega =      2.384834

  ! Center Sum = (   -0.000001,    0.000004,   -0.000046 )  Omega =     10.468212

  Iteration =   261
  Wannier centers and Spreads (Omega)
    Center   1 = (    0.000000,   -0.000001,    0.000002 )  Omega =      1.826334
    Center   2 = (    0.000000,    0.000001,   -0.000001 )  Omega =      3.842404
    Center   3 = (    0.000001,    0.000003,    0.000026 )  Omega =      2.392108
    Center   4 = (   -0.000001,    0.000001,   -0.000073 )  Omega =      2.384834

  ! Center Sum = (   -0.000001,    0.000004,   -0.000046 )  Omega =     10.445680

  Iteration =   271
  Wannier centers and Spreads (Omega)
    Center   1 = (   -0.000001,   -0.000001,    0.000002 )  Omega =      1.814727
    Center   2 = (    0.000000,    0.000001,   -0.000001 )  Omega =      3.835720
    Center   3 = (    0.000001,    0.000003,    0.000026 )  Omega =      2.392108
    Center   4 = (   -0.000001,    0.000001,   -0.000073 )  Omega =      2.384834

  ! Center Sum = (   -0.000001,    0.000004,   -0.000046 )  Omega =     10.427389

  Iteration =   281
  Wannier centers and Spreads (Omega)
    Center   1 = (   -0.000001,   -0.000001,    0.000002 )  Omega =      1.805134
    Center   2 = (    0.000000,    0.000001,   -0.000001 )  Omega =      3.830394
    Center   3 = (    0.000001,    0.000003,    0.000026 )  Omega =      2.392108
    Center   4 = (   -0.000001,    0.000001,   -0.000073 )  Omega =      2.384834

  ! Center Sum = (   -0.000001,    0.000004,   -0.000046 )  Omega =     10.412470

  Iteration =   291
  Wannier centers and Spreads (Omega)
    Center   1 = (   -0.000001,   -0.000001,    0.000002 )  Omega =      1.797167
    Center   2 = (    0.000000,    0.000001,   -0.000001 )  Omega =      3.826164
    Center   3 = (    0.000001,    0.000003,    0.000026 )  Omega =      2.392108
    Center   4 = (   -0.000001,    0.000001,   -0.000073 )  Omega =      2.384834

  ! Center Sum = (   -0.000001,    0.000004,   -0.000046 )  Omega =     10.400272

  Iteration =   301
  Wannier centers and Spreads (Omega)
    Center   1 = (   -0.000001,   -0.000001,    0.000002 )  Omega =      1.790524
    Center   2 = (    0.000000,    0.000001,   -0.000001 )  Omega =      3.822819
    Center   3 = (    0.000001,    0.000003,    0.000026 )  Omega =      2.392108
    Center   4 = (   -0.000001,    0.000001,   -0.000073 )  Omega =      2.384834

  ! Center Sum = (   -0.000001,    0.000004,   -0.000046 )  Omega =     10.390285

  Iteration =   311
  Wannier centers and Spreads (Omega)
    Center   1 = (   -0.000001,   -0.000001,    0.000002 )  Omega =      1.784968
    Center   2 = (    0.000000,    0.000001,   -0.000001 )  Omega =      3.820192
    Center   3 = (    0.000001,    0.000003,    0.000026 )  Omega =      2.392108
    Center   4 = (   -0.000001,    0.000001,   -0.000073 )  Omega =      2.384834

  ! Center Sum = (   -0.000001,    0.000004,   -0.000046 )  Omega =     10.382102

  Iteration =   321
  Wannier centers and Spreads (Omega)
    Center   1 = (   -0.000001,   -0.000001,    0.000002 )  Omega =      1.780308
    Center   2 = (    0.000000,    0.000001,   -0.000001 )  Omega =      3.818145
    Center   3 = (    0.000001,    0.000003,    0.000026 )  Omega =      2.392109
    Center   4 = (   -0.000001,    0.000002,   -0.000073 )  Omega =      2.384834

  ! Center Sum = (   -0.000001,    0.000004,   -0.000046 )  Omega =     10.375395

  Iteration =   331
  Wannier centers and Spreads (Omega)
    Center   1 = (   -0.000001,   -0.000001,    0.000002 )  Omega =      1.776390
    Center   2 = (    0.000000,    0.000001,   -0.000001 )  Omega =      3.816564
    Center   3 = (    0.000001,    0.000003,    0.000026 )  Omega =      2.392109
    Center   4 = (   -0.000001,    0.000002,   -0.000073 )  Omega =      2.384834

  ! Center Sum = (   -0.000001,    0.000004,   -0.000046 )  Omega =     10.369896

  Iteration =   341
  Wannier centers and Spreads (Omega)
    Center   1 = (   -0.000001,   -0.000001,    0.000002 )  Omega =      1.773088
    Center   2 = (    0.000000,    0.000001,   -0.000001 )  Omega =      3.815357
    Center   3 = (    0.000001,    0.000003,    0.000026 )  Omega =      2.392109
    Center   4 = (   -0.000001,    0.000002,   -0.000073 )  Omega =      2.384833

  ! Center Sum = (   -0.000001,    0.000004,   -0.000046 )  Omega =     10.365387

  Iteration =   351
  Wannier centers and Spreads (Omega)
    Center   1 = (   -0.000001,   -0.000001,    0.000002 )  Omega =      1.770298
    Center   2 = (    0.000000,    0.000001,   -0.000001 )  Omega =      3.814451
    Center   3 = (    0.000001,    0.000003,    0.000026 )  Omega =      2.392109
    Center   4 = (   -0.000001,    0.000002,   -0.000073 )  Omega =      2.384833

  ! Center Sum = (   -0.000001,    0.000004,   -0.000046 )  Omega =     10.361690

  Iteration =   361
  Wannier centers and Spreads (Omega)
    Center   1 = (   -0.000001,   -0.000001,    0.000002 )  Omega =      1.767935
    Center   2 = (    0.000000,    0.000001,   -0.000001 )  Omega =      3.813782
    Center   3 = (    0.000001,    0.000003,    0.000026 )  Omega =      2.392109
    Center   4 = (   -0.000001,    0.000002,   -0.000073 )  Omega =      2.384833

  ! Center Sum = (   -0.000001,    0.000004,   -0.000046 )  Omega =     10.358659

  Iteration =   371
  Wannier centers and Spreads (Omega)
    Center   1 = (   -0.000001,   -0.000001,    0.000002 )  Omega =      1.765929
    Center   2 = (    0.000000,    0.000001,   -0.000001 )  Omega =      3.813303
    Center   3 = (    0.000001,    0.000003,    0.000026 )  Omega =      2.392109
    Center   4 = (   -0.000001,    0.000002,   -0.000073 )  Omega =      2.384833

  ! Center Sum = (   -0.000001,    0.000004,   -0.000046 )  Omega =     10.356174

  Iteration =   381
  Wannier centers and Spreads (Omega)
    Center   1 = (   -0.000001,   -0.000001,    0.000002 )  Omega =      1.764222
    Center   2 = (    0.000000,    0.000001,   -0.000001 )  Omega =      3.812972
    Center   3 = (    0.000001,    0.000003,    0.000026 )  Omega =      2.392109
    Center   4 = (   -0.000001,    0.000002,   -0.000073 )  Omega =      2.384833

  ! Center Sum = (   -0.000001,    0.000004,   -0.000046 )  Omega =     10.354136

  Iteration =   391
  Wannier centers and Spreads (Omega)
    Center   1 = (   -0.000001,   -0.000001,    0.000002 )  Omega =      1.762766
    Center   2 = (    0.000000,    0.000001,   -0.000001 )  Omega =      3.812757
    Center   3 = (    0.000001,    0.000003,    0.000026 )  Omega =      2.392109
    Center   4 = (   -0.000001,    0.000002,   -0.000073 )  Omega =      2.384833

  ! Center Sum = (   -0.000001,    0.000004,   -0.000046 )  Omega =     10.352465

  Iteration =   401
  Wannier centers and Spreads (Omega)
    Center   1 = (   -0.000001,   -0.000001,    0.000002 )  Omega =      1.761521
    Center   2 = (    0.000000,    0.000001,   -0.000001 )  Omega =      3.812632
    Center   3 = (    0.000001,    0.000003,    0.000026 )  Omega =      2.392109
    Center   4 = (   -0.000001,    0.000002,   -0.000073 )  Omega =      2.384833

  ! Center Sum = (   -0.000001,    0.000004,   -0.000046 )  Omega =     10.351094

  Iteration =   411
  Wannier centers and Spreads (Omega)
    Center   1 = (   -0.000001,   -0.000001,    0.000002 )  Omega =      1.760453
    Center   2 = (    0.000000,    0.000001,   -0.000001 )  Omega =      3.812576
    Center   3 = (    0.000001,    0.000003,    0.000026 )  Omega =      2.392109
    Center   4 = (   -0.000001,    0.000002,   -0.000073 )  Omega =      2.384833

  ! Center Sum = (   -0.000001,    0.000004,   -0.000046 )  Omega =     10.349971

  Iteration =   421
  Wannier centers and Spreads (Omega)
    Center   1 = (   -0.000001,   -0.000001,    0.000002 )  Omega =      1.759536
    Center   2 = (    0.000000,    0.000001,   -0.000001 )  Omega =      3.812572
    Center   3 = (    0.000001,    0.000003,    0.000026 )  Omega =      2.392109
    Center   4 = (   -0.000001,    0.000002,   -0.000073 )  Omega =      2.384833

  ! Center Sum = (   -0.000001,    0.000004,   -0.000046 )  Omega =     10.349050

  Iteration =   431
  Wannier centers and Spreads (Omega)
    Center   1 = (   -0.000001,   -0.000001,    0.000002 )  Omega =      1.758778
    Center   2 = (    0.000000,    0.000001,   -0.000001 )  Omega =      3.812605
    Center   3 = (    0.000001,    0.000003,    0.000026 )  Omega =      2.392109
    Center   4 = (   -0.000001,    0.000002,   -0.000073 )  Omega =      2.384833

  ! Center Sum = (   -0.000001,    0.000004,   -0.000046 )  Omega =     10.348325

  Iteration =   441
  Wannier centers and Spreads (Omega)
    Center   1 = (   -0.000001,   -0.000001,    0.000002 )  Omega =      1.758119
    Center   2 = (    0.000000,    0.000001,   -0.000001 )  Omega =      3.812664
    Center   3 = (    0.000001,    0.000003,    0.000026 )  Omega =      2.392109
    Center   4 = (   -0.000001,    0.000002,   -0.000073 )  Omega =      2.384833

  ! Center Sum = (   -0.000001,    0.000004,   -0.000046 )  Omega =     10.347725

  Iteration =   451
  Wannier centers and Spreads (Omega)
    Center   1 = (   -0.000001,   -0.000001,    0.000003 )  Omega =      1.757545
    Center   2 = (    0.000000,    0.000001,   -0.000001 )  Omega =      3.812742
    Center   3 = (    0.000001,    0.000003,    0.000026 )  Omega =      2.392109
    Center   4 = (   -0.000001,    0.000002,   -0.000073 )  Omega =      2.384833

  ! Center Sum = (   -0.000001,    0.000004,   -0.000046 )  Omega =     10.347229

  Iteration =   461
  Wannier centers and Spreads (Omega)
    Center   1 = (   -0.000001,   -0.000001,    0.000003 )  Omega =      1.757044
    Center   2 = (    0.000000,    0.000001,   -0.000001 )  Omega =      3.812832
    Center   3 = (    0.000001,    0.000003,    0.000026 )  Omega =      2.392109
    Center   4 = (   -0.000001,    0.000002,   -0.000073 )  Omega =      2.384833

  ! Center Sum = (   -0.000001,    0.000004,   -0.000046 )  Omega =     10.346818

  Iteration =   471
  Wannier centers and Spreads (Omega)
    Center   1 = (   -0.000001,   -0.000001,    0.000003 )  Omega =      1.756606
    Center   2 = (    0.000000,    0.000001,   -0.000001 )  Omega =      3.812932
    Center   3 = (    0.000001,    0.000003,    0.000026 )  Omega =      2.392109
    Center   4 = (   -0.000001,    0.000002,   -0.000073 )  Omega =      2.384833

  ! Center Sum = (   -0.000001,    0.000004,   -0.000046 )  Omega =     10.346479

  Iteration =   481
  Wannier centers and Spreads (Omega)
    Center   1 = (   -0.000001,   -0.000001,    0.000003 )  Omega =      1.756221
    Center   2 = (    0.000000,    0.000001,   -0.000001 )  Omega =      3.813035
    Center   3 = (    0.000001,    0.000003,    0.000026 )  Omega =      2.392109
    Center   4 = (   -0.000001,    0.000002,   -0.000073 )  Omega =      2.384833

  ! Center Sum = (   -0.000001,    0.000004,   -0.000046 )  Omega =     10.346198

  Iteration =   491
  Wannier centers and Spreads (Omega)
    Center   1 = (   -0.000001,   -0.000001,    0.000003 )  Omega =      1.755883
    Center   2 = (    0.000000,    0.000001,   -0.000001 )  Omega =      3.813141
    Center   3 = (    0.000001,    0.000003,    0.000026 )  Omega =      2.392109
    Center   4 = (   -0.000001,    0.000002,   -0.000073 )  Omega =      2.384833

  ! Center Sum = (   -0.000001,    0.000004,   -0.000046 )  Omega =     10.345966

  Iteration =   501
  Wannier centers and Spreads (Omega)
    Center   1 = (   -0.000001,   -0.000001,    0.000003 )  Omega =      1.755598
    Center   2 = (    0.000000,    0.000001,   -0.000001 )  Omega =      3.813242
    Center   3 = (    0.000001,    0.000003,    0.000026 )  Omega =      2.392109
    Center   4 = (   -0.000001,    0.000002,   -0.000073 )  Omega =      2.384833

  ! Center Sum = (   -0.000001,    0.000004,   -0.000046 )  Omega =     10.345782

  Iteration =   511
  Wannier centers and Spreads (Omega)
    Center   1 = (   -0.000001,   -0.000001,    0.000003 )  Omega =      1.755357
    Center   2 = (    0.000000,    0.000001,   -0.000001 )  Omega =      3.813336
    Center   3 = (    0.000001,    0.000003,    0.000026 )  Omega =      2.392109
    Center   4 = (   -0.000001,    0.000002,   -0.000073 )  Omega =      2.384833

  ! Center Sum = (   -0.000001,    0.000004,   -0.000046 )  Omega =     10.345635

  Iteration =   521
  Wannier centers and Spreads (Omega)
    Center   1 = (   -0.000001,   -0.000001,    0.000003 )  Omega =      1.755142
    Center   2 = (    0.000000,    0.000001,   -0.000002 )  Omega =      3.813428
    Center   3 = (    0.000001,    0.000003,    0.000026 )  Omega =      2.392109
    Center   4 = (   -0.000001,    0.000002,   -0.000073 )  Omega =      2.384833

  ! Center Sum = (   -0.000001,    0.000004,   -0.000046 )  Omega =     10.345512

  Iteration =   531
  Wannier centers and Spreads (Omega)
    Center   1 = (   -0.000001,   -0.000001,    0.000003 )  Omega =      1.754949
    Center   2 = (    0.000000,    0.000001,   -0.000002 )  Omega =      3.813517
    Center   3 = (    0.000001,    0.000003,    0.000026 )  Omega =      2.392109
    Center   4 = (   -0.000001,    0.000002,   -0.000073 )  Omega =      2.384833

  ! Center Sum = (   -0.000001,    0.000005,   -0.000046 )  Omega =     10.345408

  Iteration =   541
  Wannier centers and Spreads (Omega)
    Center   1 = (   -0.000001,   -0.000001,    0.000003 )  Omega =      1.754776
    Center   2 = (    0.000000,    0.000001,   -0.000002 )  Omega =      3.813603
    Center   3 = (    0.000001,    0.000003,    0.000026 )  Omega =      2.392109
    Center   4 = (   -0.000001,    0.000002,   -0.000073 )  Omega =      2.384833

  ! Center Sum = (   -0.000001,    0.000005,   -0.000046 )  Omega =     10.345320

  ======================================================================
  =                        Convergence Achieved                        =
  ======================================================================


  Wannier function ordering : NONE

  Final Wannier centers and Spreads (Omega)
    Center   1 = (   -0.000001,   -0.000001,    0.000003 )  Omega =      1.754696
    Center   2 = (    0.000000,    0.000001,   -0.000002 )  Omega =      3.813644
    Center   3 = (    0.000001,    0.000003,    0.000026 )  Omega =      2.392109
    Center   4 = (   -0.000001,    0.000002,   -0.000073 )  Omega =      2.384833

  ! Center Sum = (   -0.000001,    0.000005,   -0.000046 )  Omega =     10.345282

  Spread Operator decomposition: 
    OmegaI    =       7.202904728
    OmegaD    =       0.000000000
    OmegaOD   =       3.142377001

    Omega Tot =      10.345281729
  Omega variation:
    Delta Omega 1   =  -0.94829546E-06
    Delta Omega 2   =  -0.14121180E-13
    Delta Omega 3   =  -0.92968411E-14
    Delta Omega Tot =  -0.94829548E-06

  Derivative =   0.0000E+00 -0.9488E-06
  ======================================================================

  Wannier transformation data written on file: al_WanT.wan

   <global routines>
             clock number :     7

                  wannier :     4.92s CPU 
 
                  overlap :     0.47s CPU
                  bshells :     0.04s CPU
          overlap_extract :     0.42s CPU
                     init :     0.01s CPU
               iterations :     4.40s CPU
                    write :     0.04s CPU


