
     Program POST-PROC v.3.2    starts ...
     Today is 19May2007 at  3:41:12 

     nbndx  =    80  nbnd   =    80  natomwfc =    32  npwx   =    4340
     nelec  =  32.00  nkb   =    64  ngl    =    4439

     negative rho (up, down):  0.129E-02 0.000E+00
