
     Program POST-PROC v.2.0.4  starts ...
     Today is 23Nov2004 at 14: 4:42 

     nbndx  =    16  nbnd   =    16  natomwfc =     8  npwx   =     869
     nelec  =    8.00 nkb   =     8  ngl    =     117
 Crystal basis vectors, in unit of alat =    10.5994780000000     
 a(1) -0.500000  0.000000  0.500000
 a(2)  0.000000  0.500000  0.500000
 a(3) -0.500000  0.500000  0.000000
 Atomic positions ( lattice coordinates )
 Specie Si  atoms =            2
 tau(1)  0.000000  0.000000  0.000000
 tau(2)  0.250000  0.250000  0.250000
 Atomic positions ( From PW )
 tau(1)  0.000000  0.000000  0.000000
 tau(2) -0.250000  0.250000  0.250000
 k    1 869   85.374952    0.000000    0.000000    0.000000 0
 k    2 827   85.374952   -0.250000    0.250000   -0.250000 0
 k    3 832   85.374952   -0.500000    0.500000   -0.500000 0
 k    4 827   85.374952   -0.750000    0.750000   -0.750000 0
 k    5 827   85.374952    0.250000    0.250000    0.250000 0
 k    6 833   85.374952    0.000000    0.500000    0.000000 0
 k    7 822   85.374952   -0.250000    0.750000   -0.250000 0
 k    8 819   85.374952   -0.500000    1.000000   -0.500000 0
 k    9 832   85.374952    0.500000    0.500000    0.500000 0
 k   10 822   85.374952    0.250000    0.750000    0.250000 0
 k   11 806   85.374952    0.000000    1.000000    0.000000 0
 k   12 822   85.374952   -0.250000    1.250000   -0.250000 0
 k   13 827   85.374952    0.750000    0.750000    0.750000 0
 k   14 819   85.374952    0.500000    1.000000    0.500000 0
 k   15 822   85.374952    0.250000    1.250000    0.250000 0
 k   16 833   85.374952    0.000000    1.500000    0.000000 0
 k   17 827   85.374952   -0.250000   -0.250000    0.250000 0
 k   18 833   85.374952   -0.500000    0.000000    0.000000 0
 k   19 822   85.374952   -0.750000    0.250000   -0.250000 0
 k   20 819   85.374952   -1.000000    0.500000   -0.500000 0
 k   21 833   85.374952    0.000000    0.000000    0.500000 0
 k   22 827   85.374952   -0.250000    0.250000    0.250000 0
 k   23 819   85.374952   -0.500000    0.500000    0.000000 0
 k   24 822   85.374952   -0.750000    0.750000   -0.250000 0
 k   25 822   85.374952    0.250000    0.250000    0.750000 0
 k   26 819   85.374952    0.000000    0.500000    0.500000 0
 k   27 822   85.374952   -0.250000    0.750000    0.250000 0
 k   28 848   85.374952   -0.500000    1.000000    0.000000 0
 k   29 819   85.374952    0.500000    0.500000    1.000000 0
 k   30 822   85.374952    0.250000    0.750000    0.750000 0
 k   31 848   85.374952    0.000000    1.000000    0.500000 0
 k   32 822   85.374952   -0.250000    1.250000    0.250000 0
 k   33 832   85.374952   -0.500000   -0.500000    0.500000 0
 k   34 822   85.374952   -0.750000   -0.250000    0.250000 0
 k   35 806   85.374952   -1.000000    0.000000    0.000000 0
 k   36 822   85.374952   -1.250000    0.250000   -0.250000 0
 k   37 822   85.374952   -0.250000   -0.250000    0.750000 0
 k   38 819   85.374952   -0.500000    0.000000    0.500000 0
 k   39 822   85.374952   -0.750000    0.250000    0.250000 0
 k   40 848   85.374952   -1.000000    0.500000    0.000000 0
 k   41 806   85.374952    0.000000    0.000000    1.000000 0
 k   42 822   85.374952   -0.250000    0.250000    0.750000 0
 k   43 832   85.374952   -0.500000    0.500000    0.500000 0
 k   44 822   85.374952   -0.750000    0.750000    0.250000 0
 k   45 822   85.374952    0.250000    0.250000    1.250000 0
 k   46 848   85.374952    0.000000    0.500000    1.000000 0
 k   47 822   85.374952   -0.250000    0.750000    0.750000 0
 k   48 819   85.374952   -0.500000    1.000000    0.500000 0
 k   49 827   85.374952   -0.750000   -0.750000    0.750000 0
 k   50 819   85.374952   -1.000000   -0.500000    0.500000 0
 k   51 822   85.374952   -1.250000   -0.250000    0.250000 0
 k   52 833   85.374952   -1.500000    0.000000    0.000000 0
 k   53 819   85.374952   -0.500000   -0.500000    1.000000 0
 k   54 822   85.374952   -0.750000   -0.250000    0.750000 0
 k   55 848   85.374952   -1.000000    0.000000    0.500000 0
 k   56 822   85.374952   -1.250000    0.250000    0.250000 0
 k   57 822   85.374952   -0.250000   -0.250000    1.250000 0
 k   58 848   85.374952   -0.500000    0.000000    1.000000 0
 k   59 822   85.374952   -0.750000    0.250000    0.750000 0
 k   60 819   85.374952   -1.000000    0.500000    0.500000 0
 k   61 833   85.374952    0.000000    0.000000    1.500000 0
 k   62 822   85.374952   -0.250000    0.250000    1.250000 0
 k   63 819   85.374952   -0.500000    0.500000    1.000000 0
 k   64 827   85.374952   -0.750000    0.750000    0.750000 0
 Wave function dimensions ( npwx, nbnd, nkstot, nspin) =          869
          16          64           1
 combining indexes
 Grid  ( nr1, nr2, nr3, ngm_g, npw_g, ikw ) =           27          27
          27        6615        1243          64
 K-points (reciprocal lattice coordinates) 
 ik =   1  0.000000  0.000000  0.000000 0
 ik =   2 -0.250000  0.250000 -0.250000 0
 ik =   3 -0.500000  0.500000 -0.500000 0
 ik =   4 -0.750000  0.750000 -0.750000 0
 ik =   5  0.250000  0.250000  0.250000 0
 ik =   6  0.000000  0.500000  0.000000 0
 ik =   7 -0.250000  0.750000 -0.250000 0
 ik =   8 -0.500000  1.000000 -0.500000 0
 ik =   9  0.500000  0.500000  0.500000 0
 ik =  10  0.250000  0.750000  0.250000 0
 ik =  11  0.000000  1.000000  0.000000 0
 ik =  12 -0.250000  1.250000 -0.250000 0
 ik =  13  0.750000  0.750000  0.750000 0
 ik =  14  0.500000  1.000000  0.500000 0
 ik =  15  0.250000  1.250000  0.250000 0
 ik =  16  0.000000  1.500000  0.000000 0
 ik =  17 -0.250000 -0.250000  0.250000 0
 ik =  18 -0.500000  0.000000  0.000000 0
 ik =  19 -0.750000  0.250000 -0.250000 0
 ik =  20 -1.000000  0.500000 -0.500000 0
 ik =  21  0.000000  0.000000  0.500000 0
 ik =  22 -0.250000  0.250000  0.250000 0
 ik =  23 -0.500000  0.500000  0.000000 0
 ik =  24 -0.750000  0.750000 -0.250000 0
 ik =  25  0.250000  0.250000  0.750000 0
 ik =  26  0.000000  0.500000  0.500000 0
 ik =  27 -0.250000  0.750000  0.250000 0
 ik =  28 -0.500000  1.000000  0.000000 0
 ik =  29  0.500000  0.500000  1.000000 0
 ik =  30  0.250000  0.750000  0.750000 0
 ik =  31  0.000000  1.000000  0.500000 0
 ik =  32 -0.250000  1.250000  0.250000 0
 ik =  33 -0.500000 -0.500000  0.500000 0
 ik =  34 -0.750000 -0.250000  0.250000 0
 ik =  35 -1.000000  0.000000  0.000000 0
 ik =  36 -1.250000  0.250000 -0.250000 0
 ik =  37 -0.250000 -0.250000  0.750000 0
 ik =  38 -0.500000  0.000000  0.500000 0
 ik =  39 -0.750000  0.250000  0.250000 0
 ik =  40 -1.000000  0.500000  0.000000 0
 ik =  41  0.000000  0.000000  1.000000 0
 ik =  42 -0.250000  0.250000  0.750000 0
 ik =  43 -0.500000  0.500000  0.500000 0
 ik =  44 -0.750000  0.750000  0.250000 0
 ik =  45  0.250000  0.250000  1.250000 0
 ik =  46  0.000000  0.500000  1.000000 0
 ik =  47 -0.250000  0.750000  0.750000 0
 ik =  48 -0.500000  1.000000  0.500000 0
 ik =  49 -0.750000 -0.750000  0.750000 0
 ik =  50 -1.000000 -0.500000  0.500000 0
 ik =  51 -1.250000 -0.250000  0.250000 0
 ik =  52 -1.500000  0.000000  0.000000 0
 ik =  53 -0.500000 -0.500000  1.000000 0
 ik =  54 -0.750000 -0.250000  0.750000 0
 ik =  55 -1.000000  0.000000  0.500000 0
 ik =  56 -1.250000  0.250000  0.250000 0
 ik =  57 -0.250000 -0.250000  1.250000 0
 ik =  58 -0.500000  0.000000  1.000000 0
 ik =  59 -0.750000  0.250000  0.750000 0
 ik =  60 -1.000000  0.500000  0.500000 0
 ik =  61  0.000000  0.000000  1.500000 0
 ik =  62 -0.250000  0.250000  1.250000 0
 ik =  63 -0.500000  0.500000  1.000000 0
 ik =  64 -0.750000  0.750000  0.750000 0
 K-points in unit of 2PI/alat (cartesian coordinates) 
 ik =   1  0.000000  0.000000  0.000000 0
 ik =   2  0.000000  0.000000  0.250000 0
 ik =   3  0.000000  0.000000  0.500000 0
 ik =   4  0.000000  0.000000  0.750000 0
 ik =   5  0.000000  0.250000  0.000000 0
 ik =   6  0.000000  0.250000  0.250000 0
 ik =   7  0.000000  0.250000  0.500000 0
 ik =   8  0.000000  0.250000  0.750000 0
 ik =   9  0.000000  0.500000  0.000000 0
 ik =  10  0.000000  0.500000  0.250000 0
 ik =  11  0.000000  0.500000  0.500000 0
 ik =  12  0.000000  0.500000  0.750000 0
 ik =  13  0.000000  0.750000  0.000000 0
 ik =  14  0.000000  0.750000  0.250000 0
 ik =  15  0.000000  0.750000  0.500000 0
 ik =  16  0.000000  0.750000  0.750000 0
 ik =  17  0.250000  0.000000  0.000000 0
 ik =  18  0.250000  0.000000  0.250000 0
 ik =  19  0.250000  0.000000  0.500000 0
 ik =  20  0.250000  0.000000  0.750000 0
 ik =  21  0.250000  0.250000  0.000000 0
 ik =  22  0.250000  0.250000  0.250000 0
 ik =  23  0.250000  0.250000  0.500000 0
 ik =  24  0.250000  0.250000  0.750000 0
 ik =  25  0.250000  0.500000  0.000000 0
 ik =  26  0.250000  0.500000  0.250000 0
 ik =  27  0.250000  0.500000  0.500000 0
 ik =  28  0.250000  0.500000  0.750000 0
 ik =  29  0.250000  0.750000  0.000000 0
 ik =  30  0.250000  0.750000  0.250000 0
 ik =  31  0.250000  0.750000  0.500000 0
 ik =  32  0.250000  0.750000  0.750000 0
 ik =  33  0.500000  0.000000  0.000000 0
 ik =  34  0.500000  0.000000  0.250000 0
 ik =  35  0.500000  0.000000  0.500000 0
 ik =  36  0.500000  0.000000  0.750000 0
 ik =  37  0.500000  0.250000  0.000000 0
 ik =  38  0.500000  0.250000  0.250000 0
 ik =  39  0.500000  0.250000  0.500000 0
 ik =  40  0.500000  0.250000  0.750000 0
 ik =  41  0.500000  0.500000  0.000000 0
 ik =  42  0.500000  0.500000  0.250000 0
 ik =  43  0.500000  0.500000  0.500000 0
 ik =  44  0.500000  0.500000  0.750000 0
 ik =  45  0.500000  0.750000  0.000000 0
 ik =  46  0.500000  0.750000  0.250000 0
 ik =  47  0.500000  0.750000  0.500000 0
 ik =  48  0.500000  0.750000  0.750000 0
 ik =  49  0.750000  0.000000  0.000000 0
 ik =  50  0.750000  0.000000  0.250000 0
 ik =  51  0.750000  0.000000  0.500000 0
 ik =  52  0.750000  0.000000  0.750000 0
 ik =  53  0.750000  0.250000  0.000000 0
 ik =  54  0.750000  0.250000  0.250000 0
 ik =  55  0.750000  0.250000  0.500000 0
 ik =  56  0.750000  0.250000  0.750000 0
 ik =  57  0.750000  0.500000  0.000000 0
 ik =  58  0.750000  0.500000  0.250000 0
 ik =  59  0.750000  0.500000  0.500000 0
 ik =  60  0.750000  0.500000  0.750000 0
 ik =  61  0.750000  0.750000  0.000000 0
 ik =  62  0.750000  0.750000  0.250000 0
 ik =  63  0.750000  0.750000  0.500000 0
 ik =  64  0.750000  0.750000  0.750000 0
