  ======================================================================
              =                                            =
              =     *** WanT *** Wannier Transport Code    =
              =        (www.wannier-transport.org)         =
              =      Ultra Soft Pseudopotential Implem.    =
              =                                            =
  ======================================================================


  Program <wannier>  v. 1.1.1  starts ...
  Date 23Apr2005 at 14: 3:48 


  PW-DFT data read from file: chain4.export/index.xml

  ======================================================================
  =                                Main                                =
  ======================================================================

            Calculation Title :     Wannier Transport Calculation
                       Prefix :     chain4
                      Postfix :     _WanT
            Working directory :     ./LEADS/

                 Restart Mode :     from_scratch
                Overlap Calc. :     TRUE 
             Projection Calc. :     TRUE 
          Read Start Subspace :     FALSE
       Read Start Unitary mat :     FALSE

<WANNIER_FUNCTIONS>
  Input parameters for Wannier func. calculation
    Number of Wannier functions required =    8
    CG minim: Mixing parameter (alpha0_wan)=  0.500
    CG minim: Max iteration number =    10
    Minimization convergence threshold =     0.000001000
    SD minim: Mixing parameter (alpha1_wan) =  0.500
    SD minim: Max iteration number =  1000
    Every   9 iteration perform a CG minimization (ncg)
    Number of k-point shells =   2
    Chosen shells (indexes) =   1  4
    Print info each  10 iterations
    Save data each   10 iterations
    Starting minimization guess = center_projections
    Ordering mode = none
    Verbosity = medium
    Unitariery check threshold =     0.000000010
</WANNIER_FUNCTIONS>

<DISENTANGLE>
  Input parameters for subspace definition
    Spin component = none
    Mixing parameter (alpha_dis)=  0.500
    Max iteration number =   300
    Starting minimization guess = center_projections
    Disentangle convergence threshold =     0.000000010
    Print info each  10 iterations
    Save data each   10 iterations
</DISENTANGLE>

<TRIAL_CENTERS>
  Trial centers: (cart. coord. in Bohr)
    Center =   1 Type = 1gauss  Center  = (    1.152732653    0.000000000    0.000000000 )
    Center =   2 Type = 1gauss  Center  = (    1.152732653    0.000000000    0.000000000 )
    Center =   3 Type = 1gauss  Center  = (    1.152732653    0.000000000    0.000000000 )
    Center =   4 Type = 1gauss  Center  = (    3.741658403    0.000000000    0.000000000 )
    Center =   5 Type = 1gauss  Center  = (    6.330584153    0.000000000    0.000000000 )
    Center =   6 Type = 1gauss  Center  = (    6.330584153    0.000000000    0.000000000 )
    Center =   7 Type = 1gauss  Center  = (    6.330584153    0.000000000    0.000000000 )
    Center =   8 Type = 1gauss  Center  = (    8.919509903    0.000000000    0.000000000 )
</TRIAL_CENTERS>


  ======================================================================
  =                              DFT data                              =
  ======================================================================

<LATTICE>
  Alat  =      10.3557030 (Bohr)
  Alat  =       5.4799998 (Ang )
  Omega =    5622.1676973 (Bohr^3)
  Omega =     833.1183020 (Ang^3 )

  Crystal axes:
                in units of Bohr                 in Alat units
    a(1) = ( 10.3557  0.0000  0.0000 )     (   1.0000  0.0000  0.0000 )
    a(2) = (  0.0000 23.3003  0.0000 )     (   0.0000  2.2500  0.0000 )
    a(3) = (  0.0000  0.0000 23.3003 )     (   0.0000  0.0000  2.2500 )
  Crystal axes: (Ang)
    a(1) = (  5.4800  0.0000  0.0000 )
    a(2) = (  0.0000 12.3300  0.0000 )
    a(3) = (  0.0000  0.0000 12.3300 )

   Reciprocal lattice vectors:
                in units of Bohr^-1              in 2Pi/Alat units
    b(1) = (  0.6067  0.0000  0.0000 )     (   1.0000  0.0000  0.0000 )
    b(2) = (  0.0000  0.2697  0.0000 )     (   0.0000  0.4444  0.0000 )
    b(3) = (  0.0000  0.0000  0.2697 )     (   0.0000  0.0000  0.4444 )
</LATTICE>

<IONS>
  Number of chemical species =  1
     Pseudo( 1) = C.blyp-mt.UPF

     Pseudo( 1) is C          zval =  4.0   lmax= 0   lloc= 0
     (in numerical form:   279 grid points, xmin =  0.00, dx = 0.0000)

  Atomic positions: (cart. coord. in units of alat)
     C    tau(   1 ) = (   0.0000000   0.0000000   0.0000000 )
     C    tau(   2 ) = (   0.2226277   0.0000000   0.0000000 )
     C    tau(   3 ) = (   0.5000000   0.0000000   0.0000000 )
     C    tau(   4 ) = (   0.7226277   0.0000000   0.0000000 )
</IONS>

<K-POINTS>
  nkpts =    8
  Monkhorst-Pack grid:      nk = (  8  1  1 ),      shift = (  0  0  0 )
  K-point calculation: (cart. coord. in Bohr^-1)
    k point   1:   (   0.00000  0.00000  0.00000 ),   weight =   0.1250
    k point   2:   (   0.07584  0.00000  0.00000 ),   weight =   0.1250
    k point   3:   (   0.15168  0.00000  0.00000 ),   weight =   0.1250
    k point   4:   (   0.22753  0.00000  0.00000 ),   weight =   0.1250
    k point   5:   (   0.30337  0.00000  0.00000 ),   weight =   0.1250
    k point   6:   (   0.37921  0.00000  0.00000 ),   weight =   0.1250
    k point   7:   (   0.45505  0.00000  0.00000 ),   weight =   0.1250
    k point   8:   (   0.53089  0.00000  0.00000 ),   weight =   0.1250
</K-POINTS>

<B-SHELL>
  Nearest-neighbour shells for k-point 1: (in Bohr^-1)
    shell (  1 )    radius =   0.07584
    shell (  2 )    radius =   0.15168
    shell (  3 )    radius =   0.22753
    shell (  4 )    radius =   0.26966
    shell (  5 )    radius =   0.28012
    shell (  6 )    radius =   0.30337
    shell (  7 )    radius =   0.30939
    shell (  8 )    radius =   0.35282
    shell (  9 )    radius =   0.37921
    shell ( 10 )    radius =   0.38136
    shell ( 11 )    radius =   0.38883
    shell ( 12 )    radius =   0.40589

  Number of nearest-neighbours for K-point 1 (representetive for the BZ):
    shell (  1 )    neighbours  =    2
    shell (  4 )    neighbours  =    4

  List of the  6 vectors b_k: (Bohr^-1) 
    b_k   1:   (   0.07584  0.00000  0.00000 ),   weight =  86.9259
    b_k   2:   (  -0.07584  0.00000  0.00000 ),   weight =  86.9259
    b_k   3:   (   0.00000 -0.26966  0.00000 ),   weight =   6.8760
    b_k   4:   (   0.00000  0.00000 -0.26966 ),   weight =   6.8760
    b_k   5:   (   0.00000  0.00000  0.26966 ),   weight =   6.8760
    b_k   6:   (   0.00000  0.26966  0.00000 ),   weight =   6.8760

  The  3  bk directions are (Bohr^-1):
    dir 1:   (   0.07584  0.00000  0.00000 ) 
    dir 2:   (   0.00000 -0.26966  0.00000 ) 
    dir 3:   (   0.00000  0.00000 -0.26966 ) 
</B-SHELL>

<WINDOWS>
  Definition of energy windows: (energies in eV)
    outer window: E  = ( -22.0000 ,  -4.5000 )
    Max number of bands within the energy window =     8

  Electronic Structure from DFT calculation:
    nkpts =   8,     nbnd =  12,
    nspin =   1
    Fermi energy =   -4.264098339 eV

    kpt =  1 (  0.000 0.000 0.000 )    dimwin =    8
                                         imin =    1  imax =    8
   Eigenvalues:
   -21.1969 -19.0879 -16.7412 -12.5642  -9.1045  -9.1045  -5.5450  -5.5450
    -2.9741  -2.9741  -0.2232  -0.0720

    kpt =  2 (  0.125 0.000 0.000 )    dimwin =    8
                                         imin =    1  imax =    8
   Eigenvalues:
   -21.1467 -19.2493 -16.5011 -12.7353  -9.0319  -9.0319  -5.9106  -5.9106
    -2.4549  -2.4549  -0.1650   0.1569

    kpt =  3 (  0.250 0.000 0.000 )    dimwin =    8
                                         imin =    1  imax =    8
   Eigenvalues:
   -21.0036 -19.6180 -15.9404 -13.1351  -8.8189  -8.8189  -6.6368  -6.6368
    -1.3532  -1.3532   0.0493   0.7739

    kpt =  4 (  0.375 0.000 0.000 )    dimwin =    8
                                         imin =    1  imax =    8
   Eigenvalues:
   -20.7699 -20.0295 -15.2314 -13.7635  -8.4704  -8.4704  -7.3400  -7.3400
    -0.0108  -0.0108   0.4175   1.5131

    kpt =  5 (  0.500 0.000 0.000 )    dimwin =    8
                                         imin =    1  imax =    8
   Eigenvalues:
   -20.4388 -20.4388 -14.4769 -14.4769  -7.9670  -7.9670  -7.9670  -7.9670
     1.4328   1.4328   1.4328   1.4328

    kpt =  6 (  0.625 0.000 0.000 )    dimwin =    8
                                         imin =    1  imax =    8
   Eigenvalues:
   -20.7699 -20.0295 -15.2314 -13.7635  -8.4704  -8.4704  -7.3400  -7.3400
    -0.0108  -0.0108   0.4175   1.5131

    kpt =  7 (  0.750 0.000 0.000 )    dimwin =    8
                                         imin =    1  imax =    8
   Eigenvalues:
   -21.0036 -19.6180 -15.9404 -13.1351  -8.8189  -8.8189  -6.6368  -6.6368
    -1.3532  -1.3532   0.0493   0.7739

    kpt =  8 (  0.875 0.000 0.000 )    dimwin =    8
                                         imin =    1  imax =    8
   Eigenvalues:
   -21.1467 -19.2493 -16.5011 -12.7353  -9.0319  -9.0319  -5.9106  -5.9106
    -2.4549  -2.4549  -0.1650   0.1569

    inner window: NOT used --> NO FROZEN STATES
</WINDOWS>


  Subspace data read from file: chain4_WanT.spaces
  Overlap and projections read from file: chain4_WanT.ovp

  Overlaps and projections setup completed
                              Total time spent up to now :     0.32 secs


  ======================================================================
  =                  Starting localization procedure                   =
  ======================================================================


  Wannier centers (Bohr) and Spreads Omega (Bohr^2):
    Center   1 = (   -7.577212,    0.000000,    0.000000 )  Omega =    294.994856
    Center   2 = (   15.059861,    0.000000,    0.000000 )  Omega =    671.342741
    Center   3 = (    3.745607,    0.000000,    0.000000 )  Omega =    925.887632
    Center   4 = (   -1.440526,    0.000000,    0.000000 )  Omega =    525.376271
    Center   5 = (   -0.557244,    0.000000,    0.000000 )  Omega =    689.695885
    Center   6 = (   -3.645753,    0.000000,    0.000000 )  Omega =    574.794133
    Center   7 = (   -1.249756,    0.000000,    0.000000 )  Omega =    687.277887
    Center   8 = (   -4.032600,    0.000000,    0.000000 )  Omega =    308.541811
  ! Center Sum = (    0.302376,    0.000000,    0.000000 )  Omega =   4677.911216

  Spread Operator decomposition (Bohr^2): 
    OmegaI    =      29.212076214
    OmegaD    =    4239.994051818
    OmegaOD   =     408.705087654
    Omega Tot =    4677.911215686


  ======================================================================
  =                      Starting iteration loop                       =
  ======================================================================


  Iteration =     1
  Wannier centers (Bohr) and Spreads Omega (Bohr^2):
    Center   1 = (    1.152520,    0.000000,    0.000000 )  Omega =      1.971585
    Center   2 = (    1.152627,    0.000000,    0.000000 )  Omega =      6.590395
    Center   3 = (    1.152627,    0.000000,    0.000000 )  Omega =      6.590394
    Center   4 = (    3.741346,    0.000000,    0.000000 )  Omega =      2.275625
    Center   5 = (    6.330372,    0.000000,    0.000000 )  Omega =      1.971585
    Center   6 = (    6.330479,    0.000000,    0.000000 )  Omega =      6.590395
    Center   7 = (    6.330479,    0.000000,    0.000000 )  Omega =      6.590394
    Center   8 = (    8.919197,    0.000000,    0.000000 )  Omega =      2.275625
  ! Center Sum = (   35.109646,    0.000000,    0.000000 )  Omega =     34.855999

  Omega variation (Bohr^2):     -0.000022
                              Total time spent up to now :     0.33 secs


  Iteration =    10
  Wannier centers (Bohr) and Spreads Omega (Bohr^2):
    Center   1 = (    1.152520,    0.000000,    0.000000 )  Omega =      1.971310
    Center   2 = (    1.152627,    0.000000,    0.000000 )  Omega =      6.590395
    Center   3 = (    1.152627,    0.000000,    0.000000 )  Omega =      6.590394
    Center   4 = (    3.741346,    0.000000,    0.000000 )  Omega =      2.275809
    Center   5 = (    6.330372,    0.000000,    0.000000 )  Omega =      1.971310
    Center   6 = (    6.330479,    0.000000,    0.000000 )  Omega =      6.590395
    Center   7 = (    6.330479,    0.000000,    0.000000 )  Omega =      6.590394
    Center   8 = (    8.919197,    0.000000,    0.000000 )  Omega =      2.275809
  ! Center Sum = (   35.109646,    0.000000,    0.000000 )  Omega =     34.855815

  Omega variation (Bohr^2):     -0.000020
                              Total time spent up to now :     0.39 secs


  Iteration =    20
  Wannier centers (Bohr) and Spreads Omega (Bohr^2):
    Center   1 = (    1.152521,    0.000000,    0.000000 )  Omega =      1.968263
    Center   2 = (    1.152626,    0.000000,    0.000000 )  Omega =      6.590395
    Center   3 = (    1.152626,    0.000000,    0.000000 )  Omega =      6.590394
    Center   4 = (    3.741345,    0.000000,    0.000000 )  Omega =      2.278043
    Center   5 = (    6.330373,    0.000000,    0.000000 )  Omega =      1.968263
    Center   6 = (    6.330478,    0.000000,    0.000000 )  Omega =      6.590395
    Center   7 = (    6.330478,    0.000000,    0.000000 )  Omega =      6.590394
    Center   8 = (    8.919196,    0.000000,    0.000000 )  Omega =      2.278043
  ! Center Sum = (   35.109642,    0.000000,    0.000000 )  Omega =     34.854191

  Omega variation (Bohr^2):     -0.000058
                              Total time spent up to now :     0.49 secs


  Iteration =    30
  Wannier centers (Bohr) and Spreads Omega (Bohr^2):
    Center   1 = (    1.152522,    0.000000,    0.000000 )  Omega =      1.965849
    Center   2 = (    1.152626,    0.000000,    0.000000 )  Omega =      6.590395
    Center   3 = (    1.152626,    0.000000,    0.000000 )  Omega =      6.590394
    Center   4 = (    3.741344,    0.000000,    0.000000 )  Omega =      2.279900
    Center   5 = (    6.330373,    0.000000,    0.000000 )  Omega =      1.965849
    Center   6 = (    6.330478,    0.000000,    0.000000 )  Omega =      6.590395
    Center   7 = (    6.330478,    0.000000,    0.000000 )  Omega =      6.590394
    Center   8 = (    8.919195,    0.000000,    0.000000 )  Omega =      2.279900
  ! Center Sum = (   35.109641,    0.000000,    0.000000 )  Omega =     34.853078

  Omega variation (Bohr^2):     -0.000063
                              Total time spent up to now :     0.57 secs


  Iteration =    40
  Wannier centers (Bohr) and Spreads Omega (Bohr^2):
    Center   1 = (    1.152522,    0.000000,    0.000000 )  Omega =      1.963831
    Center   2 = (    1.152626,    0.000000,    0.000000 )  Omega =      6.590395
    Center   3 = (    1.152626,    0.000000,    0.000000 )  Omega =      6.590394
    Center   4 = (    3.741343,    0.000000,    0.000000 )  Omega =      2.281500
    Center   5 = (    6.330374,    0.000000,    0.000000 )  Omega =      1.963831
    Center   6 = (    6.330477,    0.000000,    0.000000 )  Omega =      6.590395
    Center   7 = (    6.330477,    0.000000,    0.000000 )  Omega =      6.590394
    Center   8 = (    8.919195,    0.000000,    0.000000 )  Omega =      2.281500
  ! Center Sum = (   35.109640,    0.000000,    0.000000 )  Omega =     34.852239

  Omega variation (Bohr^2):     -0.000062
                              Total time spent up to now :     0.68 secs


  Iteration =    50
  Wannier centers (Bohr) and Spreads Omega (Bohr^2):
    Center   1 = (    1.152523,    0.000000,    0.000000 )  Omega =      1.962095
    Center   2 = (    1.152626,    0.000000,    0.000000 )  Omega =      6.590395
    Center   3 = (    1.152626,    0.000000,    0.000000 )  Omega =      6.590394
    Center   4 = (    3.741343,    0.000000,    0.000000 )  Omega =      2.282916
    Center   5 = (    6.330374,    0.000000,    0.000000 )  Omega =      1.962095
    Center   6 = (    6.330477,    0.000000,    0.000000 )  Omega =      6.590395
    Center   7 = (    6.330477,    0.000000,    0.000000 )  Omega =      6.590394
    Center   8 = (    8.919194,    0.000000,    0.000000 )  Omega =      2.282916
  ! Center Sum = (   35.109640,    0.000000,    0.000000 )  Omega =     34.851601

  Omega variation (Bohr^2):     -0.000057
                              Total time spent up to now :     0.77 secs


  Iteration =    60
  Wannier centers (Bohr) and Spreads Omega (Bohr^2):
    Center   1 = (    1.152523,    0.000000,    0.000000 )  Omega =      1.960591
    Center   2 = (    1.152626,    0.000000,    0.000000 )  Omega =      6.590395
    Center   3 = (    1.152626,    0.000000,    0.000000 )  Omega =      6.590394
    Center   4 = (    3.741342,    0.000000,    0.000000 )  Omega =      2.284179
    Center   5 = (    6.330375,    0.000000,    0.000000 )  Omega =      1.960591
    Center   6 = (    6.330477,    0.000000,    0.000000 )  Omega =      6.590395
    Center   7 = (    6.330477,    0.000000,    0.000000 )  Omega =      6.590394
    Center   8 = (    8.919194,    0.000000,    0.000000 )  Omega =      2.284179
  ! Center Sum = (   35.109640,    0.000000,    0.000000 )  Omega =     34.851119

  Omega variation (Bohr^2):     -0.000050
                              Total time spent up to now :     0.88 secs


  Iteration =    70
  Wannier centers (Bohr) and Spreads Omega (Bohr^2):
    Center   1 = (    1.152523,    0.000000,    0.000000 )  Omega =      1.959287
    Center   2 = (    1.152626,    0.000000,    0.000000 )  Omega =      6.590395
    Center   3 = (    1.152626,    0.000000,    0.000000 )  Omega =      6.590394
    Center   4 = (    3.741342,    0.000000,    0.000000 )  Omega =      2.285303
    Center   5 = (    6.330375,    0.000000,    0.000000 )  Omega =      1.959287
    Center   6 = (    6.330477,    0.000000,    0.000000 )  Omega =      6.590395
    Center   7 = (    6.330477,    0.000000,    0.000000 )  Omega =      6.590394
    Center   8 = (    8.919193,    0.000000,    0.000000 )  Omega =      2.285303
  ! Center Sum = (   35.109639,    0.000000,    0.000000 )  Omega =     34.850758

  Omega variation (Bohr^2):     -0.000043
                              Total time spent up to now :     1.00 secs


  Iteration =    80
  Wannier centers (Bohr) and Spreads Omega (Bohr^2):
    Center   1 = (    1.152524,    0.000000,    0.000000 )  Omega =      1.958196
    Center   2 = (    1.152626,    0.000000,    0.000000 )  Omega =      6.590395
    Center   3 = (    1.152626,    0.000000,    0.000000 )  Omega =      6.590394
    Center   4 = (    3.741342,    0.000000,    0.000000 )  Omega =      2.286261
    Center   5 = (    6.330375,    0.000000,    0.000000 )  Omega =      1.958196
    Center   6 = (    6.330477,    0.000000,    0.000000 )  Omega =      6.590395
    Center   7 = (    6.330477,    0.000000,    0.000000 )  Omega =      6.590394
    Center   8 = (    8.919193,    0.000000,    0.000000 )  Omega =      2.286261
  ! Center Sum = (   35.109639,    0.000000,    0.000000 )  Omega =     34.850494

  Omega variation (Bohr^2):     -0.000036
                              Total time spent up to now :     1.11 secs


  Iteration =    90
  Wannier centers (Bohr) and Spreads Omega (Bohr^2):
    Center   1 = (    1.152524,    0.000000,    0.000000 )  Omega =      1.957245
    Center   2 = (    1.152626,    0.000000,    0.000000 )  Omega =      6.590395
    Center   3 = (    1.152626,    0.000000,    0.000000 )  Omega =      6.590394
    Center   4 = (    3.741342,    0.000000,    0.000000 )  Omega =      2.287114
    Center   5 = (    6.330375,    0.000000,    0.000000 )  Omega =      1.957245
    Center   6 = (    6.330477,    0.000000,    0.000000 )  Omega =      6.590395
    Center   7 = (    6.330477,    0.000000,    0.000000 )  Omega =      6.590394
    Center   8 = (    8.919193,    0.000000,    0.000000 )  Omega =      2.287114
  ! Center Sum = (   35.109639,    0.000000,    0.000000 )  Omega =     34.850296

  Omega variation (Bohr^2):     -0.000029
                              Total time spent up to now :     1.22 secs


  Iteration =   100
  Wannier centers (Bohr) and Spreads Omega (Bohr^2):
    Center   1 = (    1.152524,    0.000000,    0.000000 )  Omega =      1.956568
    Center   2 = (    1.152626,    0.000000,    0.000000 )  Omega =      6.590395
    Center   3 = (    1.152626,    0.000000,    0.000000 )  Omega =      6.590394
    Center   4 = (    3.741341,    0.000000,    0.000000 )  Omega =      2.287729
    Center   5 = (    6.330375,    0.000000,    0.000000 )  Omega =      1.956568
    Center   6 = (    6.330477,    0.000000,    0.000000 )  Omega =      6.590395
    Center   7 = (    6.330477,    0.000000,    0.000000 )  Omega =      6.590394
    Center   8 = (    8.919193,    0.000000,    0.000000 )  Omega =      2.287729
  ! Center Sum = (   35.109639,    0.000000,    0.000000 )  Omega =     34.850173

  Omega variation (Bohr^2):     -0.000001
                              Total time spent up to now :     1.33 secs



  ======================================================================
  =                        Convergence Achieved                        =
  ======================================================================


  Wannier function ordering : none

  Wannier centers (Bohr) and Spreads Omega (Bohr^2):
    Center   1 = (    1.152524,    0.000000,    0.000000 )  Omega =      1.956568
    Center   2 = (    1.152626,    0.000000,    0.000000 )  Omega =      6.590395
    Center   3 = (    1.152626,    0.000000,    0.000000 )  Omega =      6.590394
    Center   4 = (    3.741341,    0.000000,    0.000000 )  Omega =      2.287729
    Center   5 = (    6.330375,    0.000000,    0.000000 )  Omega =      1.956568
    Center   6 = (    6.330477,    0.000000,    0.000000 )  Omega =      6.590395
    Center   7 = (    6.330477,    0.000000,    0.000000 )  Omega =      6.590394
    Center   8 = (    8.919193,    0.000000,    0.000000 )  Omega =      2.287729
  ! Center Sum = (   35.109639,    0.000000,    0.000000 )  Omega =     34.850173

  Spread Operator decomposition (Bohr^2): 
    OmegaI    =      29.212076214
    OmegaD    =       0.000000000
    OmegaOD   =       5.638096302
    Omega Tot =      34.850172516

                              Total time spent up to now :     1.35 secs


  Unitary transf. matrixes written on file: chain4_WanT.wan
  ======================================================================

   <global routines>
             clock number :     9

                  wannier :     1.37s CPU 
 
                want_init :     0.03s CPU
                  bshells :     0.01s CPU
          overlap_extract :     0.27s CPU
                     init :     0.01s CPU
                    omega :     0.14s CPU (     192 calls,   0.001 s avg)
           overlap_update :     0.12s CPU (     191 calls,   0.001 s avg)
               iterations :     1.02s CPU
                   domega :     0.28s CPU (     100 calls,   0.003 s avg)


